Archive member included to satisfy reference by file (symbol)

d:/programs/truestudio for stm32 9.3.0/armtools/bin/../lib/gcc/arm-atollic-eabi/6.3.1/../../../../arm-atollic-eabi/lib/armv7-m\libstdc++_nano.a(new_op.o)
                              src\CC1101.o (operator new(unsigned int))
d:/programs/truestudio for stm32 9.3.0/armtools/bin/../lib/gcc/arm-atollic-eabi/6.3.1/../../../../arm-atollic-eabi/lib/armv7-m\libstdc++_nano.a(new_handler.o)
                              d:/programs/truestudio for stm32 9.3.0/armtools/bin/../lib/gcc/arm-atollic-eabi/6.3.1/../../../../arm-atollic-eabi/lib/armv7-m\libstdc++_nano.a(new_op.o) (std::get_new_handler())
d:/programs/truestudio for stm32 9.3.0/armtools/bin/../lib/gcc/arm-atollic-eabi/6.3.1/../../../../arm-atollic-eabi/lib/armv7-m\libc_nano.a(lib_a-abort.o)
                              d:/programs/truestudio for stm32 9.3.0/armtools/bin/../lib/gcc/arm-atollic-eabi/6.3.1/../../../../arm-atollic-eabi/lib/armv7-m\libstdc++_nano.a(new_op.o) (abort)
d:/programs/truestudio for stm32 9.3.0/armtools/bin/../lib/gcc/arm-atollic-eabi/6.3.1/../../../../arm-atollic-eabi/lib/armv7-m\libc_nano.a(lib_a-init.o)
                              src\startup_stm32f10x_md.o (__libc_init_array)
d:/programs/truestudio for stm32 9.3.0/armtools/bin/../lib/gcc/arm-atollic-eabi/6.3.1/../../../../arm-atollic-eabi/lib/armv7-m\libc_nano.a(lib_a-malloc.o)
                              FreeRTOS_Source\portable\MemMang\heap_3.o (malloc)
d:/programs/truestudio for stm32 9.3.0/armtools/bin/../lib/gcc/arm-atollic-eabi/6.3.1/../../../../arm-atollic-eabi/lib/armv7-m\libc_nano.a(lib_a-memcpy-stub.o)
                              FreeRTOS_Source\queue.o (memcpy)
d:/programs/truestudio for stm32 9.3.0/armtools/bin/../lib/gcc/arm-atollic-eabi/6.3.1/../../../../arm-atollic-eabi/lib/armv7-m\libc_nano.a(lib_a-memset.o)
                              FreeRTOS_Source\stream_buffer.o (memset)
d:/programs/truestudio for stm32 9.3.0/armtools/bin/../lib/gcc/arm-atollic-eabi/6.3.1/../../../../arm-atollic-eabi/lib/armv7-m\libc_nano.a(lib_a-nano-freer.o)
                              d:/programs/truestudio for stm32 9.3.0/armtools/bin/../lib/gcc/arm-atollic-eabi/6.3.1/../../../../arm-atollic-eabi/lib/armv7-m\libc_nano.a(lib_a-malloc.o) (_free_r)
d:/programs/truestudio for stm32 9.3.0/armtools/bin/../lib/gcc/arm-atollic-eabi/6.3.1/../../../../arm-atollic-eabi/lib/armv7-m\libc_nano.a(lib_a-nano-mallocr.o)
                              d:/programs/truestudio for stm32 9.3.0/armtools/bin/../lib/gcc/arm-atollic-eabi/6.3.1/../../../../arm-atollic-eabi/lib/armv7-m\libc_nano.a(lib_a-malloc.o) (_malloc_r)
d:/programs/truestudio for stm32 9.3.0/armtools/bin/../lib/gcc/arm-atollic-eabi/6.3.1/../../../../arm-atollic-eabi/lib/armv7-m\libc_nano.a(lib_a-sbrkr.o)
                              d:/programs/truestudio for stm32 9.3.0/armtools/bin/../lib/gcc/arm-atollic-eabi/6.3.1/../../../../arm-atollic-eabi/lib/armv7-m\libc_nano.a(lib_a-nano-mallocr.o) (_sbrk_r)
d:/programs/truestudio for stm32 9.3.0/armtools/bin/../lib/gcc/arm-atollic-eabi/6.3.1/../../../../arm-atollic-eabi/lib/armv7-m\libc_nano.a(lib_a-signal.o)
                              d:/programs/truestudio for stm32 9.3.0/armtools/bin/../lib/gcc/arm-atollic-eabi/6.3.1/../../../../arm-atollic-eabi/lib/armv7-m\libc_nano.a(lib_a-abort.o) (raise)
d:/programs/truestudio for stm32 9.3.0/armtools/bin/../lib/gcc/arm-atollic-eabi/6.3.1/../../../../arm-atollic-eabi/lib/armv7-m\libc_nano.a(lib_a-signalr.o)
                              d:/programs/truestudio for stm32 9.3.0/armtools/bin/../lib/gcc/arm-atollic-eabi/6.3.1/../../../../arm-atollic-eabi/lib/armv7-m\libc_nano.a(lib_a-signal.o) (_kill_r)
d:/programs/truestudio for stm32 9.3.0/armtools/bin/../lib/gcc/arm-atollic-eabi/6.3.1/../../../../arm-atollic-eabi/lib/armv7-m\libc_nano.a(lib_a-strlen.o)
                              src\tiny_printf.o (strlen)
d:/programs/truestudio for stm32 9.3.0/armtools/bin/../lib/gcc/arm-atollic-eabi/6.3.1/../../../../arm-atollic-eabi/lib/armv7-m\libc_nano.a(lib_a-impure.o)
                              d:/programs/truestudio for stm32 9.3.0/armtools/bin/../lib/gcc/arm-atollic-eabi/6.3.1/../../../../arm-atollic-eabi/lib/armv7-m\libc_nano.a(lib_a-malloc.o) (_impure_ptr)
d:/programs/truestudio for stm32 9.3.0/armtools/bin/../lib/gcc/arm-atollic-eabi/6.3.1/../../../../arm-atollic-eabi/lib/armv7-m\libc_nano.a(lib_a-mlock.o)
                              d:/programs/truestudio for stm32 9.3.0/armtools/bin/../lib/gcc/arm-atollic-eabi/6.3.1/../../../../arm-atollic-eabi/lib/armv7-m\libc_nano.a(lib_a-nano-freer.o) (__malloc_lock)
d:/programs/truestudio for stm32 9.3.0/armtools/bin/../lib/gcc/arm-atollic-eabi/6.3.1/../../../../arm-atollic-eabi/lib/armv7-m\libc_nano.a(lib_a-reent.o)
                              d:/programs/truestudio for stm32 9.3.0/armtools/bin/../lib/gcc/arm-atollic-eabi/6.3.1/../../../../arm-atollic-eabi/lib/armv7-m\libc_nano.a(lib_a-sbrkr.o) (errno)
[...]
Memory Configuration

Name             Origin             Length             Attributes
FLASH            0x08000000         0x00020000         xr
RAM              0x20000000         0x00005000         xrw
MEMORY_B1        0x60000000         0x00000000         xr
*default*        0x00000000         0xffffffff

Linker script and memory map

LOAD d:/programs/truestudio for stm32 9.3.0/armtools/bin/../lib/gcc/arm-atollic-eabi/6.3.1/armv7-m/crti.o
LOAD d:/programs/truestudio for stm32 9.3.0/armtools/bin/../lib/gcc/arm-atollic-eabi/6.3.1/armv7-m/crtbegin.o
LOAD FreeRTOS_Source\croutine.o
LOAD FreeRTOS_Source\event_groups.o
LOAD FreeRTOS_Source\list.o
LOAD FreeRTOS_Source\portable\GCC\ARM_CM3\port.o
LOAD FreeRTOS_Source\portable\MemMang\heap_3.o
LOAD FreeRTOS_Source\queue.o
LOAD FreeRTOS_Source\stream_buffer.o
LOAD FreeRTOS_Source\tasks.o
LOAD FreeRTOS_Source\timers.o
LOAD Libraries\STM32F10x_StdPeriph_Driver\src\misc.o
LOAD Libraries\STM32F10x_StdPeriph_Driver\src\stm32f10x_adc.o
LOAD Libraries\STM32F10x_StdPeriph_Driver\src\stm32f10x_bkp.o
LOAD Libraries\STM32F10x_StdPeriph_Driver\src\stm32f10x_can.o
LOAD Libraries\STM32F10x_StdPeriph_Driver\src\stm32f10x_cec.o
LOAD Libraries\STM32F10x_StdPeriph_Driver\src\stm32f10x_crc.o
LOAD Libraries\STM32F10x_StdPeriph_Driver\src\stm32f10x_dac.o
LOAD Libraries\STM32F10x_StdPeriph_Driver\src\stm32f10x_dbgmcu.o
LOAD Libraries\STM32F10x_StdPeriph_Driver\src\stm32f10x_dma.o
LOAD Libraries\STM32F10x_StdPeriph_Driver\src\stm32f10x_exti.o
LOAD Libraries\STM32F10x_StdPeriph_Driver\src\stm32f10x_flash.o
LOAD Libraries\STM32F10x_StdPeriph_Driver\src\stm32f10x_fsmc.o
LOAD Libraries\STM32F10x_StdPeriph_Driver\src\stm32f10x_gpio.o
LOAD Libraries\STM32F10x_StdPeriph_Driver\src\stm32f10x_i2c.o
LOAD Libraries\STM32F10x_StdPeriph_Driver\src\stm32f10x_iwdg.o
LOAD Libraries\STM32F10x_StdPeriph_Driver\src\stm32f10x_pwr.o
LOAD Libraries\STM32F10x_StdPeriph_Driver\src\stm32f10x_rcc.o
LOAD Libraries\STM32F10x_StdPeriph_Driver\src\stm32f10x_rtc.o
LOAD Libraries\STM32F10x_StdPeriph_Driver\src\stm32f10x_sdio.o
LOAD Libraries\STM32F10x_StdPeriph_Driver\src\stm32f10x_spi.o
LOAD Libraries\STM32F10x_StdPeriph_Driver\src\stm32f10x_tim.o
LOAD Libraries\STM32F10x_StdPeriph_Driver\src\stm32f10x_usart.o
LOAD Libraries\STM32F10x_StdPeriph_Driver\src\stm32f10x_wwdg.o
LOAD src\CC1101.o
LOAD src\canbustask.o
LOAD src\cc11x_class.o
LOAD src\main.o
LOAD src\startup_stm32f10x_md.o
LOAD src\stm32f1xx_it.o
LOAD src\system_stm32f10x.o
LOAD src\tiny_printf.o
                0x00001000                malloc_getpagesize_P = 0x1000
START GROUP
LOAD d:/programs/truestudio for stm32 9.3.0/armtools/bin/../lib/gcc/arm-atollic-eabi/6.3.1/../../../../arm-atollic-eabi/lib/armv7-m\libstdc++_nano.a
LOAD d:/programs/truestudio for stm32 9.3.0/armtools/bin/../lib/gcc/arm-atollic-eabi/6.3.1/../../../../arm-atollic-eabi/lib/armv7-m\libsupc++_nano.a
END GROUP
LOAD d:/programs/truestudio for stm32 9.3.0/armtools/bin/../lib/gcc/arm-atollic-eabi/6.3.1/../../../../arm-atollic-eabi/lib/armv7-m\libstdc++_nano.a
LOAD d:/programs/truestudio for stm32 9.3.0/armtools/bin/../lib/gcc/arm-atollic-eabi/6.3.1/../../../../arm-atollic-eabi/lib/armv7-m\libm.a
LOAD d:/programs/truestudio for stm32 9.3.0/armtools/bin/../lib/gcc/arm-atollic-eabi/6.3.1/../../../../arm-atollic-eabi/lib/armv7-m\libc_nano.a
START GROUP
LOAD d:/programs/truestudio for stm32 9.3.0/armtools/bin/../lib/gcc/arm-atollic-eabi/6.3.1/armv7-m\libgcc.a
LOAD d:/programs/truestudio for stm32 9.3.0/armtools/bin/../lib/gcc/arm-atollic-eabi/6.3.1/../../../../arm-atollic-eabi/lib/armv7-m\libc_nano.a
END GROUP
START GROUP
LOAD d:/programs/truestudio for stm32 9.3.0/armtools/bin/../lib/gcc/arm-atollic-eabi/6.3.1/armv7-m\libgcc.a
LOAD d:/programs/truestudio for stm32 9.3.0/armtools/bin/../lib/gcc/arm-atollic-eabi/6.3.1/../../../../arm-atollic-eabi/lib/armv7-m\libc_nano.a
LOAD d:/programs/truestudio for stm32 9.3.0/armtools/bin/../lib/gcc/arm-atollic-eabi/6.3.1/../../../../arm-atollic-eabi/lib/armv7-m\libnosys.a
END GROUP
START GROUP
LOAD d:/programs/truestudio for stm32 9.3.0/armtools/bin/../lib/gcc/arm-atollic-eabi/6.3.1/armv7-m\libgcc.a
LOAD d:/programs/truestudio for stm32 9.3.0/armtools/bin/../lib/gcc/arm-atollic-eabi/6.3.1/../../../../arm-atollic-eabi/lib/armv7-m\libc_nano.a
LOAD d:/programs/truestudio for stm32 9.3.0/armtools/bin/../lib/gcc/arm-atollic-eabi/6.3.1/../../../../arm-atollic-eabi/lib/armv7-m\libnosys.a
END GROUP
LOAD d:/programs/truestudio for stm32 9.3.0/armtools/bin/../lib/gcc/arm-atollic-eabi/6.3.1/armv7-m/crtend.o
LOAD d:/programs/truestudio for stm32 9.3.0/armtools/bin/../lib/gcc/arm-atollic-eabi/6.3.1/armv7-m/crtn.o
                0x20005000                _estack = 0x20005000
                0x00000000                _Min_Heap_Size = 0x0
                0x00000100                _Min_Stack_Size = 0x100

.isr_vector     0x08000000      0x10c
                0x08000000                . = ALIGN (0x4)
 *(.isr_vector)
 .isr_vector    0x08000000      0x10c src\startup_stm32f10x_md.o
                0x08000000                g_pfnVectors
                0x0800010c                . = ALIGN (0x4)

.text           0x08000110     0x3104
                0x08000110                . = ALIGN (0x4)
 *(.text)
 .text          0x08000110       0x40 d:/programs/truestudio for stm32 9.3.0/armtools/bin/../lib/gcc/arm-atollic-eabi/6.3.1/armv7-m/crtbegin.o
 *(.text*)
 .text.vListInitialise
                0x08000150       0x3e FreeRTOS_Source\list.o
                0x08000150                vListInitialise
 .text.vListInitialiseItem
                0x0800018e       0x18 FreeRTOS_Source\list.o
                0x0800018e                vListInitialiseItem
 .text.vListInsertEnd
                0x080001a6       0x46 FreeRTOS_Source\list.o
                0x080001a6                vListInsertEnd
 .text.vListInsert
                0x080001ec       0x70 FreeRTOS_Source\list.o
                0x080001ec                vListInsert
 .text.uxListRemove
                0x0800025c       0x52 FreeRTOS_Source\list.o
                0x0800025c                uxListRemove
 *fill*         0x080002ae        0x2 
 .text.pxPortInitialiseStack
                0x080002b0       0x58 FreeRTOS_Source\portable\GCC\ARM_CM3\port.o
                0x080002b0                pxPortInitialiseStack
 .text.prvTaskExitError
                0x08000308       0x50 FreeRTOS_Source\portable\GCC\ARM_CM3\port.o
 *fill*         0x08000358        0x8 
 .text.SVC_Handler
                0x08000360       0x28 FreeRTOS_Source\portable\GCC\ARM_CM3\port.o
                0x08000360                SVC_Handler
 .text.prvPortStartFirstTask
                0x08000388       0x20 FreeRTOS_Source\portable\GCC\ARM_CM3\port.o
 .text.xPortStartScheduler
                0x080003a8       0xe0 FreeRTOS_Source\portable\GCC\ARM_CM3\port.o
                0x080003a8                xPortStartScheduler
 .text.vPortEnterCritical
                0x08000488       0x5c FreeRTOS_Source\portable\GCC\ARM_CM3\port.o
                0x08000488                vPortEnterCritical
 .text.vPortExitCritical
                0x080004e4       0x4c FreeRTOS_Source\portable\GCC\ARM_CM3\port.o
                0x080004e4                vPortExitCritical
 .text.PendSV_Handler
                0x08000530       0x48 FreeRTOS_Source\portable\GCC\ARM_CM3\port.o
                0x08000530                PendSV_Handler
 .text.SysTick_Handler
                0x08000578       0x40 FreeRTOS_Source\portable\GCC\ARM_CM3\port.o
                0x08000578                SysTick_Handler
 .text.vPortSetupTimerInterrupt
                0x080005b8       0x34 FreeRTOS_Source\portable\GCC\ARM_CM3\port.o
                0x080005b8                vPortSetupTimerInterrupt
 .text.vPortValidateInterruptPriority
                0x080005ec       0x78 FreeRTOS_Source\portable\GCC\ARM_CM3\port.o
                0x080005ec                vPortValidateInterruptPriority
 .text.pvPortMalloc
                0x08000664       0x24 FreeRTOS_Source\portable\MemMang\heap_3.o
                0x08000664                pvPortMalloc
 .text.vPortFree
                0x08000688       0x24 FreeRTOS_Source\portable\MemMang\heap_3.o
                0x08000688                vPortFree
 .text.xQueueGenericReset
                0x080006ac       0xd0 FreeRTOS_Source\queue.o
                0x080006ac                xQueueGenericReset
 .text.xQueueGenericCreate
                0x0800077c       0x6a FreeRTOS_Source\queue.o
                0x0800077c                xQueueGenericCreate
 .text.prvInitialiseNewQueue
                0x080007e6       0x3e FreeRTOS_Source\queue.o
 .text.xQueueGenericSend
                0x08000824      0x1f4 FreeRTOS_Source\queue.o
                0x08000824                xQueueGenericSend
 .text.xQueueGenericSendFromISR
                0x08000a18      0x12e FreeRTOS_Source\queue.o
                0x08000a18                xQueueGenericSendFromISR
 *fill*         0x08000b46        0x2 
 .text.xQueueReceive
                0x08000b48      0x1b8 FreeRTOS_Source\queue.o
                0x08000b48                xQueueReceive
 .text.prvCopyDataToQueue
                0x08000d00       0xd4 FreeRTOS_Source\queue.o
 .text.prvCopyDataFromQueue
                0x08000dd4       0x4c FreeRTOS_Source\queue.o
 .text.prvUnlockQueue
                0x08000e20       0xa4 FreeRTOS_Source\queue.o
 .text.prvIsQueueEmpty
                0x08000ec4       0x2c FreeRTOS_Source\queue.o
 .text.prvIsQueueFull
                0x08000ef0       0x30 FreeRTOS_Source\queue.o
 .text.vQueueWaitForMessageRestricted
                0x08000f20       0x68 FreeRTOS_Source\queue.o
                0x08000f20                vQueueWaitForMessageRestricted
 .text.xTaskCreate
                0x08000f88       0x82 FreeRTOS_Source\tasks.o
                0x08000f88                xTaskCreate
 .text.prvInitialiseNewTask
                0x0800100a      0x10c FreeRTOS_Source\tasks.o
 *fill*         0x08001116        0x2 
 .text.prvAddNewTaskToReadyList
                0x08001118       0xd4 FreeRTOS_Source\tasks.o
 .text.vTaskDelay
                0x080011ec       0x68 FreeRTOS_Source\tasks.o
                0x080011ec                vTaskDelay
 .text.vTaskStartScheduler
                0x08001254       0x98 FreeRTOS_Source\tasks.o
                0x08001254                vTaskStartScheduler
 .text.vTaskSuspendAll
                0x080012ec       0x1c FreeRTOS_Source\tasks.o
                0x080012ec                vTaskSuspendAll
 .text.xTaskResumeAll
                0x08001308      0x138 FreeRTOS_Source\tasks.o
                0x08001308                xTaskResumeAll
 .text.xTaskGetTickCount
                0x08001440       0x1c FreeRTOS_Source\tasks.o
                0x08001440                xTaskGetTickCount
 .text.xTaskIncrementTick
                0x0800145c      0x170 FreeRTOS_Source\tasks.o
                0x0800145c                xTaskIncrementTick
 .text.vTaskSwitchContext
                0x080015cc       0xb4 FreeRTOS_Source\tasks.o
                0x080015cc                vTaskSwitchContext
 .text.vTaskPlaceOnEventList
                0x08001680       0x48 FreeRTOS_Source\tasks.o
                0x08001680                vTaskPlaceOnEventList
 .text.vTaskPlaceOnEventListRestricted
                0x080016c8       0x54 FreeRTOS_Source\tasks.o
                0x080016c8                vTaskPlaceOnEventListRestricted
 .text.xTaskRemoveFromEventList
                0x0800171c       0xc4 FreeRTOS_Source\tasks.o
                0x0800171c                xTaskRemoveFromEventList
 .text.vTaskInternalSetTimeOutState
                0x080017e0       0x2c FreeRTOS_Source\tasks.o
                0x080017e0                vTaskInternalSetTimeOutState
 .text.xTaskCheckForTimeOut
                0x0800180c       0xc0 FreeRTOS_Source\tasks.o
                0x0800180c                xTaskCheckForTimeOut
 .text.vTaskMissedYield
                0x080018cc       0x18 FreeRTOS_Source\tasks.o
                0x080018cc                vTaskMissedYield
 .text.prvIdleTask
                0x080018e4       0x30 FreeRTOS_Source\tasks.o
 .text.prvInitialiseTaskLists
                0x08001914       0x80 FreeRTOS_Source\tasks.o
 .text.prvCheckTasksWaitingTermination
                0x08001994       0x58 FreeRTOS_Source\tasks.o
 .text.prvDeleteTCB
                0x080019ec       0x20 FreeRTOS_Source\tasks.o
 .text.prvResetNextTaskUnblockTime
                0x08001a0c       0x40 FreeRTOS_Source\tasks.o
 .text.xTaskGetSchedulerState
                0x08001a4c       0x3c FreeRTOS_Source\tasks.o
                0x08001a4c                xTaskGetSchedulerState
 .text.xTaskPriorityDisinherit
                0x08001a88      0x108 FreeRTOS_Source\tasks.o
                0x08001a88                xTaskPriorityDisinherit
 .text.prvAddCurrentTaskToDelayedList
                0x08001b90       0xcc FreeRTOS_Source\tasks.o
 .text.xTimerCreateTimerTask
                0x08001c5c       0x60 FreeRTOS_Source\timers.o
                0x08001c5c                xTimerCreateTimerTask
 .text.xTimerGenericCommand
                0x08001cbc       0x98 FreeRTOS_Source\timers.o
                0x08001cbc                xTimerGenericCommand
 .text.prvProcessExpiredTimer
                0x08001d54       0x98 FreeRTOS_Source\timers.o
 .text.prvTimerTask
                0x08001dec       0x24 FreeRTOS_Source\timers.o
 .text.prvProcessTimerOrBlockTask
                0x08001e10       0x9c FreeRTOS_Source\timers.o
 .text.prvGetNextExpireTime
                0x08001eac       0x44 FreeRTOS_Source\timers.o
 .text.prvSampleTimeNow
                0x08001ef0       0x40 FreeRTOS_Source\timers.o
 .text.prvInsertTimerInActiveList
                0x08001f30       0x84 FreeRTOS_Source\timers.o
 .text.prvProcessReceivedCommands
                0x08001fb4      0x188 FreeRTOS_Source\timers.o
 .text.prvSwitchTimerLists
                0x0800213c       0xc8 FreeRTOS_Source\timers.o
 .text.prvCheckForValidListAndQueue
                0x08002204       0x54 FreeRTOS_Source\timers.o
 .text._Z10ARadioTaskPv
                0x08002258       0x7c src\CC1101.o
                0x08002258                ARadioTask(void*)
 .text._Z11ARadioTaskSPv
                0x080022d4       0x84 src\CC1101.o
                0x080022d4                ARadioTaskS(void*)
 .text._ZN12cc11xx_classC2EP10xTaskParamhPh
                0x08002358      0x2c0 src\cc11x_class.o
                0x08002358                cc11xx_class::cc11xx_class(xTaskParam*, unsigned char, unsigned char*)
                0x08002358                cc11xx_class::cc11xx_class(xTaskParam*, unsigned char, unsigned char*)
 .text._ZN12cc11xx_class10selectChipEv
                0x08002618       0x20 src\cc11x_class.o
                0x08002618                cc11xx_class::selectChip()
 .text._ZN12cc11xx_class12deselectChipEv
                0x08002638       0x20 src\cc11x_class.o
                0x08002638                cc11xx_class::deselectChip()
 .text._ZN12cc11xx_class7getMISOEv
                0x08002658       0x18 src\cc11x_class.o
                0x08002658                cc11xx_class::getMISO()
 .text._ZN12cc11xx_class7sendCmdEhh
                0x08002670       0xd0 src\cc11x_class.o
                0x08002670                cc11xx_class::sendCmd(unsigned char, unsigned char)
 .text._ZN12cc11xx_class10chekStatusEv
                0x08002740      0x130 src\cc11x_class.o
                0x08002740                cc11xx_class::chekStatus()
 .text._ZN12cc11xx_class6txPackEv
                0x08002870      0x112 src\cc11x_class.o
                0x08002870                cc11xx_class::txPack()
 .text._ZN12cc11xx_class6rxPackEv
                0x08002982      0x136 src\cc11x_class.o
                0x08002982                cc11xx_class::rxPack()
 .text._ZN12cc11xx_class7sendSTBEh
                0x08002ab8       0x7c src\cc11x_class.o
                0x08002ab8                cc11xx_class::sendSTB(unsigned char)
 .text.main     0x08002b34       0x8c src\main.o
                0x08002b34                main
 .text._Z16prvClockCoreInitv
                0x08002bc0       0xb4 src\main.o
                0x08002bc0                prvClockCoreInit()
 .text._Z20prvCommunicationInitv
                0x08002c74       0x54 src\main.o
                0x08002c74                prvCommunicationInit()
 .text._Z8run1TaskPv
                0x08002cc8       0x38 src\main.o
                0x08002cc8                run1Task(void*)
 .text.Reset_Handler
                0x08002d00       0x50 src\startup_stm32f10x_md.o
                0x08002d00                Reset_Handler
 .text.Default_Handler
                0x08002d50        0x2 src\startup_stm32f10x_md.o
                0x08002d50                EXTI2_IRQHandler
                0x08002d50                TIM1_CC_IRQHandler
                0x08002d50                PVD_IRQHandler
                0x08002d50                EXTI3_IRQHandler
                0x08002d50                EXTI0_IRQHandler
                0x08002d50                I2C2_EV_IRQHandler
                0x08002d50                ADC1_2_IRQHandler
                0x08002d50                SPI1_IRQHandler
                0x08002d50                TAMPER_IRQHandler
                0x08002d50                DMA1_Channel4_IRQHandler
                0x08002d50                USART3_IRQHandler
                0x08002d50                RTC_IRQHandler
                0x08002d50                DMA1_Channel7_IRQHandler
                0x08002d50                CAN1_RX1_IRQHandler
                0x08002d50                TIM4_IRQHandler
                0x08002d50                I2C1_EV_IRQHandler
                0x08002d50                DMA1_Channel6_IRQHandler
                0x08002d50                TIM3_IRQHandler
                0x08002d50                RCC_IRQHandler
                0x08002d50                TIM1_TRG_COM_IRQHandler
                0x08002d50                DMA1_Channel1_IRQHandler
                0x08002d50                Default_Handler
                0x08002d50                EXTI15_10_IRQHandler
                0x08002d50                EXTI9_5_IRQHandler
                0x08002d50                SPI2_IRQHandler
                0x08002d50                DMA1_Channel5_IRQHandler
                0x08002d50                EXTI4_IRQHandler
                0x08002d50                USB_LP_CAN1_RX0_IRQHandler
                0x08002d50                USB_HP_CAN1_TX_IRQHandler
                0x08002d50                DMA1_Channel3_IRQHandler
                0x08002d50                TIM1_UP_IRQHandler
                0x08002d50                WWDG_IRQHandler
                0x08002d50                TIM2_IRQHandler
                0x08002d50                TIM1_BRK_IRQHandler
                0x08002d50                EXTI1_IRQHandler
                0x08002d50                RTCAlarm_IRQHandler
                0x08002d50                USART2_IRQHandler
                0x08002d50                I2C2_ER_IRQHandler
                0x08002d50                DMA1_Channel2_IRQHandler
                0x08002d50                CAN1_SCE_IRQHandler
                0x08002d50                FLASH_IRQHandler
                0x08002d50                USART1_IRQHandler
                0x08002d50                I2C1_ER_IRQHandler
                0x08002d50                USBWakeUp_IRQHandler
 .text.NMI_Handler
                0x08002d52        0xc src\stm32f1xx_it.o
                0x08002d52                NMI_Handler
 .text.HardFault_Handler
                0x08002d5e        0x6 src\stm32f1xx_it.o
                0x08002d5e                HardFault_Handler
 .text.MemManage_Handler
                0x08002d64        0x6 src\stm32f1xx_it.o
                0x08002d64                MemManage_Handler
 .text.BusFault_Handler
                0x08002d6a        0x6 src\stm32f1xx_it.o
                0x08002d6a                BusFault_Handler
 .text.UsageFault_Handler
                0x08002d70        0x6 src\stm32f1xx_it.o
                0x08002d70                UsageFault_Handler
 .text.DebugMon_Handler
                0x08002d76        0xc src\stm32f1xx_it.o
                0x08002d76                DebugMon_Handler
 *fill*         0x08002d82        0x2 
 .text.SystemInit
                0x08002d84       0x68 src\system_stm32f10x.o
                0x08002d84                SystemInit
 .text.SetSysClock
                0x08002dec        0xc src\system_stm32f10x.o
 .text.SetSysClockTo56
                0x08002df8      0x100 src\system_stm32f10x.o
 .text._Znwj    0x08002ef8       0x22 d:/programs/truestudio for stm32 9.3.0/armtools/bin/../lib/gcc/arm-atollic-eabi/6.3.1/../../../../arm-atollic-eabi/lib/armv7-m\libstdc++_nano.a(new_op.o)
                0x08002ef8                operator new(unsigned int)
 *fill*         0x08002f1a        0x2 
 .text._ZSt15get_new_handlerv
                0x08002f1c       0x10 d:/programs/truestudio for stm32 9.3.0/armtools/bin/../lib/gcc/arm-atollic-eabi/6.3.1/../../../../arm-atollic-eabi/lib/armv7-m\libstdc++_nano.a(new_handler.o)
                0x08002f1c                std::get_new_handler()
 .text.abort    0x08002f2c        0xe d:/programs/truestudio for stm32 9.3.0/armtools/bin/../lib/gcc/arm-atollic-eabi/6.3.1/../../../../arm-atollic-eabi/lib/armv7-m\libc_nano.a(lib_a-abort.o)
                0x08002f2c                abort
 *fill*         0x08002f3a        0x2 
 .text.__libc_init_array
                0x08002f3c       0x48 d:/programs/truestudio for stm32 9.3.0/armtools/bin/../lib/gcc/arm-atollic-eabi/6.3.1/../../../../arm-atollic-eabi/lib/armv7-m\libc_nano.a(lib_a-init.o)
                0x08002f3c                __libc_init_array
 .text.malloc   0x08002f84       0x10 d:/programs/truestudio for stm32 9.3.0/armtools/bin/../lib/gcc/arm-atollic-eabi/6.3.1/../../../../arm-atollic-eabi/lib/armv7-m\libc_nano.a(lib_a-malloc.o)
                0x08002f84                malloc
 .text.free     0x08002f94       0x10 d:/programs/truestudio for stm32 9.3.0/armtools/bin/../lib/gcc/arm-atollic-eabi/6.3.1/../../../../arm-atollic-eabi/lib/armv7-m\libc_nano.a(lib_a-malloc.o)
                0x08002f94                free
 .text.memcpy   0x08002fa4       0x16 d:/programs/truestudio for stm32 9.3.0/armtools/bin/../lib/gcc/arm-atollic-eabi/6.3.1/../../../../arm-atollic-eabi/lib/armv7-m\libc_nano.a(lib_a-memcpy-stub.o)
                0x08002fa4                memcpy
 *fill*         0x08002fba        0x2 
 .text._free_r  0x08002fbc       0x98 d:/programs/truestudio for stm32 9.3.0/armtools/bin/../lib/gcc/arm-atollic-eabi/6.3.1/../../../../arm-atollic-eabi/lib/armv7-m\libc_nano.a(lib_a-nano-freer.o)
                0x08002fbc                _free_r
 .text._malloc_r
                0x08003054       0xbc d:/programs/truestudio for stm32 9.3.0/armtools/bin/../lib/gcc/arm-atollic-eabi/6.3.1/../../../../arm-atollic-eabi/lib/armv7-m\libc_nano.a(lib_a-nano-mallocr.o)
                0x08003054                _malloc_r
 .text._sbrk_r  0x08003110       0x20 d:/programs/truestudio for stm32 9.3.0/armtools/bin/../lib/gcc/arm-atollic-eabi/6.3.1/../../../../arm-atollic-eabi/lib/armv7-m\libc_nano.a(lib_a-sbrkr.o)
                0x08003110                _sbrk_r
 .text._raise_r
                0x08003130       0x50 d:/programs/truestudio for stm32 9.3.0/armtools/bin/../lib/gcc/arm-atollic-eabi/6.3.1/../../../../arm-atollic-eabi/lib/armv7-m\libc_nano.a(lib_a-signal.o)
                0x08003130                _raise_r
 .text.raise    0x08003180       0x10 d:/programs/truestudio for stm32 9.3.0/armtools/bin/../lib/gcc/arm-atollic-eabi/6.3.1/../../../../arm-atollic-eabi/lib/armv7-m\libc_nano.a(lib_a-signal.o)
                0x08003180                raise
 .text._kill_r  0x08003190       0x24 d:/programs/truestudio for stm32 9.3.0/armtools/bin/../lib/gcc/arm-atollic-eabi/6.3.1/../../../../arm-atollic-eabi/lib/armv7-m\libc_nano.a(lib_a-signalr.o)
                0x08003190                _kill_r
 .text._getpid_r
                0x080031b4        0x4 d:/programs/truestudio for stm32 9.3.0/armtools/bin/../lib/gcc/arm-atollic-eabi/6.3.1/../../../../arm-atollic-eabi/lib/armv7-m\libc_nano.a(lib_a-signalr.o)
                0x080031b4                _getpid_r
 .text.__malloc_lock
                0x080031b8        0x2 d:/programs/truestudio for stm32 9.3.0/armtools/bin/../lib/gcc/arm-atollic-eabi/6.3.1/../../../../arm-atollic-eabi/lib/armv7-m\libc_nano.a(lib_a-mlock.o)
                0x080031b8                __malloc_lock
 .text.__malloc_unlock
                0x080031ba        0x2 d:/programs/truestudio for stm32 9.3.0/armtools/bin/../lib/gcc/arm-atollic-eabi/6.3.1/../../../../arm-atollic-eabi/lib/armv7-m\libc_nano.a(lib_a-mlock.o)
                0x080031ba                __malloc_unlock
 .text._getpid  0x080031bc       0x10 d:/programs/truestudio for stm32 9.3.0/armtools/bin/../lib/gcc/arm-atollic-eabi/6.3.1/../../../../arm-atollic-eabi/lib/armv7-m\libnosys.a(getpid.o)
                0x080031bc                _getpid
 .text._kill    0x080031cc       0x10 d:/programs/truestudio for stm32 9.3.0/armtools/bin/../lib/gcc/arm-atollic-eabi/6.3.1/../../../../arm-atollic-eabi/lib/armv7-m\libnosys.a(kill.o)
                0x080031cc                _kill
 .text._sbrk    0x080031dc       0x1c d:/programs/truestudio for stm32 9.3.0/armtools/bin/../lib/gcc/arm-atollic-eabi/6.3.1/../../../../arm-atollic-eabi/lib/armv7-m\libnosys.a(sbrk.o)
                0x080031dc                _sbrk
 .text._exit    0x080031f8        0x2 d:/programs/truestudio for stm32 9.3.0/armtools/bin/../lib/gcc/arm-atollic-eabi/6.3.1/../../../../arm-atollic-eabi/lib/armv7-m\libnosys.a(_exit.o)
                0x080031f8                _exit
 *(.glue_7)
 .glue_7        0x080031fa        0x0 linker stubs
 *(.glue_7t)
 .glue_7t       0x080031fa        0x0 linker stubs
 *(.eh_frame)
 *fill*         0x080031fa        0x2 
 .eh_frame      0x080031fc        0x0 d:/programs/truestudio for stm32 9.3.0/armtools/bin/../lib/gcc/arm-atollic-eabi/6.3.1/armv7-m/crtbegin.o
 *(.init)
 .init          0x080031fc        0x4 d:/programs/truestudio for stm32 9.3.0/armtools/bin/../lib/gcc/arm-atollic-eabi/6.3.1/armv7-m/crti.o
                0x080031fc                _init
 .init          0x08003200        0x8 d:/programs/truestudio for stm32 9.3.0/armtools/bin/../lib/gcc/arm-atollic-eabi/6.3.1/armv7-m/crtn.o
 *(.fini)
 .fini          0x08003208        0x4 d:/programs/truestudio for stm32 9.3.0/armtools/bin/../lib/gcc/arm-atollic-eabi/6.3.1/armv7-m/crti.o
                0x08003208                _fini
 .fini          0x0800320c        0x8 d:/programs/truestudio for stm32 9.3.0/armtools/bin/../lib/gcc/arm-atollic-eabi/6.3.1/armv7-m/crtn.o
                0x08003214                . = ALIGN (0x4)
                0x08003214                _etext = .

.vfp11_veneer   0x08003214        0x0
 .vfp11_veneer  0x08003214        0x0 linker stubs

.v4_bx          0x08003214        0x0
 .v4_bx         0x08003214        0x0 linker stubs

.iplt           0x08003214        0x0
 .iplt          0x08003214        0x0 d:/programs/truestudio for stm32 9.3.0/armtools/bin/../lib/gcc/arm-atollic-eabi/6.3.1/armv7-m/crtbegin.o

.rodata         0x08003214       0x40
                0x08003214                . = ALIGN (0x4)
 *(.rodata)
 .rodata        0x08003214        0x5 FreeRTOS_Source\tasks.o
 *fill*         0x08003219        0x3 
 .rodata        0x0800321c        0x8 FreeRTOS_Source\timers.o
 .rodata        0x08003224       0x2e src\main.o
 *(.rodata*)
                0x08003254                . = ALIGN (0x4)
 *fill*         0x08003252        0x2 

.rel.dyn        0x08003254        0x0
 .rel.iplt      0x08003254        0x0 d:/programs/truestudio for stm32 9.3.0/armtools/bin/../lib/gcc/arm-atollic-eabi/6.3.1/armv7-m/crtbegin.o

.ARM.extab
 *(.ARM.extab* .gnu.linkonce.armextab.*)

.ARM            0x08003254        0x0
                0x08003254                __exidx_start = .
 *(.ARM.exidx*)
                0x08003254                __exidx_end = .

.preinit_array  0x08003254        0x0
                0x08003254                PROVIDE (__preinit_array_start, .)
 *(.preinit_array*)
                0x08003254                PROVIDE (__preinit_array_end, .)

.init_array     0x08003254        0x4
                0x08003254                PROVIDE (__init_array_start, .)
 *(SORT(.init_array.*))
 *(.init_array*)
 .init_array    0x08003254        0x4 d:/programs/truestudio for stm32 9.3.0/armtools/bin/../lib/gcc/arm-atollic-eabi/6.3.1/armv7-m/crtbegin.o
                0x08003258                PROVIDE (__init_array_end, .)

.fini_array     0x08003258        0x4
                [!provide]                PROVIDE (__fini_array_start, .)
 *(SORT(.fini_array.*))
 *(.fini_array*)
 .fini_array    0x08003258        0x4 d:/programs/truestudio for stm32 9.3.0/armtools/bin/../lib/gcc/arm-atollic-eabi/6.3.1/armv7-m/crtbegin.o
                [!provide]                PROVIDE (__fini_array_end, .)
                0x0800325c                _sidata = LOADADDR (.data)

.data           0x20000000       0xd0 load address 0x0800325c
                0x20000000                . = ALIGN (0x4)
                0x20000000                _sdata = .
 *(.data)
 *(.data*)
 .data.uxCriticalNesting
                0x20000000        0x4 FreeRTOS_Source\portable\GCC\ARM_CM3\port.o
 .data.rfSettings
                0x20000004       0x3d src\CC1101.o
                0x20000004                rfSettings
 *fill*         0x20000041        0x3 
 .data._ZL6RTask1
                0x20000044       0x14 src\main.o
 .data._ZL6RTask2
                0x20000058       0x14 src\main.o
 .data._impure_ptr
                0x2000006c        0x4 d:/programs/truestudio for stm32 9.3.0/armtools/bin/../lib/gcc/arm-atollic-eabi/6.3.1/../../../../arm-atollic-eabi/lib/armv7-m\libc_nano.a(lib_a-impure.o)
                0x2000006c                _impure_ptr
 .data.impure_data
                0x20000070       0x60 d:/programs/truestudio for stm32 9.3.0/armtools/bin/../lib/gcc/arm-atollic-eabi/6.3.1/../../../../arm-atollic-eabi/lib/armv7-m\libc_nano.a(lib_a-impure.o)
                0x200000d0                . = ALIGN (0x4)
                0x200000d0                _edata = .

.igot.plt       0x200000d0        0x0 load address 0x0800332c
 .igot.plt      0x200000d0        0x0 d:/programs/truestudio for stm32 9.3.0/armtools/bin/../lib/gcc/arm-atollic-eabi/6.3.1/armv7-m/crtbegin.o
                0x200000d0                . = ALIGN (0x4)

.bss            0x200000d0      0x13c load address 0x0800332c
                0x200000d0                _sbss = .
                0x200000d0                __bss_start__ = _sbss
 *(.bss)
 .bss           0x200000d0       0x1c d:/programs/truestudio for stm32 9.3.0/armtools/bin/../lib/gcc/arm-atollic-eabi/6.3.1/armv7-m/crtbegin.o
 *(.bss*)
 .bss.ucMaxSysCallPriority
                0x200000ec        0x1 FreeRTOS_Source\portable\GCC\ARM_CM3\port.o
 *fill*         0x200000ed        0x3 
 .bss.ulMaxPRIGROUPValue
                0x200000f0        0x4 FreeRTOS_Source\portable\GCC\ARM_CM3\port.o
 .bss.pxCurrentTCB
                0x200000f4        0x4 FreeRTOS_Source\tasks.o
                0x200000f4                pxCurrentTCB
 .bss.pxReadyTasksLists
                0x200000f8       0x28 FreeRTOS_Source\tasks.o
 .bss.xDelayedTaskList1
                0x20000120       0x14 FreeRTOS_Source\tasks.o
 .bss.xDelayedTaskList2
                0x20000134       0x14 FreeRTOS_Source\tasks.o
 .bss.pxDelayedTaskList
                0x20000148        0x4 FreeRTOS_Source\tasks.o
 .bss.pxOverflowDelayedTaskList
                0x2000014c        0x4 FreeRTOS_Source\tasks.o
 .bss.xPendingReadyList
                0x20000150       0x14 FreeRTOS_Source\tasks.o
 .bss.xTasksWaitingTermination
                0x20000164       0x14 FreeRTOS_Source\tasks.o
 .bss.uxDeletedTasksWaitingCleanUp
                0x20000178        0x4 FreeRTOS_Source\tasks.o
 .bss.xSuspendedTaskList
                0x2000017c       0x14 FreeRTOS_Source\tasks.o
 .bss.uxCurrentNumberOfTasks
                0x20000190        0x4 FreeRTOS_Source\tasks.o
 .bss.xTickCount
                0x20000194        0x4 FreeRTOS_Source\tasks.o
 .bss.uxTopReadyPriority
                0x20000198        0x4 FreeRTOS_Source\tasks.o
 .bss.xSchedulerRunning
                0x2000019c        0x4 FreeRTOS_Source\tasks.o
 .bss.xPendedTicks
                0x200001a0        0x4 FreeRTOS_Source\tasks.o
 .bss.xYieldPending
                0x200001a4        0x4 FreeRTOS_Source\tasks.o
 .bss.xNumOfOverflows
                0x200001a8        0x4 FreeRTOS_Source\tasks.o
 .bss.uxTaskNumber
                0x200001ac        0x4 FreeRTOS_Source\tasks.o
 .bss.xNextTaskUnblockTime
                0x200001b0        0x4 FreeRTOS_Source\tasks.o
 .bss.xIdleTaskHandle
                0x200001b4        0x4 FreeRTOS_Source\tasks.o
 .bss.uxSchedulerSuspended
                0x200001b8        0x4 FreeRTOS_Source\tasks.o
 .bss.xActiveTimerList1
                0x200001bc       0x14 FreeRTOS_Source\timers.o
 .bss.xActiveTimerList2
                0x200001d0       0x14 FreeRTOS_Source\timers.o
 .bss.pxCurrentTimerList
                0x200001e4        0x4 FreeRTOS_Source\timers.o
 .bss.pxOverflowTimerList
                0x200001e8        0x4 FreeRTOS_Source\timers.o
 .bss.xTimerQueue
                0x200001ec        0x4 FreeRTOS_Source\timers.o
 .bss.xTimerTaskHandle
                0x200001f0        0x4 FreeRTOS_Source\timers.o
 .bss.xLastTime.5440
                0x200001f4        0x4 FreeRTOS_Source\timers.o
 .bss._ZN12_GLOBAL__N_113__new_handlerE
                0x200001f8        0x4 d:/programs/truestudio for stm32 9.3.0/armtools/bin/../lib/gcc/arm-atollic-eabi/6.3.1/../../../../arm-atollic-eabi/lib/armv7-m\libstdc++_nano.a(new_handler.o)
 .bss.__malloc_free_list
                0x200001fc        0x4 d:/programs/truestudio for stm32 9.3.0/armtools/bin/../lib/gcc/arm-atollic-eabi/6.3.1/../../../../arm-atollic-eabi/lib/armv7-m\libc_nano.a(lib_a-nano-mallocr.o)
                0x200001fc                __malloc_free_list
 .bss.__malloc_sbrk_start
                0x20000200        0x4 d:/programs/truestudio for stm32 9.3.0/armtools/bin/../lib/gcc/arm-atollic-eabi/6.3.1/../../../../arm-atollic-eabi/lib/armv7-m\libc_nano.a(lib_a-nano-mallocr.o)
                0x20000200                __malloc_sbrk_start
 .bss.heap_end.4116
                0x20000204        0x4 d:/programs/truestudio for stm32 9.3.0/armtools/bin/../lib/gcc/arm-atollic-eabi/6.3.1/../../../../arm-atollic-eabi/lib/armv7-m\libnosys.a(sbrk.o)
 *(COMMON)
 COMMON         0x20000208        0x4 d:/programs/truestudio for stm32 9.3.0/armtools/bin/../lib/gcc/arm-atollic-eabi/6.3.1/../../../../arm-atollic-eabi/lib/armv7-m\libc_nano.a(lib_a-reent.o)
                0x20000208                errno
                0x2000020c                . = ALIGN (0x4)
                0x2000020c                _ebss = .
                0x2000020c                __bss_end__ = _ebss

._user_heap_stack
                0x2000020c      0x100 load address 0x0800332c
                0x2000020c                . = ALIGN (0x4)
                0x2000020c                PROVIDE (end, .)
                [!provide]                PROVIDE (_end, .)
                0x2000020c                . = (. + _Min_Heap_Size)
                0x2000030c                . = (. + _Min_Stack_Size)
 *fill*         0x2000020c      0x100 
                0x2000030c                . = ALIGN (0x4)

.memory_b1_text
 *(.mb1text)
 *(.mb1text*)
 *(.mb1rodata)
 *(.mb1rodata*)

/DISCARD/
 libc.a(*)
 libm.a(*)
 libgcc.a(*)

.ARM.attributes
                0x00000000       0x29
 *(.ARM.attributes)
 .ARM.attributes
                0x00000000       0x1d d:/programs/truestudio for stm32 9.3.0/armtools/bin/../lib/gcc/arm-atollic-eabi/6.3.1/armv7-m/crti.o
 .ARM.attributes
                0x0000001d       0x2d d:/programs/truestudio for stm32 9.3.0/armtools/bin/../lib/gcc/arm-atollic-eabi/6.3.1/armv7-m/crtbegin.o
 .ARM.attributes
                0x0000004a       0x33 FreeRTOS_Source\list.o
 .ARM.attributes
                0x0000007d       0x33 FreeRTOS_Source\portable\GCC\ARM_CM3\port.o
 .ARM.attributes
                0x000000b0       0x33 FreeRTOS_Source\portable\MemMang\heap_3.o
 .ARM.attributes
                0x000000e3       0x33 FreeRTOS_Source\queue.o
 .ARM.attributes
                0x00000116       0x33 FreeRTOS_Source\tasks.o
 .ARM.attributes
                0x00000149       0x33 FreeRTOS_Source\timers.o
 .ARM.attributes
                0x0000017c       0x33 src\CC1101.o
 .ARM.attributes
                0x000001af       0x33 src\cc11x_class.o
 .ARM.attributes
                0x000001e2       0x33 src\main.o
 .ARM.attributes
                0x00000215       0x21 src\startup_stm32f10x_md.o
 .ARM.attributes
                0x00000236       0x33 src\stm32f1xx_it.o
 .ARM.attributes
                0x00000269       0x33 src\system_stm32f10x.o
 .ARM.attributes
                0x0000029c       0x2d d:/programs/truestudio for stm32 9.3.0/armtools/bin/../lib/gcc/arm-atollic-eabi/6.3.1/../../../../arm-atollic-eabi/lib/armv7-m\libstdc++_nano.a(new_op.o)
 .ARM.attributes
                0x000002c9       0x2d d:/programs/truestudio for stm32 9.3.0/armtools/bin/../lib/gcc/arm-atollic-eabi/6.3.1/../../../../arm-atollic-eabi/lib/armv7-m\libstdc++_nano.a(new_handler.o)
 .ARM.attributes
                0x000002f6       0x2d d:/programs/truestudio for stm32 9.3.0/armtools/bin/../lib/gcc/arm-atollic-eabi/6.3.1/../../../../arm-atollic-eabi/lib/armv7-m\libc_nano.a(lib_a-abort.o)
 .ARM.attributes
                0x00000323       0x2d d:/programs/truestudio for stm32 9.3.0/armtools/bin/../lib/gcc/arm-atollic-eabi/6.3.1/../../../../arm-atollic-eabi/lib/armv7-m\libc_nano.a(lib_a-init.o)
 .ARM.attributes
                0x00000350       0x2d d:/programs/truestudio for stm32 9.3.0/armtools/bin/../lib/gcc/arm-atollic-eabi/6.3.1/../../../../arm-atollic-eabi/lib/armv7-m\libc_nano.a(lib_a-malloc.o)
 .ARM.attributes
                0x0000037d       0x2d d:/programs/truestudio for stm32 9.3.0/armtools/bin/../lib/gcc/arm-atollic-eabi/6.3.1/../../../../arm-atollic-eabi/lib/armv7-m\libc_nano.a(lib_a-memcpy-stub.o)
 .ARM.attributes
                0x000003aa       0x2d d:/programs/truestudio for stm32 9.3.0/armtools/bin/../lib/gcc/arm-atollic-eabi/6.3.1/../../../../arm-atollic-eabi/lib/armv7-m\libc_nano.a(lib_a-nano-freer.o)
 .ARM.attributes
                0x000003d7       0x2d d:/programs/truestudio for stm32 9.3.0/armtools/bin/../lib/gcc/arm-atollic-eabi/6.3.1/../../../../arm-atollic-eabi/lib/armv7-m\libc_nano.a(lib_a-nano-mallocr.o)
 .ARM.attributes
                0x00000404       0x2d d:/programs/truestudio for stm32 9.3.0/armtools/bin/../lib/gcc/arm-atollic-eabi/6.3.1/../../../../arm-atollic-eabi/lib/armv7-m\libc_nano.a(lib_a-sbrkr.o)
 .ARM.attributes
                0x00000431       0x2d d:/programs/truestudio for stm32 9.3.0/armtools/bin/../lib/gcc/arm-atollic-eabi/6.3.1/../../../../arm-atollic-eabi/lib/armv7-m\libc_nano.a(lib_a-signal.o)
 .ARM.attributes
                0x0000045e       0x2d d:/programs/truestudio for stm32 9.3.0/armtools/bin/../lib/gcc/arm-atollic-eabi/6.3.1/../../../../arm-atollic-eabi/lib/armv7-m\libc_nano.a(lib_a-signalr.o)
 .ARM.attributes
                0x0000048b       0x2d d:/programs/truestudio for stm32 9.3.0/armtools/bin/../lib/gcc/arm-atollic-eabi/6.3.1/../../../../arm-atollic-eabi/lib/armv7-m\libc_nano.a(lib_a-impure.o)
 .ARM.attributes
                0x000004b8       0x2d d:/programs/truestudio for stm32 9.3.0/armtools/bin/../lib/gcc/arm-atollic-eabi/6.3.1/../../../../arm-atollic-eabi/lib/armv7-m\libc_nano.a(lib_a-mlock.o)
 .ARM.attributes
                0x000004e5       0x2d d:/programs/truestudio for stm32 9.3.0/armtools/bin/../lib/gcc/arm-atollic-eabi/6.3.1/../../../../arm-atollic-eabi/lib/armv7-m\libc_nano.a(lib_a-reent.o)
 .ARM.attributes
                0x00000512       0x2d d:/programs/truestudio for stm32 9.3.0/armtools/bin/../lib/gcc/arm-atollic-eabi/6.3.1/../../../../arm-atollic-eabi/lib/armv7-m\libnosys.a(getpid.o)
 .ARM.attributes
                0x0000053f       0x2d d:/programs/truestudio for stm32 9.3.0/armtools/bin/../lib/gcc/arm-atollic-eabi/6.3.1/../../../../arm-atollic-eabi/lib/armv7-m\libnosys.a(kill.o)
 .ARM.attributes
                0x0000056c       0x2d d:/programs/truestudio for stm32 9.3.0/armtools/bin/../lib/gcc/arm-atollic-eabi/6.3.1/../../../../arm-atollic-eabi/lib/armv7-m\libnosys.a(sbrk.o)
 .ARM.attributes
                0x00000599       0x2d d:/programs/truestudio for stm32 9.3.0/armtools/bin/../lib/gcc/arm-atollic-eabi/6.3.1/../../../../arm-atollic-eabi/lib/armv7-m\libnosys.a(_exit.o)
 .ARM.attributes
                0x000005c6       0x1d d:/programs/truestudio for stm32 9.3.0/armtools/bin/../lib/gcc/arm-atollic-eabi/6.3.1/armv7-m/crtn.o
OUTPUT(canbus.elf elf32-littlearm)

.debug_info     0x00000000     0x996a
 .debug_info    0x00000000      0xac3 FreeRTOS_Source\list.o
 .debug_info    0x00000ac3      0x4ca FreeRTOS_Source\portable\GCC\ARM_CM3\port.o
 .debug_info    0x00000f8d      0x8f7 FreeRTOS_Source\portable\MemMang\heap_3.o
 .debug_info    0x00001884     0x1bfd FreeRTOS_Source\queue.o
 .debug_info    0x00003481     0x23e6 FreeRTOS_Source\tasks.o
 .debug_info    0x00005867     0x1456 FreeRTOS_Source\timers.o
 .debug_info    0x00006cbd      0xf6d src\CC1101.o
 .debug_info    0x00007c2a      0x7d3 src\cc11x_class.o
 .debug_info    0x000083fd      0xf3c src\main.o
 .debug_info    0x00009339       0x69 src\startup_stm32f10x_md.o
 .debug_info    0x000093a2      0x121 src\stm32f1xx_it.o
 .debug_info    0x000094c3      0x4a7 src\system_stm32f10x.o

.debug_abbrev   0x00000000     0x16f6
 .debug_abbrev  0x00000000      0x1cc FreeRTOS_Source\list.o
 .debug_abbrev  0x000001cc      0x1f1 FreeRTOS_Source\portable\GCC\ARM_CM3\port.o
 .debug_abbrev  0x000003bd      0x1ba FreeRTOS_Source\portable\MemMang\heap_3.o
 .debug_abbrev  0x00000577      0x2df FreeRTOS_Source\queue.o
 .debug_abbrev  0x00000856      0x333 FreeRTOS_Source\tasks.o
 .debug_abbrev  0x00000b89      0x2ab FreeRTOS_Source\timers.o
 .debug_abbrev  0x00000e34      0x264 src\CC1101.o
 .debug_abbrev  0x00001098      0x22d src\cc11x_class.o
 .debug_abbrev  0x000012c5      0x239 src\main.o
 .debug_abbrev  0x000014fe       0x12 src\startup_stm32f10x_md.o
 .debug_abbrev  0x00001510       0x78 src\stm32f1xx_it.o
 .debug_abbrev  0x00001588      0x16e src\system_stm32f10x.o

.debug_aranges  0x00000000      0x5c8
 .debug_aranges
                0x00000000       0x40 FreeRTOS_Source\list.o
 .debug_aranges
                0x00000040       0x78 FreeRTOS_Source\portable\GCC\ARM_CM3\port.o
 .debug_aranges
                0x000000b8       0x28 FreeRTOS_Source\portable\MemMang\heap_3.o
 .debug_aranges
                0x000000e0       0xe8 FreeRTOS_Source\queue.o
 .debug_aranges
                0x000001c8      0x1c0 FreeRTOS_Source\tasks.o
 .debug_aranges
                0x00000388       0xc8 FreeRTOS_Source\timers.o
 .debug_aranges
                0x00000450       0x28 src\CC1101.o
 .debug_aranges
                0x00000478       0x68 src\cc11x_class.o
 .debug_aranges
                0x000004e0       0x40 src\main.o
 .debug_aranges
                0x00000520       0x28 src\startup_stm32f10x_md.o
 .debug_aranges
                0x00000548       0x48 src\stm32f1xx_it.o
 .debug_aranges
                0x00000590       0x38 src\system_stm32f10x.o

.debug_ranges   0x00000000      0x510
 .debug_ranges  0x00000000       0x30 FreeRTOS_Source\list.o
 .debug_ranges  0x00000030       0x68 FreeRTOS_Source\portable\GCC\ARM_CM3\port.o
 .debug_ranges  0x00000098       0x18 FreeRTOS_Source\portable\MemMang\heap_3.o
 .debug_ranges  0x000000b0       0xd8 FreeRTOS_Source\queue.o
 .debug_ranges  0x00000188      0x1b0 FreeRTOS_Source\tasks.o
 .debug_ranges  0x00000338       0xb8 FreeRTOS_Source\timers.o
 .debug_ranges  0x000003f0       0x18 src\CC1101.o
 .debug_ranges  0x00000408       0x58 src\cc11x_class.o
 .debug_ranges  0x00000460       0x30 src\main.o
 .debug_ranges  0x00000490       0x20 src\startup_stm32f10x_md.o
 .debug_ranges  0x000004b0       0x38 src\stm32f1xx_it.o
 .debug_ranges  0x000004e8       0x28 src\system_stm32f10x.o

.debug_line     0x00000000     0x34ee
 .debug_line    0x00000000      0x2ec FreeRTOS_Source\list.o
 .debug_line    0x000002ec      0x37f FreeRTOS_Source\portable\GCC\ARM_CM3\port.o
 .debug_line    0x0000066b      0x19e FreeRTOS_Source\portable\MemMang\heap_3.o
 .debug_line    0x00000809      0xac0 FreeRTOS_Source\queue.o
 .debug_line    0x000012c9      0xdf1 FreeRTOS_Source\tasks.o
 .debug_line    0x000020ba      0x664 FreeRTOS_Source\timers.o
 .debug_line    0x0000271e      0x2df src\CC1101.o
 .debug_line    0x000029fd      0x3a0 src\cc11x_class.o
 .debug_line    0x00002d9d      0x2da src\main.o
 .debug_line    0x00003077       0x7c src\startup_stm32f10x_md.o
 .debug_line    0x000030f3      0x1d7 src\stm32f1xx_it.o
 .debug_line    0x000032ca      0x224 src\system_stm32f10x.o

.debug_str      0x00000000     0x2597
 .debug_str     0x00000000      0x66c FreeRTOS_Source\list.o
                                0x6fc (size before relaxing)
 .debug_str     0x0000066c      0x265 FreeRTOS_Source\portable\GCC\ARM_CM3\port.o
                                0x40c (size before relaxing)
 .debug_str     0x000008d1       0x60 FreeRTOS_Source\portable\MemMang\heap_3.o
                                0x5ef (size before relaxing)
 .debug_str     0x00000931      0x554 FreeRTOS_Source\queue.o
                                0xc47 (size before relaxing)
 .debug_str     0x00000e85      0xa6b FreeRTOS_Source\tasks.o
                               0x125c (size before relaxing)
 .debug_str     0x000018f0      0x439 FreeRTOS_Source\timers.o
                                0xb84 (size before relaxing)
 .debug_str     0x00001d29      0x4f8 src\CC1101.o
                                0xabf (size before relaxing)
 .debug_str     0x00002221       0x78 src\cc11x_class.o
                                0x5b3 (size before relaxing)
 .debug_str     0x00002299      0x19f src\main.o
                                0x9cc (size before relaxing)
 .debug_str     0x00002438       0x7b src\stm32f1xx_it.o
                                0x216 (size before relaxing)
 .debug_str     0x000024b3       0xe4 src\system_stm32f10x.o
                                0x31d (size before relaxing)

.comment        0x00000000       0x7c
 .comment       0x00000000       0x7c FreeRTOS_Source\list.o
                                 0x7d (size before relaxing)
 .comment       0x0000007c       0x7d FreeRTOS_Source\portable\GCC\ARM_CM3\port.o
 .comment       0x0000007c       0x7d FreeRTOS_Source\portable\MemMang\heap_3.o
 .comment       0x0000007c       0x7d FreeRTOS_Source\queue.o
 .comment       0x0000007c       0x7d FreeRTOS_Source\tasks.o
 .comment       0x0000007c       0x7d FreeRTOS_Source\timers.o
 .comment       0x0000007c       0x7d src\CC1101.o
 .comment       0x0000007c       0x7d src\cc11x_class.o
 .comment       0x0000007c       0x7d src\main.o
 .comment       0x0000007c       0x7d src\stm32f1xx_it.o
 .comment       0x0000007c       0x7d src\system_stm32f10x.o

.debug_frame    0x00000000     0x18d4
 .debug_frame   0x00000000       0xd8 FreeRTOS_Source\list.o
 .debug_frame   0x000000d8      0x198 FreeRTOS_Source\portable\GCC\ARM_CM3\port.o
 .debug_frame   0x00000270       0x58 FreeRTOS_Source\portable\MemMang\heap_3.o
 .debug_frame   0x000002c8      0x3cc FreeRTOS_Source\queue.o
 .debug_frame   0x00000694      0x794 FreeRTOS_Source\tasks.o
 .debug_frame   0x00000e28      0x33c FreeRTOS_Source\timers.o
 .debug_frame   0x00001164       0x50 src\CC1101.o
 .debug_frame   0x000011b4      0x188 src\cc11x_class.o
 .debug_frame   0x0000133c       0xa8 src\main.o
 .debug_frame   0x000013e4       0xb0 src\stm32f1xx_it.o
 .debug_frame   0x00001494       0x98 src\system_stm32f10x.o
 .debug_frame   0x0000152c       0x28 d:/programs/truestudio for stm32 9.3.0/armtools/bin/../lib/gcc/arm-atollic-eabi/6.3.1/../../../../arm-atollic-eabi/lib/armv7-m\libstdc++_nano.a(new_op.o)
 .debug_frame   0x00001554       0x30 d:/programs/truestudio for stm32 9.3.0/armtools/bin/../lib/gcc/arm-atollic-eabi/6.3.1/../../../../arm-atollic-eabi/lib/armv7-m\libstdc++_nano.a(new_handler.o)
 .debug_frame   0x00001584       0x28 d:/programs/truestudio for stm32 9.3.0/armtools/bin/../lib/gcc/arm-atollic-eabi/6.3.1/../../../../arm-atollic-eabi/lib/armv7-m\libc_nano.a(lib_a-abort.o)
 .debug_frame   0x000015ac       0x2c d:/programs/truestudio for stm32 9.3.0/armtools/bin/../lib/gcc/arm-atollic-eabi/6.3.1/../../../../arm-atollic-eabi/lib/armv7-m\libc_nano.a(lib_a-init.o)
 .debug_frame   0x000015d8       0x30 d:/programs/truestudio for stm32 9.3.0/armtools/bin/../lib/gcc/arm-atollic-eabi/6.3.1/../../../../arm-atollic-eabi/lib/armv7-m\libc_nano.a(lib_a-malloc.o)
 .debug_frame   0x00001608       0x28 d:/programs/truestudio for stm32 9.3.0/armtools/bin/../lib/gcc/arm-atollic-eabi/6.3.1/../../../../arm-atollic-eabi/lib/armv7-m\libc_nano.a(lib_a-memcpy-stub.o)
 .debug_frame   0x00001630       0x38 d:/programs/truestudio for stm32 9.3.0/armtools/bin/../lib/gcc/arm-atollic-eabi/6.3.1/../../../../arm-atollic-eabi/lib/armv7-m\libc_nano.a(lib_a-nano-freer.o)
 .debug_frame   0x00001668       0x2c d:/programs/truestudio for stm32 9.3.0/armtools/bin/../lib/gcc/arm-atollic-eabi/6.3.1/../../../../arm-atollic-eabi/lib/armv7-m\libc_nano.a(lib_a-nano-mallocr.o)
 .debug_frame   0x00001694       0x2c d:/programs/truestudio for stm32 9.3.0/armtools/bin/../lib/gcc/arm-atollic-eabi/6.3.1/../../../../arm-atollic-eabi/lib/armv7-m\libc_nano.a(lib_a-sbrkr.o)
 .debug_frame   0x000016c0       0xcc d:/programs/truestudio for stm32 9.3.0/armtools/bin/../lib/gcc/arm-atollic-eabi/6.3.1/../../../../arm-atollic-eabi/lib/armv7-m\libc_nano.a(lib_a-signal.o)
 .debug_frame   0x0000178c       0x3c d:/programs/truestudio for stm32 9.3.0/armtools/bin/../lib/gcc/arm-atollic-eabi/6.3.1/../../../../arm-atollic-eabi/lib/armv7-m\libc_nano.a(lib_a-signalr.o)
 .debug_frame   0x000017c8       0x30 d:/programs/truestudio for stm32 9.3.0/armtools/bin/../lib/gcc/arm-atollic-eabi/6.3.1/../../../../arm-atollic-eabi/lib/armv7-m\libc_nano.a(lib_a-mlock.o)
 .debug_frame   0x000017f8       0x5c d:/programs/truestudio for stm32 9.3.0/armtools/bin/../lib/gcc/arm-atollic-eabi/6.3.1/../../../../arm-atollic-eabi/lib/armv7-m\libc_nano.a(lib_a-reent.o)
 .debug_frame   0x00001854       0x20 d:/programs/truestudio for stm32 9.3.0/armtools/bin/../lib/gcc/arm-atollic-eabi/6.3.1/../../../../arm-atollic-eabi/lib/armv7-m\libnosys.a(getpid.o)
 .debug_frame   0x00001874       0x20 d:/programs/truestudio for stm32 9.3.0/armtools/bin/../lib/gcc/arm-atollic-eabi/6.3.1/../../../../arm-atollic-eabi/lib/armv7-m\libnosys.a(kill.o)
 .debug_frame   0x00001894       0x20 d:/programs/truestudio for stm32 9.3.0/armtools/bin/../lib/gcc/arm-atollic-eabi/6.3.1/../../../../arm-atollic-eabi/lib/armv7-m\libnosys.a(sbrk.o)
 .debug_frame   0x000018b4       0x20 d:/programs/truestudio for stm32 9.3.0/armtools/bin/../lib/gcc/arm-atollic-eabi/6.3.1/../../../../arm-atollic-eabi/lib/armv7-m\libnosys.a(_exit.o)

.stab           0x00000000       0x3c
 .stab          0x00000000       0x24 d:/programs/truestudio for stm32 9.3.0/armtools/bin/../lib/gcc/arm-atollic-eabi/6.3.1/../../../../arm-atollic-eabi/lib/armv7-m\libnosys.a(getpid.o)
 .stab          0x00000024       0x18 d:/programs/truestudio for stm32 9.3.0/armtools/bin/../lib/gcc/arm-atollic-eabi/6.3.1/../../../../arm-atollic-eabi/lib/armv7-m\libnosys.a(kill.o)
                                 0x24 (size before relaxing)

.stabstr        0x00000000       0xac
 .stabstr       0x00000000       0xac d:/programs/truestudio for stm32 9.3.0/armtools/bin/../lib/gcc/arm-atollic-eabi/6.3.1/../../../../arm-atollic-eabi/lib/armv7-m\libnosys.a(getpid.o)

Cross Reference Table

Symbol                                            File
ADC1_2_IRQHandler                                 src\startup_stm32f10x_md.o
ADC_AnalogWatchdogCmd                             Libraries\STM32F10x_StdPeriph_Driver\src\stm32f10x_adc.o
ADC_AnalogWatchdogSingleChannelConfig             Libraries\STM32F10x_StdPeriph_Driver\src\stm32f10x_adc.o
ADC_AnalogWatchdogThresholdsConfig                Libraries\STM32F10x_StdPeriph_Driver\src\stm32f10x_adc.o
ADC_AutoInjectedConvCmd                           Libraries\STM32F10x_StdPeriph_Driver\src\stm32f10x_adc.o
ADC_ClearFlag                                     Libraries\STM32F10x_StdPeriph_Driver\src\stm32f10x_adc.o
ADC_ClearITPendingBit                             Libraries\STM32F10x_StdPeriph_Driver\src\stm32f10x_adc.o
ADC_Cmd                                           Libraries\STM32F10x_StdPeriph_Driver\src\stm32f10x_adc.o
ADC_DMACmd                                        Libraries\STM32F10x_StdPeriph_Driver\src\stm32f10x_adc.o
ADC_DeInit                                        Libraries\STM32F10x_StdPeriph_Driver\src\stm32f10x_adc.o
ADC_DiscModeChannelCountConfig                    Libraries\STM32F10x_StdPeriph_Driver\src\stm32f10x_adc.o
ADC_DiscModeCmd                                   Libraries\STM32F10x_StdPeriph_Driver\src\stm32f10x_adc.o
ADC_ExternalTrigConvCmd                           Libraries\STM32F10x_StdPeriph_Driver\src\stm32f10x_adc.o
ADC_ExternalTrigInjectedConvCmd                   Libraries\STM32F10x_StdPeriph_Driver\src\stm32f10x_adc.o
ADC_ExternalTrigInjectedConvConfig                Libraries\STM32F10x_StdPeriph_Driver\src\stm32f10x_adc.o
ADC_GetCalibrationStatus                          Libraries\STM32F10x_StdPeriph_Driver\src\stm32f10x_adc.o
ADC_GetConversionValue                            Libraries\STM32F10x_StdPeriph_Driver\src\stm32f10x_adc.o
ADC_GetDualModeConversionValue                    Libraries\STM32F10x_StdPeriph_Driver\src\stm32f10x_adc.o
ADC_GetFlagStatus                                 Libraries\STM32F10x_StdPeriph_Driver\src\stm32f10x_adc.o
ADC_GetITStatus                                   Libraries\STM32F10x_StdPeriph_Driver\src\stm32f10x_adc.o
ADC_GetInjectedConversionValue                    Libraries\STM32F10x_StdPeriph_Driver\src\stm32f10x_adc.o
ADC_GetResetCalibrationStatus                     Libraries\STM32F10x_StdPeriph_Driver\src\stm32f10x_adc.o
ADC_GetSoftwareStartConvStatus                    Libraries\STM32F10x_StdPeriph_Driver\src\stm32f10x_adc.o
ADC_GetSoftwareStartInjectedConvCmdStatus         Libraries\STM32F10x_StdPeriph_Driver\src\stm32f10x_adc.o
ADC_ITConfig                                      Libraries\STM32F10x_StdPeriph_Driver\src\stm32f10x_adc.o
ADC_Init                                          Libraries\STM32F10x_StdPeriph_Driver\src\stm32f10x_adc.o
ADC_InjectedChannelConfig                         Libraries\STM32F10x_StdPeriph_Driver\src\stm32f10x_adc.o
ADC_InjectedDiscModeCmd                           Libraries\STM32F10x_StdPeriph_Driver\src\stm32f10x_adc.o
ADC_InjectedSequencerLengthConfig                 Libraries\STM32F10x_StdPeriph_Driver\src\stm32f10x_adc.o
ADC_RegularChannelConfig                          Libraries\STM32F10x_StdPeriph_Driver\src\stm32f10x_adc.o
ADC_ResetCalibration                              Libraries\STM32F10x_StdPeriph_Driver\src\stm32f10x_adc.o
ADC_SetInjectedOffset                             Libraries\STM32F10x_StdPeriph_Driver\src\stm32f10x_adc.o
ADC_SoftwareStartConvCmd                          Libraries\STM32F10x_StdPeriph_Driver\src\stm32f10x_adc.o
ADC_SoftwareStartInjectedConvCmd                  Libraries\STM32F10x_StdPeriph_Driver\src\stm32f10x_adc.o
ADC_StartCalibration                              Libraries\STM32F10x_StdPeriph_Driver\src\stm32f10x_adc.o
ADC_StructInit                                    Libraries\STM32F10x_StdPeriph_Driver\src\stm32f10x_adc.o
ADC_TempSensorVrefintCmd                          Libraries\STM32F10x_StdPeriph_Driver\src\stm32f10x_adc.o
AHBPrescTable                                     src\system_stm32f10x.o
ARadioTask(void*)                                 src\CC1101.o
                                                  src\main.o
ARadioTaskS(void*)                                src\CC1101.o
                                                  src\main.o
ATaskCanBus(void*)                                src\canbustask.o
BKP_ClearFlag                                     Libraries\STM32F10x_StdPeriph_Driver\src\stm32f10x_bkp.o
BKP_ClearITPendingBit                             Libraries\STM32F10x_StdPeriph_Driver\src\stm32f10x_bkp.o
BKP_DeInit                                        Libraries\STM32F10x_StdPeriph_Driver\src\stm32f10x_bkp.o
BKP_GetFlagStatus                                 Libraries\STM32F10x_StdPeriph_Driver\src\stm32f10x_bkp.o
BKP_GetITStatus                                   Libraries\STM32F10x_StdPeriph_Driver\src\stm32f10x_bkp.o
BKP_ITConfig                                      Libraries\STM32F10x_StdPeriph_Driver\src\stm32f10x_bkp.o
BKP_RTCOutputConfig                               Libraries\STM32F10x_StdPeriph_Driver\src\stm32f10x_bkp.o
BKP_ReadBackupRegister                            Libraries\STM32F10x_StdPeriph_Driver\src\stm32f10x_bkp.o
BKP_SetRTCCalibrationValue                        Libraries\STM32F10x_StdPeriph_Driver\src\stm32f10x_bkp.o
BKP_TamperPinCmd                                  Libraries\STM32F10x_StdPeriph_Driver\src\stm32f10x_bkp.o
BKP_TamperPinLevelConfig                          Libraries\STM32F10x_StdPeriph_Driver\src\stm32f10x_bkp.o
BKP_WriteBackupRegister                           Libraries\STM32F10x_StdPeriph_Driver\src\stm32f10x_bkp.o
BusFault_Handler                                  src\stm32f1xx_it.o
                                                  src\startup_stm32f10x_md.o
CAN1_RX1_IRQHandler                               src\startup_stm32f10x_md.o
CAN1_SCE_IRQHandler                               src\startup_stm32f10x_md.o
CAN_CancelTransmit                                Libraries\STM32F10x_StdPeriph_Driver\src\stm32f10x_can.o
CAN_ClearFlag                                     Libraries\STM32F10x_StdPeriph_Driver\src\stm32f10x_can.o
CAN_ClearITPendingBit                             Libraries\STM32F10x_StdPeriph_Driver\src\stm32f10x_can.o
CAN_DBGFreeze                                     Libraries\STM32F10x_StdPeriph_Driver\src\stm32f10x_can.o
CAN_DeInit                                        Libraries\STM32F10x_StdPeriph_Driver\src\stm32f10x_can.o
CAN_FIFORelease                                   Libraries\STM32F10x_StdPeriph_Driver\src\stm32f10x_can.o
CAN_FilterInit                                    Libraries\STM32F10x_StdPeriph_Driver\src\stm32f10x_can.o
CAN_GetFlagStatus                                 Libraries\STM32F10x_StdPeriph_Driver\src\stm32f10x_can.o
CAN_GetITStatus                                   Libraries\STM32F10x_StdPeriph_Driver\src\stm32f10x_can.o
CAN_GetLSBTransmitErrorCounter                    Libraries\STM32F10x_StdPeriph_Driver\src\stm32f10x_can.o
CAN_GetLastErrorCode                              Libraries\STM32F10x_StdPeriph_Driver\src\stm32f10x_can.o
CAN_GetReceiveErrorCounter                        Libraries\STM32F10x_StdPeriph_Driver\src\stm32f10x_can.o
CAN_ITConfig                                      Libraries\STM32F10x_StdPeriph_Driver\src\stm32f10x_can.o
CAN_Init                                          Libraries\STM32F10x_StdPeriph_Driver\src\stm32f10x_can.o
CAN_MessagePending                                Libraries\STM32F10x_StdPeriph_Driver\src\stm32f10x_can.o
CAN_OperatingModeRequest                          Libraries\STM32F10x_StdPeriph_Driver\src\stm32f10x_can.o
CAN_Receive                                       Libraries\STM32F10x_StdPeriph_Driver\src\stm32f10x_can.o
CAN_SlaveStartBank                                Libraries\STM32F10x_StdPeriph_Driver\src\stm32f10x_can.o
CAN_Sleep                                         Libraries\STM32F10x_StdPeriph_Driver\src\stm32f10x_can.o
CAN_StructInit                                    Libraries\STM32F10x_StdPeriph_Driver\src\stm32f10x_can.o
CAN_TTComModeCmd                                  Libraries\STM32F10x_StdPeriph_Driver\src\stm32f10x_can.o
CAN_Transmit                                      Libraries\STM32F10x_StdPeriph_Driver\src\stm32f10x_can.o
CAN_TransmitStatus                                Libraries\STM32F10x_StdPeriph_Driver\src\stm32f10x_can.o
CAN_WakeUp                                        Libraries\STM32F10x_StdPeriph_Driver\src\stm32f10x_can.o
CEC_ClearFlag                                     Libraries\STM32F10x_StdPeriph_Driver\src\stm32f10x_cec.o
CEC_ClearITPendingBit                             Libraries\STM32F10x_StdPeriph_Driver\src\stm32f10x_cec.o
CEC_Cmd                                           Libraries\STM32F10x_StdPeriph_Driver\src\stm32f10x_cec.o
CEC_DeInit                                        Libraries\STM32F10x_StdPeriph_Driver\src\stm32f10x_cec.o
CEC_EndOfMessageCmd                               Libraries\STM32F10x_StdPeriph_Driver\src\stm32f10x_cec.o
CEC_GetFlagStatus                                 Libraries\STM32F10x_StdPeriph_Driver\src\stm32f10x_cec.o
CEC_GetITStatus                                   Libraries\STM32F10x_StdPeriph_Driver\src\stm32f10x_cec.o
CEC_ITConfig                                      Libraries\STM32F10x_StdPeriph_Driver\src\stm32f10x_cec.o
CEC_Init                                          Libraries\STM32F10x_StdPeriph_Driver\src\stm32f10x_cec.o
CEC_OwnAddressConfig                              Libraries\STM32F10x_StdPeriph_Driver\src\stm32f10x_cec.o
CEC_ReceiveDataByte                               Libraries\STM32F10x_StdPeriph_Driver\src\stm32f10x_cec.o
CEC_SendDataByte                                  Libraries\STM32F10x_StdPeriph_Driver\src\stm32f10x_cec.o
CEC_SetPrescaler                                  Libraries\STM32F10x_StdPeriph_Driver\src\stm32f10x_cec.o
CEC_StartOfMessage                                Libraries\STM32F10x_StdPeriph_Driver\src\stm32f10x_cec.o
CRC_CalcBlockCRC                                  Libraries\STM32F10x_StdPeriph_Driver\src\stm32f10x_crc.o
CRC_CalcCRC                                       Libraries\STM32F10x_StdPeriph_Driver\src\stm32f10x_crc.o
CRC_GetCRC                                        Libraries\STM32F10x_StdPeriph_Driver\src\stm32f10x_crc.o
CRC_GetIDRegister                                 Libraries\STM32F10x_StdPeriph_Driver\src\stm32f10x_crc.o
CRC_ResetDR                                       Libraries\STM32F10x_StdPeriph_Driver\src\stm32f10x_crc.o
CRC_SetIDRegister                                 Libraries\STM32F10x_StdPeriph_Driver\src\stm32f10x_crc.o
DAC_Cmd                                           Libraries\STM32F10x_StdPeriph_Driver\src\stm32f10x_dac.o
DAC_DMACmd                                        Libraries\STM32F10x_StdPeriph_Driver\src\stm32f10x_dac.o
DAC_DeInit                                        Libraries\STM32F10x_StdPeriph_Driver\src\stm32f10x_dac.o
DAC_DualSoftwareTriggerCmd                        Libraries\STM32F10x_StdPeriph_Driver\src\stm32f10x_dac.o
DAC_GetDataOutputValue                            Libraries\STM32F10x_StdPeriph_Driver\src\stm32f10x_dac.o
DAC_Init                                          Libraries\STM32F10x_StdPeriph_Driver\src\stm32f10x_dac.o
DAC_SetChannel1Data                               Libraries\STM32F10x_StdPeriph_Driver\src\stm32f10x_dac.o
DAC_SetChannel2Data                               Libraries\STM32F10x_StdPeriph_Driver\src\stm32f10x_dac.o
DAC_SetDualChannelData                            Libraries\STM32F10x_StdPeriph_Driver\src\stm32f10x_dac.o
DAC_SoftwareTriggerCmd                            Libraries\STM32F10x_StdPeriph_Driver\src\stm32f10x_dac.o
DAC_StructInit                                    Libraries\STM32F10x_StdPeriph_Driver\src\stm32f10x_dac.o
DAC_WaveGenerationCmd                             Libraries\STM32F10x_StdPeriph_Driver\src\stm32f10x_dac.o
DBGMCU_Config                                     Libraries\STM32F10x_StdPeriph_Driver\src\stm32f10x_dbgmcu.o
DBGMCU_GetDEVID                                   Libraries\STM32F10x_StdPeriph_Driver\src\stm32f10x_dbgmcu.o
DBGMCU_GetREVID                                   Libraries\STM32F10x_StdPeriph_Driver\src\stm32f10x_dbgmcu.o
DMA1_Channel1_IRQHandler                          src\startup_stm32f10x_md.o
DMA1_Channel2_IRQHandler                          src\startup_stm32f10x_md.o
DMA1_Channel3_IRQHandler                          src\startup_stm32f10x_md.o
DMA1_Channel4_IRQHandler                          src\startup_stm32f10x_md.o
DMA1_Channel5_IRQHandler                          src\startup_stm32f10x_md.o
DMA1_Channel6_IRQHandler                          src\startup_stm32f10x_md.o
DMA1_Channel7_IRQHandler                          src\startup_stm32f10x_md.o
DMA_ClearFlag                                     Libraries\STM32F10x_StdPeriph_Driver\src\stm32f10x_dma.o
DMA_ClearITPendingBit                             Libraries\STM32F10x_StdPeriph_Driver\src\stm32f10x_dma.o
DMA_Cmd                                           Libraries\STM32F10x_StdPeriph_Driver\src\stm32f10x_dma.o
DMA_DeInit                                        Libraries\STM32F10x_StdPeriph_Driver\src\stm32f10x_dma.o
DMA_GetCurrDataCounter                            Libraries\STM32F10x_StdPeriph_Driver\src\stm32f10x_dma.o
DMA_GetFlagStatus                                 Libraries\STM32F10x_StdPeriph_Driver\src\stm32f10x_dma.o
DMA_GetITStatus                                   Libraries\STM32F10x_StdPeriph_Driver\src\stm32f10x_dma.o
DMA_ITConfig                                      Libraries\STM32F10x_StdPeriph_Driver\src\stm32f10x_dma.o
DMA_Init                                          Libraries\STM32F10x_StdPeriph_Driver\src\stm32f10x_dma.o
DMA_SetCurrDataCounter                            Libraries\STM32F10x_StdPeriph_Driver\src\stm32f10x_dma.o
DMA_StructInit                                    Libraries\STM32F10x_StdPeriph_Driver\src\stm32f10x_dma.o
DebugMon_Handler                                  src\stm32f1xx_it.o
                                                  src\startup_stm32f10x_md.o
Default_Handler                                   src\startup_stm32f10x_md.o
EXTI0_IRQHandler                                  src\startup_stm32f10x_md.o
EXTI15_10_IRQHandler                              src\startup_stm32f10x_md.o
EXTI1_IRQHandler                                  src\startup_stm32f10x_md.o
EXTI2_IRQHandler                                  src\startup_stm32f10x_md.o
EXTI3_IRQHandler                                  src\startup_stm32f10x_md.o
EXTI4_IRQHandler                                  src\startup_stm32f10x_md.o
EXTI9_5_IRQHandler                                src\startup_stm32f10x_md.o
EXTI_ClearFlag                                    Libraries\STM32F10x_StdPeriph_Driver\src\stm32f10x_exti.o
EXTI_ClearITPendingBit                            Libraries\STM32F10x_StdPeriph_Driver\src\stm32f10x_exti.o
EXTI_DeInit                                       Libraries\STM32F10x_StdPeriph_Driver\src\stm32f10x_exti.o
EXTI_GenerateSWInterrupt                          Libraries\STM32F10x_StdPeriph_Driver\src\stm32f10x_exti.o
EXTI_GetFlagStatus                                Libraries\STM32F10x_StdPeriph_Driver\src\stm32f10x_exti.o
EXTI_GetITStatus                                  Libraries\STM32F10x_StdPeriph_Driver\src\stm32f10x_exti.o
EXTI_Init                                         Libraries\STM32F10x_StdPeriph_Driver\src\stm32f10x_exti.o
EXTI_StructInit                                   Libraries\STM32F10x_StdPeriph_Driver\src\stm32f10x_exti.o
FLASH_ClearFlag                                   Libraries\STM32F10x_StdPeriph_Driver\src\stm32f10x_flash.o
FLASH_EnableWriteProtection                       Libraries\STM32F10x_StdPeriph_Driver\src\stm32f10x_flash.o
FLASH_EraseAllBank1Pages                          Libraries\STM32F10x_StdPeriph_Driver\src\stm32f10x_flash.o
FLASH_EraseAllPages                               Libraries\STM32F10x_StdPeriph_Driver\src\stm32f10x_flash.o
FLASH_EraseOptionBytes                            Libraries\STM32F10x_StdPeriph_Driver\src\stm32f10x_flash.o
FLASH_ErasePage                                   Libraries\STM32F10x_StdPeriph_Driver\src\stm32f10x_flash.o
FLASH_GetBank1Status                              Libraries\STM32F10x_StdPeriph_Driver\src\stm32f10x_flash.o
FLASH_GetFlagStatus                               Libraries\STM32F10x_StdPeriph_Driver\src\stm32f10x_flash.o
FLASH_GetPrefetchBufferStatus                     Libraries\STM32F10x_StdPeriph_Driver\src\stm32f10x_flash.o
FLASH_GetReadOutProtectionStatus                  Libraries\STM32F10x_StdPeriph_Driver\src\stm32f10x_flash.o
FLASH_GetStatus                                   Libraries\STM32F10x_StdPeriph_Driver\src\stm32f10x_flash.o
FLASH_GetUserOptionByte                           Libraries\STM32F10x_StdPeriph_Driver\src\stm32f10x_flash.o
FLASH_GetWriteProtectionOptionByte                Libraries\STM32F10x_StdPeriph_Driver\src\stm32f10x_flash.o
FLASH_HalfCycleAccessCmd                          Libraries\STM32F10x_StdPeriph_Driver\src\stm32f10x_flash.o
FLASH_IRQHandler                                  src\startup_stm32f10x_md.o
FLASH_ITConfig                                    Libraries\STM32F10x_StdPeriph_Driver\src\stm32f10x_flash.o
FLASH_Lock                                        Libraries\STM32F10x_StdPeriph_Driver\src\stm32f10x_flash.o
FLASH_LockBank1                                   Libraries\STM32F10x_StdPeriph_Driver\src\stm32f10x_flash.o
FLASH_PrefetchBufferCmd                           Libraries\STM32F10x_StdPeriph_Driver\src\stm32f10x_flash.o
FLASH_ProgramHalfWord                             Libraries\STM32F10x_StdPeriph_Driver\src\stm32f10x_flash.o
FLASH_ProgramOptionByteData                       Libraries\STM32F10x_StdPeriph_Driver\src\stm32f10x_flash.o
FLASH_ProgramWord                                 Libraries\STM32F10x_StdPeriph_Driver\src\stm32f10x_flash.o
FLASH_ReadOutProtection                           Libraries\STM32F10x_StdPeriph_Driver\src\stm32f10x_flash.o
FLASH_SetLatency                                  Libraries\STM32F10x_StdPeriph_Driver\src\stm32f10x_flash.o
FLASH_Unlock                                      Libraries\STM32F10x_StdPeriph_Driver\src\stm32f10x_flash.o
FLASH_UnlockBank1                                 Libraries\STM32F10x_StdPeriph_Driver\src\stm32f10x_flash.o
FLASH_UserOptionByteConfig                        Libraries\STM32F10x_StdPeriph_Driver\src\stm32f10x_flash.o
FLASH_WaitForLastBank1Operation                   Libraries\STM32F10x_StdPeriph_Driver\src\stm32f10x_flash.o
FLASH_WaitForLastOperation                        Libraries\STM32F10x_StdPeriph_Driver\src\stm32f10x_flash.o
FSMC_ClearFlag                                    Libraries\STM32F10x_StdPeriph_Driver\src\stm32f10x_fsmc.o
FSMC_ClearITPendingBit                            Libraries\STM32F10x_StdPeriph_Driver\src\stm32f10x_fsmc.o
FSMC_GetECC                                       Libraries\STM32F10x_StdPeriph_Driver\src\stm32f10x_fsmc.o
FSMC_GetFlagStatus                                Libraries\STM32F10x_StdPeriph_Driver\src\stm32f10x_fsmc.o
FSMC_GetITStatus                                  Libraries\STM32F10x_StdPeriph_Driver\src\stm32f10x_fsmc.o
FSMC_ITConfig                                     Libraries\STM32F10x_StdPeriph_Driver\src\stm32f10x_fsmc.o
FSMC_NANDCmd                                      Libraries\STM32F10x_StdPeriph_Driver\src\stm32f10x_fsmc.o
FSMC_NANDDeInit                                   Libraries\STM32F10x_StdPeriph_Driver\src\stm32f10x_fsmc.o
FSMC_NANDECCCmd                                   Libraries\STM32F10x_StdPeriph_Driver\src\stm32f10x_fsmc.o
FSMC_NANDInit                                     Libraries\STM32F10x_StdPeriph_Driver\src\stm32f10x_fsmc.o
FSMC_NANDStructInit                               Libraries\STM32F10x_StdPeriph_Driver\src\stm32f10x_fsmc.o
FSMC_NORSRAMCmd                                   Libraries\STM32F10x_StdPeriph_Driver\src\stm32f10x_fsmc.o
FSMC_NORSRAMDeInit                                Libraries\STM32F10x_StdPeriph_Driver\src\stm32f10x_fsmc.o
FSMC_NORSRAMInit                                  Libraries\STM32F10x_StdPeriph_Driver\src\stm32f10x_fsmc.o
FSMC_NORSRAMStructInit                            Libraries\STM32F10x_StdPeriph_Driver\src\stm32f10x_fsmc.o
FSMC_PCCARDCmd                                    Libraries\STM32F10x_StdPeriph_Driver\src\stm32f10x_fsmc.o
FSMC_PCCARDDeInit                                 Libraries\STM32F10x_StdPeriph_Driver\src\stm32f10x_fsmc.o
FSMC_PCCARDInit                                   Libraries\STM32F10x_StdPeriph_Driver\src\stm32f10x_fsmc.o
FSMC_PCCARDStructInit                             Libraries\STM32F10x_StdPeriph_Driver\src\stm32f10x_fsmc.o
GPIO_AFIODeInit                                   Libraries\STM32F10x_StdPeriph_Driver\src\stm32f10x_gpio.o
GPIO_DeInit                                       Libraries\STM32F10x_StdPeriph_Driver\src\stm32f10x_gpio.o
GPIO_ETH_MediaInterfaceConfig                     Libraries\STM32F10x_StdPeriph_Driver\src\stm32f10x_gpio.o
GPIO_EXTILineConfig                               Libraries\STM32F10x_StdPeriph_Driver\src\stm32f10x_gpio.o
GPIO_EventOutputCmd                               Libraries\STM32F10x_StdPeriph_Driver\src\stm32f10x_gpio.o
GPIO_EventOutputConfig                            Libraries\STM32F10x_StdPeriph_Driver\src\stm32f10x_gpio.o
GPIO_Init                                         Libraries\STM32F10x_StdPeriph_Driver\src\stm32f10x_gpio.o
GPIO_PinLockConfig                                Libraries\STM32F10x_StdPeriph_Driver\src\stm32f10x_gpio.o
GPIO_PinRemapConfig                               Libraries\STM32F10x_StdPeriph_Driver\src\stm32f10x_gpio.o
GPIO_ReadInputData                                Libraries\STM32F10x_StdPeriph_Driver\src\stm32f10x_gpio.o
GPIO_ReadInputDataBit                             Libraries\STM32F10x_StdPeriph_Driver\src\stm32f10x_gpio.o
GPIO_ReadOutputData                               Libraries\STM32F10x_StdPeriph_Driver\src\stm32f10x_gpio.o
GPIO_ReadOutputDataBit                            Libraries\STM32F10x_StdPeriph_Driver\src\stm32f10x_gpio.o
GPIO_ResetBits                                    Libraries\STM32F10x_StdPeriph_Driver\src\stm32f10x_gpio.o
GPIO_SetBits                                      Libraries\STM32F10x_StdPeriph_Driver\src\stm32f10x_gpio.o
GPIO_StructInit                                   Libraries\STM32F10x_StdPeriph_Driver\src\stm32f10x_gpio.o
GPIO_Write                                        Libraries\STM32F10x_StdPeriph_Driver\src\stm32f10x_gpio.o
GPIO_WriteBit                                     Libraries\STM32F10x_StdPeriph_Driver\src\stm32f10x_gpio.o
HardFault_Handler                                 src\stm32f1xx_it.o
                                                  src\startup_stm32f10x_md.o
I2C1_ER_IRQHandler                                src\startup_stm32f10x_md.o
I2C1_EV_IRQHandler                                src\startup_stm32f10x_md.o
I2C2_ER_IRQHandler                                src\startup_stm32f10x_md.o
I2C2_EV_IRQHandler                                src\startup_stm32f10x_md.o
I2C_ARPCmd                                        Libraries\STM32F10x_StdPeriph_Driver\src\stm32f10x_i2c.o
I2C_AcknowledgeConfig                             Libraries\STM32F10x_StdPeriph_Driver\src\stm32f10x_i2c.o
I2C_CalculatePEC                                  Libraries\STM32F10x_StdPeriph_Driver\src\stm32f10x_i2c.o
I2C_CheckEvent                                    Libraries\STM32F10x_StdPeriph_Driver\src\stm32f10x_i2c.o
I2C_ClearFlag                                     Libraries\STM32F10x_StdPeriph_Driver\src\stm32f10x_i2c.o
I2C_ClearITPendingBit                             Libraries\STM32F10x_StdPeriph_Driver\src\stm32f10x_i2c.o
I2C_Cmd                                           Libraries\STM32F10x_StdPeriph_Driver\src\stm32f10x_i2c.o
I2C_DMACmd                                        Libraries\STM32F10x_StdPeriph_Driver\src\stm32f10x_i2c.o
I2C_DMALastTransferCmd                            Libraries\STM32F10x_StdPeriph_Driver\src\stm32f10x_i2c.o
I2C_DeInit                                        Libraries\STM32F10x_StdPeriph_Driver\src\stm32f10x_i2c.o
I2C_DualAddressCmd                                Libraries\STM32F10x_StdPeriph_Driver\src\stm32f10x_i2c.o
I2C_FastModeDutyCycleConfig                       Libraries\STM32F10x_StdPeriph_Driver\src\stm32f10x_i2c.o
I2C_GeneralCallCmd                                Libraries\STM32F10x_StdPeriph_Driver\src\stm32f10x_i2c.o
I2C_GenerateSTART                                 Libraries\STM32F10x_StdPeriph_Driver\src\stm32f10x_i2c.o
I2C_GenerateSTOP                                  Libraries\STM32F10x_StdPeriph_Driver\src\stm32f10x_i2c.o
I2C_GetFlagStatus                                 Libraries\STM32F10x_StdPeriph_Driver\src\stm32f10x_i2c.o
I2C_GetITStatus                                   Libraries\STM32F10x_StdPeriph_Driver\src\stm32f10x_i2c.o
I2C_GetLastEvent                                  Libraries\STM32F10x_StdPeriph_Driver\src\stm32f10x_i2c.o
I2C_GetPEC                                        Libraries\STM32F10x_StdPeriph_Driver\src\stm32f10x_i2c.o
I2C_ITConfig                                      Libraries\STM32F10x_StdPeriph_Driver\src\stm32f10x_i2c.o
I2C_Init                                          Libraries\STM32F10x_StdPeriph_Driver\src\stm32f10x_i2c.o
I2C_NACKPositionConfig                            Libraries\STM32F10x_StdPeriph_Driver\src\stm32f10x_i2c.o
I2C_OwnAddress2Config                             Libraries\STM32F10x_StdPeriph_Driver\src\stm32f10x_i2c.o
I2C_PECPositionConfig                             Libraries\STM32F10x_StdPeriph_Driver\src\stm32f10x_i2c.o
I2C_ReadRegister                                  Libraries\STM32F10x_StdPeriph_Driver\src\stm32f10x_i2c.o
I2C_ReceiveData                                   Libraries\STM32F10x_StdPeriph_Driver\src\stm32f10x_i2c.o
I2C_SMBusAlertConfig                              Libraries\STM32F10x_StdPeriph_Driver\src\stm32f10x_i2c.o
I2C_Send7bitAddress                               Libraries\STM32F10x_StdPeriph_Driver\src\stm32f10x_i2c.o
I2C_SendData                                      Libraries\STM32F10x_StdPeriph_Driver\src\stm32f10x_i2c.o
I2C_SoftwareResetCmd                              Libraries\STM32F10x_StdPeriph_Driver\src\stm32f10x_i2c.o
I2C_StretchClockCmd                               Libraries\STM32F10x_StdPeriph_Driver\src\stm32f10x_i2c.o
I2C_StructInit                                    Libraries\STM32F10x_StdPeriph_Driver\src\stm32f10x_i2c.o
I2C_TransmitPEC                                   Libraries\STM32F10x_StdPeriph_Driver\src\stm32f10x_i2c.o
I2S_Cmd                                           Libraries\STM32F10x_StdPeriph_Driver\src\stm32f10x_spi.o
I2S_Init                                          Libraries\STM32F10x_StdPeriph_Driver\src\stm32f10x_spi.o
I2S_StructInit                                    Libraries\STM32F10x_StdPeriph_Driver\src\stm32f10x_spi.o
IWDG_Enable                                       Libraries\STM32F10x_StdPeriph_Driver\src\stm32f10x_iwdg.o
IWDG_GetFlagStatus                                Libraries\STM32F10x_StdPeriph_Driver\src\stm32f10x_iwdg.o
IWDG_ReloadCounter                                Libraries\STM32F10x_StdPeriph_Driver\src\stm32f10x_iwdg.o
IWDG_SetPrescaler                                 Libraries\STM32F10x_StdPeriph_Driver\src\stm32f10x_iwdg.o
IWDG_SetReload                                    Libraries\STM32F10x_StdPeriph_Driver\src\stm32f10x_iwdg.o
IWDG_WriteAccessCmd                               Libraries\STM32F10x_StdPeriph_Driver\src\stm32f10x_iwdg.o
MemManage_Handler                                 src\stm32f1xx_it.o
                                                  src\startup_stm32f10x_md.o
NMI_Handler                                       src\stm32f1xx_it.o
                                                  src\startup_stm32f10x_md.o
NVIC_Init                                         Libraries\STM32F10x_StdPeriph_Driver\src\misc.o
NVIC_PriorityGroupConfig                          Libraries\STM32F10x_StdPeriph_Driver\src\misc.o
NVIC_SetVectorTable                               Libraries\STM32F10x_StdPeriph_Driver\src\misc.o
NVIC_SystemLPConfig                               Libraries\STM32F10x_StdPeriph_Driver\src\misc.o
PVD_IRQHandler                                    src\startup_stm32f10x_md.o
PWR_BackupAccessCmd                               Libraries\STM32F10x_StdPeriph_Driver\src\stm32f10x_pwr.o
PWR_ClearFlag                                     Libraries\STM32F10x_StdPeriph_Driver\src\stm32f10x_pwr.o
PWR_DeInit                                        Libraries\STM32F10x_StdPeriph_Driver\src\stm32f10x_pwr.o
PWR_EnterSTANDBYMode                              Libraries\STM32F10x_StdPeriph_Driver\src\stm32f10x_pwr.o
PWR_EnterSTOPMode                                 Libraries\STM32F10x_StdPeriph_Driver\src\stm32f10x_pwr.o
PWR_GetFlagStatus                                 Libraries\STM32F10x_StdPeriph_Driver\src\stm32f10x_pwr.o
PWR_PVDCmd                                        Libraries\STM32F10x_StdPeriph_Driver\src\stm32f10x_pwr.o
PWR_PVDLevelConfig                                Libraries\STM32F10x_StdPeriph_Driver\src\stm32f10x_pwr.o
PWR_WakeUpPinCmd                                  Libraries\STM32F10x_StdPeriph_Driver\src\stm32f10x_pwr.o
PendSV_Handler                                    FreeRTOS_Source\portable\GCC\ARM_CM3\port.o
RCC_ADCCLKConfig                                  Libraries\STM32F10x_StdPeriph_Driver\src\stm32f10x_rcc.o
RCC_AHBPeriphClockCmd                             Libraries\STM32F10x_StdPeriph_Driver\src\stm32f10x_rcc.o
RCC_APB1PeriphClockCmd                            Libraries\STM32F10x_StdPeriph_Driver\src\stm32f10x_rcc.o
RCC_APB1PeriphResetCmd                            Libraries\STM32F10x_StdPeriph_Driver\src\stm32f10x_rcc.o
                                                  Libraries\STM32F10x_StdPeriph_Driver\src\stm32f10x_wwdg.o
                                                  Libraries\STM32F10x_StdPeriph_Driver\src\stm32f10x_usart.o
                                                  Libraries\STM32F10x_StdPeriph_Driver\src\stm32f10x_tim.o
                                                  Libraries\STM32F10x_StdPeriph_Driver\src\stm32f10x_spi.o
                                                  Libraries\STM32F10x_StdPeriph_Driver\src\stm32f10x_pwr.o
                                                  Libraries\STM32F10x_StdPeriph_Driver\src\stm32f10x_i2c.o
                                                  Libraries\STM32F10x_StdPeriph_Driver\src\stm32f10x_dac.o
                                                  Libraries\STM32F10x_StdPeriph_Driver\src\stm32f10x_cec.o
                                                  Libraries\STM32F10x_StdPeriph_Driver\src\stm32f10x_can.o
RCC_APB2PeriphClockCmd                            Libraries\STM32F10x_StdPeriph_Driver\src\stm32f10x_rcc.o
RCC_APB2PeriphResetCmd                            Libraries\STM32F10x_StdPeriph_Driver\src\stm32f10x_rcc.o
                                                  Libraries\STM32F10x_StdPeriph_Driver\src\stm32f10x_usart.o
                                                  Libraries\STM32F10x_StdPeriph_Driver\src\stm32f10x_tim.o
                                                  Libraries\STM32F10x_StdPeriph_Driver\src\stm32f10x_spi.o
                                                  Libraries\STM32F10x_StdPeriph_Driver\src\stm32f10x_gpio.o
                                                  Libraries\STM32F10x_StdPeriph_Driver\src\stm32f10x_adc.o
RCC_AdjustHSICalibrationValue                     Libraries\STM32F10x_StdPeriph_Driver\src\stm32f10x_rcc.o
RCC_BackupResetCmd                                Libraries\STM32F10x_StdPeriph_Driver\src\stm32f10x_rcc.o
                                                  Libraries\STM32F10x_StdPeriph_Driver\src\stm32f10x_bkp.o
RCC_ClearFlag                                     Libraries\STM32F10x_StdPeriph_Driver\src\stm32f10x_rcc.o
RCC_ClearITPendingBit                             Libraries\STM32F10x_StdPeriph_Driver\src\stm32f10x_rcc.o
RCC_ClockSecuritySystemCmd                        Libraries\STM32F10x_StdPeriph_Driver\src\stm32f10x_rcc.o
RCC_DeInit                                        Libraries\STM32F10x_StdPeriph_Driver\src\stm32f10x_rcc.o
RCC_GetClocksFreq                                 Libraries\STM32F10x_StdPeriph_Driver\src\stm32f10x_rcc.o
                                                  Libraries\STM32F10x_StdPeriph_Driver\src\stm32f10x_usart.o
                                                  Libraries\STM32F10x_StdPeriph_Driver\src\stm32f10x_spi.o
                                                  Libraries\STM32F10x_StdPeriph_Driver\src\stm32f10x_i2c.o
RCC_GetFlagStatus                                 Libraries\STM32F10x_StdPeriph_Driver\src\stm32f10x_rcc.o
RCC_GetITStatus                                   Libraries\STM32F10x_StdPeriph_Driver\src\stm32f10x_rcc.o
RCC_GetSYSCLKSource                               Libraries\STM32F10x_StdPeriph_Driver\src\stm32f10x_rcc.o
RCC_HCLKConfig                                    Libraries\STM32F10x_StdPeriph_Driver\src\stm32f10x_rcc.o
RCC_HSEConfig                                     Libraries\STM32F10x_StdPeriph_Driver\src\stm32f10x_rcc.o
RCC_HSICmd                                        Libraries\STM32F10x_StdPeriph_Driver\src\stm32f10x_rcc.o
RCC_IRQHandler                                    src\startup_stm32f10x_md.o
RCC_ITConfig                                      Libraries\STM32F10x_StdPeriph_Driver\src\stm32f10x_rcc.o
RCC_LSEConfig                                     Libraries\STM32F10x_StdPeriph_Driver\src\stm32f10x_rcc.o
RCC_LSICmd                                        Libraries\STM32F10x_StdPeriph_Driver\src\stm32f10x_rcc.o
RCC_MCOConfig                                     Libraries\STM32F10x_StdPeriph_Driver\src\stm32f10x_rcc.o
RCC_PCLK1Config                                   Libraries\STM32F10x_StdPeriph_Driver\src\stm32f10x_rcc.o
RCC_PCLK2Config                                   Libraries\STM32F10x_StdPeriph_Driver\src\stm32f10x_rcc.o
RCC_PLLCmd                                        Libraries\STM32F10x_StdPeriph_Driver\src\stm32f10x_rcc.o
RCC_PLLConfig                                     Libraries\STM32F10x_StdPeriph_Driver\src\stm32f10x_rcc.o
RCC_RTCCLKCmd                                     Libraries\STM32F10x_StdPeriph_Driver\src\stm32f10x_rcc.o
RCC_RTCCLKConfig                                  Libraries\STM32F10x_StdPeriph_Driver\src\stm32f10x_rcc.o
RCC_SYSCLKConfig                                  Libraries\STM32F10x_StdPeriph_Driver\src\stm32f10x_rcc.o
RCC_USBCLKConfig                                  Libraries\STM32F10x_StdPeriph_Driver\src\stm32f10x_rcc.o
RCC_WaitForHSEStartUp                             Libraries\STM32F10x_StdPeriph_Driver\src\stm32f10x_rcc.o
RTCAlarm_IRQHandler                               src\startup_stm32f10x_md.o
RTC_ClearFlag                                     Libraries\STM32F10x_StdPeriph_Driver\src\stm32f10x_rtc.o
RTC_ClearITPendingBit                             Libraries\STM32F10x_StdPeriph_Driver\src\stm32f10x_rtc.o
RTC_EnterConfigMode                               Libraries\STM32F10x_StdPeriph_Driver\src\stm32f10x_rtc.o
RTC_ExitConfigMode                                Libraries\STM32F10x_StdPeriph_Driver\src\stm32f10x_rtc.o
RTC_GetCounter                                    Libraries\STM32F10x_StdPeriph_Driver\src\stm32f10x_rtc.o
RTC_GetDivider                                    Libraries\STM32F10x_StdPeriph_Driver\src\stm32f10x_rtc.o
RTC_GetFlagStatus                                 Libraries\STM32F10x_StdPeriph_Driver\src\stm32f10x_rtc.o
RTC_GetITStatus                                   Libraries\STM32F10x_StdPeriph_Driver\src\stm32f10x_rtc.o
RTC_IRQHandler                                    src\startup_stm32f10x_md.o
RTC_ITConfig                                      Libraries\STM32F10x_StdPeriph_Driver\src\stm32f10x_rtc.o
RTC_SetAlarm                                      Libraries\STM32F10x_StdPeriph_Driver\src\stm32f10x_rtc.o
RTC_SetCounter                                    Libraries\STM32F10x_StdPeriph_Driver\src\stm32f10x_rtc.o
RTC_SetPrescaler                                  Libraries\STM32F10x_StdPeriph_Driver\src\stm32f10x_rtc.o
RTC_WaitForLastTask                               Libraries\STM32F10x_StdPeriph_Driver\src\stm32f10x_rtc.o
RTC_WaitForSynchro                                Libraries\STM32F10x_StdPeriph_Driver\src\stm32f10x_rtc.o
Reset_Handler                                     src\startup_stm32f10x_md.o
SDIO_CEATAITCmd                                   Libraries\STM32F10x_StdPeriph_Driver\src\stm32f10x_sdio.o
SDIO_ClearFlag                                    Libraries\STM32F10x_StdPeriph_Driver\src\stm32f10x_sdio.o
SDIO_ClearITPendingBit                            Libraries\STM32F10x_StdPeriph_Driver\src\stm32f10x_sdio.o
SDIO_ClockCmd                                     Libraries\STM32F10x_StdPeriph_Driver\src\stm32f10x_sdio.o
SDIO_CmdStructInit                                Libraries\STM32F10x_StdPeriph_Driver\src\stm32f10x_sdio.o
SDIO_CommandCompletionCmd                         Libraries\STM32F10x_StdPeriph_Driver\src\stm32f10x_sdio.o
SDIO_DMACmd                                       Libraries\STM32F10x_StdPeriph_Driver\src\stm32f10x_sdio.o
SDIO_DataConfig                                   Libraries\STM32F10x_StdPeriph_Driver\src\stm32f10x_sdio.o
SDIO_DataStructInit                               Libraries\STM32F10x_StdPeriph_Driver\src\stm32f10x_sdio.o
SDIO_DeInit                                       Libraries\STM32F10x_StdPeriph_Driver\src\stm32f10x_sdio.o
SDIO_GetCommandResponse                           Libraries\STM32F10x_StdPeriph_Driver\src\stm32f10x_sdio.o
SDIO_GetDataCounter                               Libraries\STM32F10x_StdPeriph_Driver\src\stm32f10x_sdio.o
SDIO_GetFIFOCount                                 Libraries\STM32F10x_StdPeriph_Driver\src\stm32f10x_sdio.o
SDIO_GetFlagStatus                                Libraries\STM32F10x_StdPeriph_Driver\src\stm32f10x_sdio.o
SDIO_GetITStatus                                  Libraries\STM32F10x_StdPeriph_Driver\src\stm32f10x_sdio.o
SDIO_GetPowerState                                Libraries\STM32F10x_StdPeriph_Driver\src\stm32f10x_sdio.o
SDIO_GetResponse                                  Libraries\STM32F10x_StdPeriph_Driver\src\stm32f10x_sdio.o
SDIO_ITConfig                                     Libraries\STM32F10x_StdPeriph_Driver\src\stm32f10x_sdio.o
SDIO_Init                                         Libraries\STM32F10x_StdPeriph_Driver\src\stm32f10x_sdio.o
SDIO_ReadData                                     Libraries\STM32F10x_StdPeriph_Driver\src\stm32f10x_sdio.o
SDIO_SendCEATACmd                                 Libraries\STM32F10x_StdPeriph_Driver\src\stm32f10x_sdio.o
SDIO_SendCommand                                  Libraries\STM32F10x_StdPeriph_Driver\src\stm32f10x_sdio.o
SDIO_SendSDIOSuspendCmd                           Libraries\STM32F10x_StdPeriph_Driver\src\stm32f10x_sdio.o
SDIO_SetPowerState                                Libraries\STM32F10x_StdPeriph_Driver\src\stm32f10x_sdio.o
SDIO_SetSDIOOperation                             Libraries\STM32F10x_StdPeriph_Driver\src\stm32f10x_sdio.o
SDIO_SetSDIOReadWaitMode                          Libraries\STM32F10x_StdPeriph_Driver\src\stm32f10x_sdio.o
SDIO_StartSDIOReadWait                            Libraries\STM32F10x_StdPeriph_Driver\src\stm32f10x_sdio.o
SDIO_StopSDIOReadWait                             Libraries\STM32F10x_StdPeriph_Driver\src\stm32f10x_sdio.o
SDIO_StructInit                                   Libraries\STM32F10x_StdPeriph_Driver\src\stm32f10x_sdio.o
SDIO_WriteData                                    Libraries\STM32F10x_StdPeriph_Driver\src\stm32f10x_sdio.o
SPI1_IRQHandler                                   src\startup_stm32f10x_md.o
SPI2_IRQHandler                                   src\startup_stm32f10x_md.o
SPI_BiDirectionalLineConfig                       Libraries\STM32F10x_StdPeriph_Driver\src\stm32f10x_spi.o
SPI_CalculateCRC                                  Libraries\STM32F10x_StdPeriph_Driver\src\stm32f10x_spi.o
SPI_Cmd                                           Libraries\STM32F10x_StdPeriph_Driver\src\stm32f10x_spi.o
SPI_DataSizeConfig                                Libraries\STM32F10x_StdPeriph_Driver\src\stm32f10x_spi.o
SPI_GetCRC                                        Libraries\STM32F10x_StdPeriph_Driver\src\stm32f10x_spi.o
SPI_GetCRCPolynomial                              Libraries\STM32F10x_StdPeriph_Driver\src\stm32f10x_spi.o
SPI_I2S_ClearFlag                                 Libraries\STM32F10x_StdPeriph_Driver\src\stm32f10x_spi.o
SPI_I2S_ClearITPendingBit                         Libraries\STM32F10x_StdPeriph_Driver\src\stm32f10x_spi.o
SPI_I2S_DMACmd                                    Libraries\STM32F10x_StdPeriph_Driver\src\stm32f10x_spi.o
SPI_I2S_DeInit                                    Libraries\STM32F10x_StdPeriph_Driver\src\stm32f10x_spi.o
SPI_I2S_GetFlagStatus                             Libraries\STM32F10x_StdPeriph_Driver\src\stm32f10x_spi.o
SPI_I2S_GetITStatus                               Libraries\STM32F10x_StdPeriph_Driver\src\stm32f10x_spi.o
SPI_I2S_ITConfig                                  Libraries\STM32F10x_StdPeriph_Driver\src\stm32f10x_spi.o
SPI_I2S_ReceiveData                               Libraries\STM32F10x_StdPeriph_Driver\src\stm32f10x_spi.o
SPI_I2S_SendData                                  Libraries\STM32F10x_StdPeriph_Driver\src\stm32f10x_spi.o
SPI_Init                                          Libraries\STM32F10x_StdPeriph_Driver\src\stm32f10x_spi.o