Archive member included to satisfy reference by file (symbol)

d:/programs/truestudio for stm32 9.3.0/armtools/bin/../lib/gcc/arm-atollic-eabi/6.3.1/../../../../arm-atollic-eabi/lib/armv7-m\libstdc++_nano.a(new_op.o)
                              src\CC1101.o (operator new(unsigned int))
d:/programs/truestudio for stm32 9.3.0/armtools/bin/../lib/gcc/arm-atollic-eabi/6.3.1/../../../../arm-atollic-eabi/lib/armv7-m\libstdc++_nano.a(new_handler.o)
                              d:/programs/truestudio for stm32 9.3.0/armtools/bin/../lib/gcc/arm-atollic-eabi/6.3.1/../../../../arm-atollic-eabi/lib/armv7-m\libstdc++_nano.a(new_op.o) (std::get_new_handler())
d:/programs/truestudio for stm32 9.3.0/armtools/bin/../lib/gcc/arm-atollic-eabi/6.3.1/../../../../arm-atollic-eabi/lib/armv7-m\libm.a(lib_a-w_pow.o)
                              src\uart_com.o (pow)
d:/programs/truestudio for stm32 9.3.0/armtools/bin/../lib/gcc/arm-atollic-eabi/6.3.1/../../../../arm-atollic-eabi/lib/armv7-m\libm.a(lib_a-e_pow.o)
                              d:/programs/truestudio for stm32 9.3.0/armtools/bin/../lib/gcc/arm-atollic-eabi/6.3.1/../../../../arm-atollic-eabi/lib/armv7-m\libm.a(lib_a-w_pow.o) (__ieee754_pow)
d:/programs/truestudio for stm32 9.3.0/armtools/bin/../lib/gcc/arm-atollic-eabi/6.3.1/../../../../arm-atollic-eabi/lib/armv7-m\libm.a(lib_a-e_sqrt.o)
                              d:/programs/truestudio for stm32 9.3.0/armtools/bin/../lib/gcc/arm-atollic-eabi/6.3.1/../../../../arm-atollic-eabi/lib/armv7-m\libm.a(lib_a-e_pow.o) (__ieee754_sqrt)
d:/programs/truestudio for stm32 9.3.0/armtools/bin/../lib/gcc/arm-atollic-eabi/6.3.1/../../../../arm-atollic-eabi/lib/armv7-m\libm.a(lib_a-s_fabs.o)
                              d:/programs/truestudio for stm32 9.3.0/armtools/bin/../lib/gcc/arm-atollic-eabi/6.3.1/../../../../arm-atollic-eabi/lib/armv7-m\libm.a(lib_a-e_pow.o) (fabs)
d:/programs/truestudio for stm32 9.3.0/armtools/bin/../lib/gcc/arm-atollic-eabi/6.3.1/../../../../arm-atollic-eabi/lib/armv7-m\libm.a(lib_a-s_finite.o)
                              d:/programs/truestudio for stm32 9.3.0/armtools/bin/../lib/gcc/arm-atollic-eabi/6.3.1/../../../../arm-atollic-eabi/lib/armv7-m\libm.a(lib_a-w_pow.o) (finite)
d:/programs/truestudio for stm32 9.3.0/armtools/bin/../lib/gcc/arm-atollic-eabi/6.3.1/../../../../arm-atollic-eabi/lib/armv7-m\libm.a(lib_a-s_lib_ver.o)
                              d:/programs/truestudio for stm32 9.3.0/armtools/bin/../lib/gcc/arm-atollic-eabi/6.3.1/../../../../arm-atollic-eabi/lib/armv7-m\libm.a(lib_a-w_pow.o) (__fdlib_version)
d:/programs/truestudio for stm32 9.3.0/armtools/bin/../lib/gcc/arm-atollic-eabi/6.3.1/../../../../arm-atollic-eabi/lib/armv7-m\libm.a(lib_a-s_matherr.o)
                              d:/programs/truestudio for stm32 9.3.0/armtools/bin/../lib/gcc/arm-atollic-eabi/6.3.1/../../../../arm-atollic-eabi/lib/armv7-m\libm.a(lib_a-w_pow.o) (matherr)
d:/programs/truestudio for stm32 9.3.0/armtools/bin/../lib/gcc/arm-atollic-eabi/6.3.1/../../../../arm-atollic-eabi/lib/armv7-m\libm.a(lib_a-s_nan.o)
                              d:/programs/truestudio for stm32 9.3.0/armtools/bin/../lib/gcc/arm-atollic-eabi/6.3.1/../../../../arm-atollic-eabi/lib/armv7-m\libm.a(lib_a-e_pow.o) (nan)
d:/programs/truestudio for stm32 9.3.0/armtools/bin/../lib/gcc/arm-atollic-eabi/6.3.1/../../../../arm-atollic-eabi/lib/armv7-m\libm.a(lib_a-s_rint.o)
                              d:/programs/truestudio for stm32 9.3.0/armtools/bin/../lib/gcc/arm-atollic-eabi/6.3.1/../../../../arm-atollic-eabi/lib/armv7-m\libm.a(lib_a-w_pow.o) (rint)
d:/programs/truestudio for stm32 9.3.0/armtools/bin/../lib/gcc/arm-atollic-eabi/6.3.1/../../../../arm-atollic-eabi/lib/armv7-m\libm.a(lib_a-s_scalbn.o)
                              d:/programs/truestudio for stm32 9.3.0/armtools/bin/../lib/gcc/arm-atollic-eabi/6.3.1/../../../../arm-atollic-eabi/lib/armv7-m\libm.a(lib_a-e_pow.o) (scalbn)
d:/programs/truestudio for stm32 9.3.0/armtools/bin/../lib/gcc/arm-atollic-eabi/6.3.1/../../../../arm-atollic-eabi/lib/armv7-m\libm.a(lib_a-s_copysign.o)
                              d:/programs/truestudio for stm32 9.3.0/armtools/bin/../lib/gcc/arm-atollic-eabi/6.3.1/../../../../arm-atollic-eabi/lib/armv7-m\libm.a(lib_a-s_scalbn.o) (copysign)
d:/programs/truestudio for stm32 9.3.0/armtools/bin/../lib/gcc/arm-atollic-eabi/6.3.1/../../../../arm-atollic-eabi/lib/armv7-m\libc_nano.a(lib_a-abort.o)
                              d:/programs/truestudio for stm32 9.3.0/armtools/bin/../lib/gcc/arm-atollic-eabi/6.3.1/../../../../arm-atollic-eabi/lib/armv7-m\libstdc++_nano.a(new_op.o) (abort)
d:/programs/truestudio for stm32 9.3.0/armtools/bin/../lib/gcc/arm-atollic-eabi/6.3.1/../../../../arm-atollic-eabi/lib/armv7-m\libc_nano.a(lib_a-errno.o)
                              d:/programs/truestudio for stm32 9.3.0/armtools/bin/../lib/gcc/arm-atollic-eabi/6.3.1/../../../../arm-atollic-eabi/lib/armv7-m\libm.a(lib_a-w_pow.o) (__errno)
[...]
Memory Configuration

Name             Origin             Length             Attributes
FLASH            0x08000000         0x00020000         xr
RAM              0x20000000         0x00005000         xrw
MEMORY_B1        0x60000000         0x00000000         xr
*default*        0x00000000         0xffffffff

Linker script and memory map

LOAD d:/programs/truestudio for stm32 9.3.0/armtools/bin/../lib/gcc/arm-atollic-eabi/6.3.1/armv7-m/crti.o
LOAD d:/programs/truestudio for stm32 9.3.0/armtools/bin/../lib/gcc/arm-atollic-eabi/6.3.1/armv7-m/crtbegin.o
LOAD FreeRTOS_Source\croutine.o
LOAD FreeRTOS_Source\event_groups.o
LOAD FreeRTOS_Source\list.o
LOAD FreeRTOS_Source\portable\GCC\ARM_CM3\port.o
LOAD FreeRTOS_Source\portable\MemMang\heap_3.o
LOAD FreeRTOS_Source\queue.o
LOAD FreeRTOS_Source\stream_buffer.o
LOAD FreeRTOS_Source\tasks.o
LOAD FreeRTOS_Source\timers.o
LOAD Libraries\STM32F10x_StdPeriph_Driver\src\misc.o
LOAD Libraries\STM32F10x_StdPeriph_Driver\src\stm32f10x_adc.o
LOAD Libraries\STM32F10x_StdPeriph_Driver\src\stm32f10x_bkp.o
LOAD Libraries\STM32F10x_StdPeriph_Driver\src\stm32f10x_can.o
LOAD Libraries\STM32F10x_StdPeriph_Driver\src\stm32f10x_cec.o
LOAD Libraries\STM32F10x_StdPeriph_Driver\src\stm32f10x_crc.o
LOAD Libraries\STM32F10x_StdPeriph_Driver\src\stm32f10x_dac.o
LOAD Libraries\STM32F10x_StdPeriph_Driver\src\stm32f10x_dbgmcu.o
LOAD Libraries\STM32F10x_StdPeriph_Driver\src\stm32f10x_dma.o
LOAD Libraries\STM32F10x_StdPeriph_Driver\src\stm32f10x_exti.o
LOAD Libraries\STM32F10x_StdPeriph_Driver\src\stm32f10x_flash.o
LOAD Libraries\STM32F10x_StdPeriph_Driver\src\stm32f10x_fsmc.o
LOAD Libraries\STM32F10x_StdPeriph_Driver\src\stm32f10x_gpio.o
LOAD Libraries\STM32F10x_StdPeriph_Driver\src\stm32f10x_i2c.o
LOAD Libraries\STM32F10x_StdPeriph_Driver\src\stm32f10x_iwdg.o
LOAD Libraries\STM32F10x_StdPeriph_Driver\src\stm32f10x_pwr.o
LOAD Libraries\STM32F10x_StdPeriph_Driver\src\stm32f10x_rcc.o
LOAD Libraries\STM32F10x_StdPeriph_Driver\src\stm32f10x_rtc.o
LOAD Libraries\STM32F10x_StdPeriph_Driver\src\stm32f10x_sdio.o
LOAD Libraries\STM32F10x_StdPeriph_Driver\src\stm32f10x_spi.o
LOAD Libraries\STM32F10x_StdPeriph_Driver\src\stm32f10x_tim.o
LOAD Libraries\STM32F10x_StdPeriph_Driver\src\stm32f10x_usart.o
LOAD Libraries\STM32F10x_StdPeriph_Driver\src\stm32f10x_wwdg.o
LOAD src\CC1101.o
LOAD src\bmp_source\bmp180.o
LOAD src\bmp_source\bmp180_support.o
LOAD src\canbustask.o
LOAD src\cc11x_class.o
LOAD src\eink_display.o
LOAD src\i2c_driver.o
LOAD src\i2c_sensor.o
LOAD src\main.o
LOAD src\startup_stm32f10x_md.o
LOAD src\stm32f1xx_it.o
LOAD src\system_stm32f10x.o
LOAD src\uart_com.o
                0x00001000                malloc_getpagesize_P = 0x1000
START GROUP
LOAD d:/programs/truestudio for stm32 9.3.0/armtools/bin/../lib/gcc/arm-atollic-eabi/6.3.1/../../../../arm-atollic-eabi/lib/armv7-m\libstdc++_nano.a
LOAD d:/programs/truestudio for stm32 9.3.0/armtools/bin/../lib/gcc/arm-atollic-eabi/6.3.1/../../../../arm-atollic-eabi/lib/armv7-m\libsupc++_nano.a
END GROUP
LOAD d:/programs/truestudio for stm32 9.3.0/armtools/bin/../lib/gcc/arm-atollic-eabi/6.3.1/../../../../arm-atollic-eabi/lib/armv7-m\libstdc++_nano.a
LOAD d:/programs/truestudio for stm32 9.3.0/armtools/bin/../lib/gcc/arm-atollic-eabi/6.3.1/../../../../arm-atollic-eabi/lib/armv7-m\libm.a
LOAD d:/programs/truestudio for stm32 9.3.0/armtools/bin/../lib/gcc/arm-atollic-eabi/6.3.1/../../../../arm-atollic-eabi/lib/armv7-m\libc_nano.a
START GROUP
LOAD d:/programs/truestudio for stm32 9.3.0/armtools/bin/../lib/gcc/arm-atollic-eabi/6.3.1/armv7-m\libgcc.a
LOAD d:/programs/truestudio for stm32 9.3.0/armtools/bin/../lib/gcc/arm-atollic-eabi/6.3.1/../../../../arm-atollic-eabi/lib/armv7-m\libc_nano.a
END GROUP
START GROUP
LOAD d:/programs/truestudio for stm32 9.3.0/armtools/bin/../lib/gcc/arm-atollic-eabi/6.3.1/armv7-m\libgcc.a
LOAD d:/programs/truestudio for stm32 9.3.0/armtools/bin/../lib/gcc/arm-atollic-eabi/6.3.1/../../../../arm-atollic-eabi/lib/armv7-m\libc_nano.a
LOAD d:/programs/truestudio for stm32 9.3.0/armtools/bin/../lib/gcc/arm-atollic-eabi/6.3.1/../../../../arm-atollic-eabi/lib/armv7-m\libnosys.a
END GROUP
START GROUP
LOAD d:/programs/truestudio for stm32 9.3.0/armtools/bin/../lib/gcc/arm-atollic-eabi/6.3.1/armv7-m\libgcc.a
LOAD d:/programs/truestudio for stm32 9.3.0/armtools/bin/../lib/gcc/arm-atollic-eabi/6.3.1/../../../../arm-atollic-eabi/lib/armv7-m\libc_nano.a
LOAD d:/programs/truestudio for stm32 9.3.0/armtools/bin/../lib/gcc/arm-atollic-eabi/6.3.1/../../../../arm-atollic-eabi/lib/armv7-m\libnosys.a
END GROUP
LOAD d:/programs/truestudio for stm32 9.3.0/armtools/bin/../lib/gcc/arm-atollic-eabi/6.3.1/armv7-m/crtend.o
LOAD d:/programs/truestudio for stm32 9.3.0/armtools/bin/../lib/gcc/arm-atollic-eabi/6.3.1/armv7-m/crtn.o
                0x20005000                _estack = 0x20005000
                0x00000000                _Min_Heap_Size = 0x0
                0x00000100                _Min_Stack_Size = 0x100

.isr_vector     0x08000000      0x10c
                0x08000000                . = ALIGN (0x4)
 *(.isr_vector)
 .isr_vector    0x08000000      0x10c src\startup_stm32f10x_md.o
                0x08000000                g_pfnVectors
                0x0800010c                . = ALIGN (0x4)

.text           0x08000110     0x5fe0
                0x08000110                . = ALIGN (0x4)
 *(.text)
 .text          0x08000110       0x40 d:/programs/truestudio for stm32 9.3.0/armtools/bin/../lib/gcc/arm-atollic-eabi/6.3.1/armv7-m/crtbegin.o
 .text          0x08000150       0x10 d:/programs/truestudio for stm32 9.3.0/armtools/bin/../lib/gcc/arm-atollic-eabi/6.3.1/../../../../arm-atollic-eabi/lib/armv7-m\libc_nano.a(lib_a-strlen.o)
                0x08000150                strlen
 .text          0x08000160      0x370 d:/programs/truestudio for stm32 9.3.0/armtools/bin/../lib/gcc/arm-atollic-eabi/6.3.1/armv7-m\libgcc.a(_arm_addsubdf3.o)
                0x08000160                __aeabi_drsub
                0x08000168                __aeabi_dsub
                0x08000168                __subdf3
                0x0800016c                __aeabi_dadd
                0x0800016c                __adddf3
                0x080003e4                __floatunsidf
                0x080003e4                __aeabi_ui2d
                0x08000404                __floatsidf
                0x08000404                __aeabi_i2d
                0x08000428                __aeabi_f2d
                0x08000428                __extendsfdf2
                0x08000464                __floatundidf
                0x08000464                __aeabi_ul2d
                0x08000474                __floatdidf
                0x08000474                __aeabi_l2d
 .text          0x080004d0      0x424 d:/programs/truestudio for stm32 9.3.0/armtools/bin/../lib/gcc/arm-atollic-eabi/6.3.1/armv7-m\libgcc.a(_arm_muldivdf3.o)
                0x080004d0                __aeabi_dmul
                0x080004d0                __muldf3
                0x08000724                __divdf3
                0x08000724                __aeabi_ddiv
 .text          0x080008f4      0x110 d:/programs/truestudio for stm32 9.3.0/armtools/bin/../lib/gcc/arm-atollic-eabi/6.3.1/armv7-m\libgcc.a(_arm_cmpdf2.o)
                0x080008f4                __gtdf2
                0x080008f4                __gedf2
                0x080008fc                __ltdf2
                0x080008fc                __ledf2
                0x08000904                __nedf2
                0x08000904                __eqdf2
                0x08000904                __cmpdf2
                0x08000980                __aeabi_cdrcmple
                0x08000990                __aeabi_cdcmpeq
                0x08000990                __aeabi_cdcmple
                0x080009a0                __aeabi_dcmpeq
                0x080009b4                __aeabi_dcmplt
                0x080009c8                __aeabi_dcmple
                0x080009dc                __aeabi_dcmpge
                0x080009f0                __aeabi_dcmpgt
 .text          0x08000a04       0x2c d:/programs/truestudio for stm32 9.3.0/armtools/bin/../lib/gcc/arm-atollic-eabi/6.3.1/armv7-m\libgcc.a(_arm_unorddf2.o)
                0x08000a04                __unorddf2
                0x08000a04                __aeabi_dcmpun
 .text          0x08000a30       0x50 d:/programs/truestudio for stm32 9.3.0/armtools/bin/../lib/gcc/arm-atollic-eabi/6.3.1/armv7-m\libgcc.a(_arm_fixdfsi.o)
                0x08000a30                __aeabi_d2iz
                0x08000a30                __fixdfsi
 *(.text*)
 .text.vListInitialise
                0x08000a80       0x3e FreeRTOS_Source\list.o
                0x08000a80                vListInitialise
 .text.vListInitialiseItem
                0x08000abe       0x18 FreeRTOS_Source\list.o
                0x08000abe                vListInitialiseItem
 .text.vListInsertEnd
                0x08000ad6       0x46 FreeRTOS_Source\list.o
                0x08000ad6                vListInsertEnd
 .text.vListInsert
                0x08000b1c       0x70 FreeRTOS_Source\list.o
                0x08000b1c                vListInsert
 .text.uxListRemove
                0x08000b8c       0x52 FreeRTOS_Source\list.o
                0x08000b8c                uxListRemove
 *fill*         0x08000bde        0x2 
 .text.pxPortInitialiseStack
                0x08000be0       0x58 FreeRTOS_Source\portable\GCC\ARM_CM3\port.o
                0x08000be0                pxPortInitialiseStack
 .text.prvTaskExitError
                0x08000c38       0x50 FreeRTOS_Source\portable\GCC\ARM_CM3\port.o
 *fill*         0x08000c88        0x8 
 .text.SVC_Handler
                0x08000c90       0x28 FreeRTOS_Source\portable\GCC\ARM_CM3\port.o
                0x08000c90                SVC_Handler
 .text.prvPortStartFirstTask
                0x08000cb8       0x20 FreeRTOS_Source\portable\GCC\ARM_CM3\port.o
 .text.xPortStartScheduler
                0x08000cd8       0xe0 FreeRTOS_Source\portable\GCC\ARM_CM3\port.o
                0x08000cd8                xPortStartScheduler
 .text.vPortEnterCritical
                0x08000db8       0x5c FreeRTOS_Source\portable\GCC\ARM_CM3\port.o
                0x08000db8                vPortEnterCritical
 .text.vPortExitCritical
                0x08000e14       0x4c FreeRTOS_Source\portable\GCC\ARM_CM3\port.o
                0x08000e14                vPortExitCritical
 .text.PendSV_Handler
                0x08000e60       0x48 FreeRTOS_Source\portable\GCC\ARM_CM3\port.o
                0x08000e60                PendSV_Handler
 .text.SysTick_Handler
                0x08000ea8       0x40 FreeRTOS_Source\portable\GCC\ARM_CM3\port.o
                0x08000ea8                SysTick_Handler
 .text.vPortSetupTimerInterrupt
                0x08000ee8       0x34 FreeRTOS_Source\portable\GCC\ARM_CM3\port.o
                0x08000ee8                vPortSetupTimerInterrupt
 .text.vPortValidateInterruptPriority
                0x08000f1c       0x78 FreeRTOS_Source\portable\GCC\ARM_CM3\port.o
                0x08000f1c                vPortValidateInterruptPriority
 .text.pvPortMalloc
                0x08000f94       0x24 FreeRTOS_Source\portable\MemMang\heap_3.o
                0x08000f94                pvPortMalloc
 .text.vPortFree
                0x08000fb8       0x24 FreeRTOS_Source\portable\MemMang\heap_3.o
                0x08000fb8                vPortFree
 .text.xQueueGenericReset
                0x08000fdc       0xd0 FreeRTOS_Source\queue.o
                0x08000fdc                xQueueGenericReset
 .text.xQueueGenericCreate
                0x080010ac       0x6a FreeRTOS_Source\queue.o
                0x080010ac                xQueueGenericCreate
 .text.prvInitialiseNewQueue
                0x08001116       0x3e FreeRTOS_Source\queue.o
 .text.xQueueGenericSend
                0x08001154      0x1f4 FreeRTOS_Source\queue.o
                0x08001154                xQueueGenericSend
 .text.xQueueGenericSendFromISR
                0x08001348      0x12e FreeRTOS_Source\queue.o
                0x08001348                xQueueGenericSendFromISR
 *fill*         0x08001476        0x2 
 .text.xQueueReceive
                0x08001478      0x1b8 FreeRTOS_Source\queue.o
                0x08001478                xQueueReceive
 .text.uxQueueSpacesAvailable
                0x08001630       0x44 FreeRTOS_Source\queue.o
                0x08001630                uxQueueSpacesAvailable
 .text.prvCopyDataToQueue
                0x08001674       0xd4 FreeRTOS_Source\queue.o
 .text.prvCopyDataFromQueue
                0x08001748       0x4c FreeRTOS_Source\queue.o
 .text.prvUnlockQueue
                0x08001794       0xa4 FreeRTOS_Source\queue.o
 .text.prvIsQueueEmpty
                0x08001838       0x2c FreeRTOS_Source\queue.o
 .text.prvIsQueueFull
                0x08001864       0x30 FreeRTOS_Source\queue.o
 .text.vQueueWaitForMessageRestricted
                0x08001894       0x68 FreeRTOS_Source\queue.o
                0x08001894                vQueueWaitForMessageRestricted
 .text.xTaskCreate
                0x080018fc       0x82 FreeRTOS_Source\tasks.o
                0x080018fc                xTaskCreate
 .text.prvInitialiseNewTask
                0x0800197e      0x10c FreeRTOS_Source\tasks.o
 *fill*         0x08001a8a        0x2 
 .text.prvAddNewTaskToReadyList
                0x08001a8c       0xd4 FreeRTOS_Source\tasks.o
 .text.vTaskDelay
                0x08001b60       0x68 FreeRTOS_Source\tasks.o
                0x08001b60                vTaskDelay
 .text.vTaskStartScheduler
                0x08001bc8       0x98 FreeRTOS_Source\tasks.o
                0x08001bc8                vTaskStartScheduler
 .text.vTaskSuspendAll
                0x08001c60       0x1c FreeRTOS_Source\tasks.o
                0x08001c60                vTaskSuspendAll
 .text.xTaskResumeAll
                0x08001c7c      0x138 FreeRTOS_Source\tasks.o
                0x08001c7c                xTaskResumeAll
 .text.xTaskGetTickCount
                0x08001db4       0x1c FreeRTOS_Source\tasks.o
                0x08001db4                xTaskGetTickCount
 .text.xTaskIncrementTick
                0x08001dd0      0x170 FreeRTOS_Source\tasks.o
                0x08001dd0                xTaskIncrementTick
 .text.vTaskSwitchContext
                0x08001f40       0xb4 FreeRTOS_Source\tasks.o
                0x08001f40                vTaskSwitchContext
 .text.vTaskPlaceOnEventList
                0x08001ff4       0x48 FreeRTOS_Source\tasks.o
                0x08001ff4                vTaskPlaceOnEventList
 .text.vTaskPlaceOnEventListRestricted
                0x0800203c       0x54 FreeRTOS_Source\tasks.o
                0x0800203c                vTaskPlaceOnEventListRestricted
 .text.xTaskRemoveFromEventList
                0x08002090       0xc4 FreeRTOS_Source\tasks.o
                0x08002090                xTaskRemoveFromEventList
 .text.vTaskInternalSetTimeOutState
                0x08002154       0x2c FreeRTOS_Source\tasks.o
                0x08002154                vTaskInternalSetTimeOutState
 .text.xTaskCheckForTimeOut
                0x08002180       0xc0 FreeRTOS_Source\tasks.o
                0x08002180                xTaskCheckForTimeOut
 .text.vTaskMissedYield
                0x08002240       0x18 FreeRTOS_Source\tasks.o
                0x08002240                vTaskMissedYield
 .text.prvIdleTask
                0x08002258       0x30 FreeRTOS_Source\tasks.o
 .text.prvInitialiseTaskLists
                0x08002288       0x80 FreeRTOS_Source\tasks.o
 .text.prvCheckTasksWaitingTermination
                0x08002308       0x58 FreeRTOS_Source\tasks.o
 .text.prvDeleteTCB
                0x08002360       0x20 FreeRTOS_Source\tasks.o
 .text.prvResetNextTaskUnblockTime
                0x08002380       0x40 FreeRTOS_Source\tasks.o
 .text.xTaskGetSchedulerState
                0x080023c0       0x3c FreeRTOS_Source\tasks.o
                0x080023c0                xTaskGetSchedulerState
 .text.xTaskPriorityDisinherit
                0x080023fc      0x108 FreeRTOS_Source\tasks.o
                0x080023fc                xTaskPriorityDisinherit
 .text.prvAddCurrentTaskToDelayedList
                0x08002504       0xcc FreeRTOS_Source\tasks.o
 .text.xTimerCreateTimerTask
                0x080025d0       0x60 FreeRTOS_Source\timers.o
                0x080025d0                xTimerCreateTimerTask
 .text.xTimerGenericCommand
                0x08002630       0x98 FreeRTOS_Source\timers.o
                0x08002630                xTimerGenericCommand
 .text.prvProcessExpiredTimer
                0x080026c8       0x98 FreeRTOS_Source\timers.o
 .text.prvTimerTask
                0x08002760       0x24 FreeRTOS_Source\timers.o
 .text.prvProcessTimerOrBlockTask
                0x08002784       0x9c FreeRTOS_Source\timers.o
 .text.prvGetNextExpireTime
                0x08002820       0x44 FreeRTOS_Source\timers.o
 .text.prvSampleTimeNow
                0x08002864       0x40 FreeRTOS_Source\timers.o
 .text.prvInsertTimerInActiveList
                0x080028a4       0x84 FreeRTOS_Source\timers.o
 .text.prvProcessReceivedCommands
                0x08002928      0x188 FreeRTOS_Source\timers.o
 .text.prvSwitchTimerLists
                0x08002ab0       0xc8 FreeRTOS_Source\timers.o
 .text.prvCheckForValidListAndQueue
                0x08002b78       0x54 FreeRTOS_Source\timers.o
 .text.GPIO_Init
                0x08002bcc      0x178 Libraries\STM32F10x_StdPeriph_Driver\src\stm32f10x_gpio.o
                0x08002bcc                GPIO_Init
 .text.GPIO_ReadInputDataBit
                0x08002d44       0x32 Libraries\STM32F10x_StdPeriph_Driver\src\stm32f10x_gpio.o
                0x08002d44                GPIO_ReadInputDataBit
 .text.GPIO_SetBits
                0x08002d76       0x1c Libraries\STM32F10x_StdPeriph_Driver\src\stm32f10x_gpio.o
                0x08002d76                GPIO_SetBits
 .text.GPIO_ResetBits
                0x08002d92       0x1c Libraries\STM32F10x_StdPeriph_Driver\src\stm32f10x_gpio.o
                0x08002d92                GPIO_ResetBits
 *fill*         0x08002dae        0x2 
 .text.RCC_APB2PeriphClockCmd
                0x08002db0       0x3c Libraries\STM32F10x_StdPeriph_Driver\src\stm32f10x_rcc.o
                0x08002db0                RCC_APB2PeriphClockCmd
 .text._ZN4packC2Ev
                0x08002dec       0x1a src\cc11x_class.o
                0x08002dec                pack::pack()
                0x08002dec                pack::pack()
 *fill*         0x08002e06        0x2 
 .text._Z11displayTaskPv
                0x08002e08      0x138 src\eink_display.o
                0x08002e08                displayTask(void*)
 .text._Z18GPIO_Configurationv
                0x08002f40       0x68 src\eink_display.o
                0x08002f40                GPIO_Configuration()
 .text._Z6setPixmm
                0x08002fa8       0x4c src\eink_display.o
                0x08002fa8                setPix(unsigned long, unsigned long)
 .text._Z8clearPixmm
                0x08002ff4       0x48 src\eink_display.o
                0x08002ff4                clearPix(unsigned long, unsigned long)
 .text._Z12clearDispRAMv
                0x0800303c       0x34 src\eink_display.o
                0x0800303c                clearDispRAM()
 .text._Z13wtireString90Pcmmm
                0x08003070      0x11c src\eink_display.o
                0x08003070                wtireString90(char*, unsigned long, unsigned long, unsigned long)
 .text._Z9SPI_Delayh
                0x0800318c       0x34 src\eink_display.o
                0x0800318c                SPI_Delay(unsigned char)
 .text._Z9SPI_Writeh
                0x080031c0       0x80 src\eink_display.o
                0x080031c0                SPI_Write(unsigned char)
 .text._Z16EPD_W21_WriteCMDh
                0x08003240       0x44 src\eink_display.o
                0x08003240                EPD_W21_WriteCMD(unsigned char)
 .text._Z17EPD_W21_WriteDATAh
                0x08003284       0x44 src\eink_display.o
                0x08003284                EPD_W21_WriteDATA(unsigned char)
 .text._Z12EPD_W21_Initv
                0x080032c8       0x30 src\eink_display.o
                0x080032c8                EPD_W21_Init()
 .text._Z8EPD_initv
                0x080032f8       0x90 src\eink_display.o
                0x080032f8                EPD_init()
 .text._Z11EPD_refreshv
                0x08003388       0x18 src\eink_display.o
                0x08003388                EPD_refresh()
 .text._Z11PIC_displayPKhS0_
                0x080033a0       0x5c src\eink_display.o
                0x080033a0                PIC_display(unsigned char const*, unsigned char const*)
 .text._Z13lcd_chkstatusv
                0x080033fc       0x48 src\eink_display.o
                0x080033fc                lcd_chkstatus()
 .text._Z15driver_delay_usj
                0x08003444       0x20 src\eink_display.o
                0x08003444                driver_delay_us(unsigned int)
 .text._Z16driver_delay_xmsm
                0x08003464       0x40 src\eink_display.o
                0x08003464                driver_delay_xms(unsigned long)
 .text._ZN16i2c_driver_classC2Em
                0x080034a4       0xac src\i2c_driver.o
                0x080034a4                i2c_driver_class::i2c_driver_class(unsigned long)
                0x080034a4                i2c_driver_class::i2c_driver_class(unsigned long)
 .text._ZN16i2c_driver_class7I2C_ISREv
                0x08003550      0x3d8 src\i2c_driver.o
                0x08003550                i2c_driver_class::I2C_ISR()
 .text._Z8aIAQCorePv
                0x08003928       0xbe src\i2c_sensor.o
                0x08003928                aIAQCore(void*)
 .text._ZN8iaq_coreC2Ev
                0x080039e6       0x20 src\i2c_sensor.o
                0x080039e6                iaq_core::iaq_core()
                0x080039e6                iaq_core::iaq_core()
 *fill*         0x08003a06        0x2 
 .text._ZN8iaq_core8i2c_initEv
                0x08003a08       0x80 src\i2c_sensor.o
                0x08003a08                iaq_core::i2c_init()
 .text._ZN8iaq_core7readI2CEv
                0x08003a88      0x150 src\i2c_sensor.o
                0x08003a88                iaq_core::readI2C()
 .text._ZN8iaq_core15hookRecievePackEv
                0x08003bd8       0x3c src\i2c_sensor.o
                0x08003bd8                iaq_core::hookRecievePack()
 .text._ZN8iaq_core6getCO2Ev
                0x08003c14       0x16 src\i2c_sensor.o
                0x08003c14                iaq_core::getCO2()
 .text._ZN8iaq_core7getTVOCEv
                0x08003c2a       0x16 src\i2c_sensor.o
                0x08003c2a                iaq_core::getTVOC()
 .text._ZN12ens210_classC2Ev
                0x08003c40       0x20 src\i2c_sensor.o
                0x08003c40                ens210_class::ens210_class()
                0x08003c40                ens210_class::ens210_class()
 .text._ZN12ens210_class8i2c_initEv
                0x08003c60       0x80 src\i2c_sensor.o
                0x08003c60                ens210_class::i2c_init()
 .text._ZN12ens210_class7readI2CEhh
                0x08003ce0      0x1e8 src\i2c_sensor.o
                0x08003ce0                ens210_class::readI2C(unsigned char, unsigned char)
 .text._ZN12ens210_class8writeI2CEhh
                0x08003ec8      0x170 src\i2c_sensor.o
                0x08003ec8                ens210_class::writeI2C(unsigned char, unsigned char)
 .text._ZN12ens210_class9sens_initEv
                0x08004038       0x52 src\i2c_sensor.o
                0x08004038                ens210_class::sens_init()
 *fill*         0x0800408a        0x6 
 .text._ZN12ens210_class7appHookEv
                0x08004090       0xbc src\i2c_sensor.o
                0x08004090                ens210_class::appHook()
 .text._ZN12ens210_class7getTempEv
                0x0800414c       0x18 src\i2c_sensor.o
                0x0800414c                ens210_class::getTemp()
 .text._ZN12ens210_class11getHumidityEv
                0x08004164       0x1e src\i2c_sensor.o
                0x08004164                ens210_class::getHumidity()
 *fill*         0x08004182        0x2 
 .text.main     0x08004184      0x124 src\main.o
                0x08004184                main
 .text._Z16prvClockCoreInitv
                0x080042a8       0xb4 src\main.o
                0x080042a8                prvClockCoreInit()
 .text._Z8run1TaskPv
                0x0800435c       0x38 src\main.o
                0x0800435c                run1Task(void*)
 .text._Z41__static_initialization_and_destruction_0ii
                0x08004394       0x40 src\main.o
 .text._GLOBAL__sub_I_sQueue
                0x080043d4       0x10 src\main.o
 .text.Reset_Handler
                0x080043e4       0x50 src\startup_stm32f10x_md.o
                0x080043e4                Reset_Handler
 .text.Default_Handler
                0x08004434        0x2 src\startup_stm32f10x_md.o
                0x08004434                EXTI2_IRQHandler
                0x08004434                DebugMon_Handler
                0x08004434                TIM1_CC_IRQHandler
                0x08004434                HardFault_Handler
                0x08004434                PVD_IRQHandler
                0x08004434                NMI_Handler
                0x08004434                EXTI3_IRQHandler
                0x08004434                EXTI0_IRQHandler
                0x08004434                I2C2_EV_IRQHandler
                0x08004434                UsageFault_Handler
                0x08004434                ADC1_2_IRQHandler
                0x08004434                SPI1_IRQHandler
                0x08004434                TAMPER_IRQHandler
                0x08004434                DMA1_Channel4_IRQHandler
                0x08004434                USART3_IRQHandler
                0x08004434                RTC_IRQHandler
                0x08004434                DMA1_Channel7_IRQHandler
                0x08004434                CAN1_RX1_IRQHandler
                0x08004434                TIM4_IRQHandler
                0x08004434                DMA1_Channel6_IRQHandler
                0x08004434                TIM3_IRQHandler
                0x08004434                RCC_IRQHandler
                0x08004434                TIM1_TRG_COM_IRQHandler
                0x08004434                DMA1_Channel1_IRQHandler
                0x08004434                Default_Handler
                0x08004434                EXTI15_10_IRQHandler
                0x08004434                EXTI9_5_IRQHandler
                0x08004434                SPI2_IRQHandler
                0x08004434                MemManage_Handler
                0x08004434                DMA1_Channel5_IRQHandler
                0x08004434                EXTI4_IRQHandler
                0x08004434                USB_LP_CAN1_RX0_IRQHandler
                0x08004434                USB_HP_CAN1_TX_IRQHandler
                0x08004434                DMA1_Channel3_IRQHandler
                0x08004434                TIM1_UP_IRQHandler
                0x08004434                WWDG_IRQHandler
                0x08004434                TIM2_IRQHandler
                0x08004434                TIM1_BRK_IRQHandler
                0x08004434                EXTI1_IRQHandler
                0x08004434                RTCAlarm_IRQHandler
                0x08004434                USART2_IRQHandler
                0x08004434                I2C2_ER_IRQHandler
                0x08004434                DMA1_Channel2_IRQHandler
                0x08004434                CAN1_SCE_IRQHandler
                0x08004434                FLASH_IRQHandler
                0x08004434                BusFault_Handler
                0x08004434                USART1_IRQHandler
                0x08004434                I2C1_ER_IRQHandler
                0x08004434                USBWakeUp_IRQHandler
 *fill*         0x08004436        0x2 
 .text.I2C1_EV_IRQHandler
                0x08004438       0x18 src\stm32f1xx_it.o
                0x08004438                I2C1_EV_IRQHandler
 .text.SystemInit
                0x08004450       0x68 src\system_stm32f10x.o
                0x08004450                SystemInit
 .text.SetSysClock
                0x080044b8        0xc src\system_stm32f10x.o
 .text.SetSysClockTo56
                0x080044c4      0x100 src\system_stm32f10x.o
 .text._Z9aTaskUartPv
                0x080045c4      0x3f8 src\uart_com.o
                0x080045c4                aTaskUart(void*)
 .text._Z9printUartPc
                0x080049bc       0x74 src\uart_com.o
                0x080049bc                printUart(char*)
 .text._Z8rawtohexPvmPc
                0x08004a30      0x108 src\uart_com.o
                0x08004a30                rawtohex(void*, unsigned long, char*)
 .text._Z4ftoadhPc
                0x08004b38      0x19c src\uart_com.o
                0x08004b38                ftoa(double, unsigned char, char*)
 .text._Znwj    0x08004cd4       0x22 d:/programs/truestudio for stm32 9.3.0/armtools/bin/../lib/gcc/arm-atollic-eabi/6.3.1/../../../../arm-atollic-eabi/lib/armv7-m\libstdc++_nano.a(new_op.o)
                0x08004cd4                operator new(unsigned int)
 *fill*         0x08004cf6        0x2 
 .text._ZSt15get_new_handlerv
                0x08004cf8       0x10 d:/programs/truestudio for stm32 9.3.0/armtools/bin/../lib/gcc/arm-atollic-eabi/6.3.1/../../../../arm-atollic-eabi/lib/armv7-m\libstdc++_nano.a(new_handler.o)
                0x08004cf8                std::get_new_handler()
 .text.pow      0x08004d08      0x2c8 d:/programs/truestudio for stm32 9.3.0/armtools/bin/../lib/gcc/arm-atollic-eabi/6.3.1/../../../../arm-atollic-eabi/lib/armv7-m\libm.a(lib_a-w_pow.o)
                0x08004d08                pow
 .text.__ieee754_pow
                0x08004fd0      0x9e4 d:/programs/truestudio for stm32 9.3.0/armtools/bin/../lib/gcc/arm-atollic-eabi/6.3.1/../../../../arm-atollic-eabi/lib/armv7-m\libm.a(lib_a-e_pow.o)
                0x08004fd0                __ieee754_pow
 .text.__ieee754_sqrt
                0x080059b4      0x158 d:/programs/truestudio for stm32 9.3.0/armtools/bin/../lib/gcc/arm-atollic-eabi/6.3.1/../../../../arm-atollic-eabi/lib/armv7-m\libm.a(lib_a-e_sqrt.o)
                0x080059b4                __ieee754_sqrt
 .text.fabs     0x08005b0c        0x6 d:/programs/truestudio for stm32 9.3.0/armtools/bin/../lib/gcc/arm-atollic-eabi/6.3.1/../../../../arm-atollic-eabi/lib/armv7-m\libm.a(lib_a-s_fabs.o)
                0x08005b0c                fabs
 .text.finite   0x08005b12        0xc d:/programs/truestudio for stm32 9.3.0/armtools/bin/../lib/gcc/arm-atollic-eabi/6.3.1/../../../../arm-atollic-eabi/lib/armv7-m\libm.a(lib_a-s_finite.o)
                0x08005b12                finite
 .text.matherr  0x08005b1e        0x4 d:/programs/truestudio for stm32 9.3.0/armtools/bin/../lib/gcc/arm-atollic-eabi/6.3.1/../../../../arm-atollic-eabi/lib/armv7-m\libm.a(lib_a-s_matherr.o)
                0x08005b1e                matherr
 *fill*         0x08005b22        0x2 
 .text.nan      0x08005b24        0xc d:/programs/truestudio for stm32 9.3.0/armtools/bin/../lib/gcc/arm-atollic-eabi/6.3.1/../../../../arm-atollic-eabi/lib/armv7-m\libm.a(lib_a-s_nan.o)
                0x08005b24                nan
 .text.rint     0x08005b30      0x110 d:/programs/truestudio for stm32 9.3.0/armtools/bin/../lib/gcc/arm-atollic-eabi/6.3.1/../../../../arm-atollic-eabi/lib/armv7-m\libm.a(lib_a-s_rint.o)
                0x08005b30                rint
 .text.scalbn   0x08005c40       0xdc d:/programs/truestudio for stm32 9.3.0/armtools/bin/../lib/gcc/arm-atollic-eabi/6.3.1/../../../../arm-atollic-eabi/lib/armv7-m\libm.a(lib_a-s_scalbn.o)
                0x08005c40                scalbn
 .text.copysign
                0x08005d1c        0xe d:/programs/truestudio for stm32 9.3.0/armtools/bin/../lib/gcc/arm-atollic-eabi/6.3.1/../../../../arm-atollic-eabi/lib/armv7-m\libm.a(lib_a-s_copysign.o)
                0x08005d1c                copysign
 .text.abort    0x08005d2a        0xe d:/programs/truestudio for stm32 9.3.0/armtools/bin/../lib/gcc/arm-atollic-eabi/6.3.1/../../../../arm-atollic-eabi/lib/armv7-m\libc_nano.a(lib_a-abort.o)
                0x08005d2a                abort
 .text.__errno  0x08005d38        0xc d:/programs/truestudio for stm32 9.3.0/armtools/bin/../lib/gcc/arm-atollic-eabi/6.3.1/../../../../arm-atollic-eabi/lib/armv7-m\libc_nano.a(lib_a-errno.o)
                0x08005d38                __errno
 .text.__libc_init_array
                0x08005d44       0x48 d:/programs/truestudio for stm32 9.3.0/armtools/bin/../lib/gcc/arm-atollic-eabi/6.3.1/../../../../arm-atollic-eabi/lib/armv7-m\libc_nano.a(lib_a-init.o)
                0x08005d44                __libc_init_array
 .text.__itoa   0x08005d8c       0x30 d:/programs/truestudio for stm32 9.3.0/armtools/bin/../lib/gcc/arm-atollic-eabi/6.3.1/../../../../arm-atollic-eabi/lib/armv7-m\libc_nano.a(lib_a-itoa.o)
                0x08005d8c                __itoa
 .text.itoa     0x08005dbc        0x4 d:/programs/truestudio for stm32 9.3.0/armtools/bin/../lib/gcc/arm-atollic-eabi/6.3.1/../../../../arm-atollic-eabi/lib/armv7-m\libc_nano.a(lib_a-itoa.o)
                0x08005dbc                itoa
 .text.malloc   0x08005dc0       0x10 d:/programs/truestudio for stm32 9.3.0/armtools/bin/../lib/gcc/arm-atollic-eabi/6.3.1/../../../../arm-atollic-eabi/lib/armv7-m\libc_nano.a(lib_a-malloc.o)
                0x08005dc0                malloc
 .text.free     0x08005dd0       0x10 d:/programs/truestudio for stm32 9.3.0/armtools/bin/../lib/gcc/arm-atollic-eabi/6.3.1/../../../../arm-atollic-eabi/lib/armv7-m\libc_nano.a(lib_a-malloc.o)
                0x08005dd0                free
 .text.memcpy   0x08005de0       0x16 d:/programs/truestudio for stm32 9.3.0/armtools/bin/../lib/gcc/arm-atollic-eabi/6.3.1/../../../../arm-atollic-eabi/lib/armv7-m\libc_nano.a(lib_a-memcpy-stub.o)
                0x08005de0                memcpy
 *fill*         0x08005df6        0x2 
 .text._free_r  0x08005df8       0x98 d:/programs/truestudio for stm32 9.3.0/armtools/bin/../lib/gcc/arm-atollic-eabi/6.3.1/../../../../arm-atollic-eabi/lib/armv7-m\libc_nano.a(lib_a-nano-freer.o)
                0x08005df8                _free_r
 .text._malloc_r
                0x08005e90       0xbc d:/programs/truestudio for stm32 9.3.0/armtools/bin/../lib/gcc/arm-atollic-eabi/6.3.1/../../../../arm-atollic-eabi/lib/armv7-m\libc_nano.a(lib_a-nano-mallocr.o)
                0x08005e90                _malloc_r
 .text._sbrk_r  0x08005f4c       0x20 d:/programs/truestudio for stm32 9.3.0/armtools/bin/../lib/gcc/arm-atollic-eabi/6.3.1/../../../../arm-atollic-eabi/lib/armv7-m\libc_nano.a(lib_a-sbrkr.o)
                0x08005f4c                _sbrk_r
 .text._raise_r
                0x08005f6c       0x50 d:/programs/truestudio for stm32 9.3.0/armtools/bin/../lib/gcc/arm-atollic-eabi/6.3.1/../../../../arm-atollic-eabi/lib/armv7-m\libc_nano.a(lib_a-signal.o)
                0x08005f6c                _raise_r
 .text.raise    0x08005fbc       0x10 d:/programs/truestudio for stm32 9.3.0/armtools/bin/../lib/gcc/arm-atollic-eabi/6.3.1/../../../../arm-atollic-eabi/lib/armv7-m\libc_nano.a(lib_a-signal.o)
                0x08005fbc                raise
 .text._kill_r  0x08005fcc       0x24 d:/programs/truestudio for stm32 9.3.0/armtools/bin/../lib/gcc/arm-atollic-eabi/6.3.1/../../../../arm-atollic-eabi/lib/armv7-m\libc_nano.a(lib_a-signalr.o)
                0x08005fcc                _kill_r
 .text._getpid_r
                0x08005ff0        0x4 d:/programs/truestudio for stm32 9.3.0/armtools/bin/../lib/gcc/arm-atollic-eabi/6.3.1/../../../../arm-atollic-eabi/lib/armv7-m\libc_nano.a(lib_a-signalr.o)
                0x08005ff0                _getpid_r
 .text.strcat   0x08005ff4       0x1e d:/programs/truestudio for stm32 9.3.0/armtools/bin/../lib/gcc/arm-atollic-eabi/6.3.1/../../../../arm-atollic-eabi/lib/armv7-m\libc_nano.a(lib_a-strcat.o)
                0x08005ff4                strcat
 *fill*         0x08006012        0x2 
 .text.__utoa   0x08006014       0x80 d:/programs/truestudio for stm32 9.3.0/armtools/bin/../lib/gcc/arm-atollic-eabi/6.3.1/../../../../arm-atollic-eabi/lib/armv7-m\libc_nano.a(lib_a-utoa.o)
                0x08006014                __utoa
 .text.__malloc_lock
                0x08006094        0x2 d:/programs/truestudio for stm32 9.3.0/armtools/bin/../lib/gcc/arm-atollic-eabi/6.3.1/../../../../arm-atollic-eabi/lib/armv7-m\libc_nano.a(lib_a-mlock.o)
                0x08006094                __malloc_lock
 .text.__malloc_unlock
                0x08006096        0x2 d:/programs/truestudio for stm32 9.3.0/armtools/bin/../lib/gcc/arm-atollic-eabi/6.3.1/../../../../arm-atollic-eabi/lib/armv7-m\libc_nano.a(lib_a-mlock.o)
                0x08006096                __malloc_unlock
 .text._getpid  0x08006098       0x10 d:/programs/truestudio for stm32 9.3.0/armtools/bin/../lib/gcc/arm-atollic-eabi/6.3.1/../../../../arm-atollic-eabi/lib/armv7-m\libnosys.a(getpid.o)
                0x08006098                _getpid
 .text._kill    0x080060a8       0x10 d:/programs/truestudio for stm32 9.3.0/armtools/bin/../lib/gcc/arm-atollic-eabi/6.3.1/../../../../arm-atollic-eabi/lib/armv7-m\libnosys.a(kill.o)
                0x080060a8                _kill
 .text._sbrk    0x080060b8       0x1c d:/programs/truestudio for stm32 9.3.0/armtools/bin/../lib/gcc/arm-atollic-eabi/6.3.1/../../../../arm-atollic-eabi/lib/armv7-m\libnosys.a(sbrk.o)
                0x080060b8                _sbrk
 .text._exit    0x080060d4        0x2 d:/programs/truestudio for stm32 9.3.0/armtools/bin/../lib/gcc/arm-atollic-eabi/6.3.1/../../../../arm-atollic-eabi/lib/armv7-m\libnosys.a(_exit.o)
                0x080060d4                _exit
 *(.glue_7)
 .glue_7        0x080060d6        0x0 linker stubs
 *(.glue_7t)
 .glue_7t       0x080060d6        0x0 linker stubs
 *(.eh_frame)
 *fill*         0x080060d6        0x2 
 .eh_frame      0x080060d8        0x0 d:/programs/truestudio for stm32 9.3.0/armtools/bin/../lib/gcc/arm-atollic-eabi/6.3.1/armv7-m/crtbegin.o
 *(.init)
 .init          0x080060d8        0x4 d:/programs/truestudio for stm32 9.3.0/armtools/bin/../lib/gcc/arm-atollic-eabi/6.3.1/armv7-m/crti.o
                0x080060d8                _init
 .init          0x080060dc        0x8 d:/programs/truestudio for stm32 9.3.0/armtools/bin/../lib/gcc/arm-atollic-eabi/6.3.1/armv7-m/crtn.o
 *(.fini)
 .fini          0x080060e4        0x4 d:/programs/truestudio for stm32 9.3.0/armtools/bin/../lib/gcc/arm-atollic-eabi/6.3.1/armv7-m/crti.o
                0x080060e4                _fini
 .fini          0x080060e8        0x8 d:/programs/truestudio for stm32 9.3.0/armtools/bin/../lib/gcc/arm-atollic-eabi/6.3.1/armv7-m/crtn.o
                0x080060f0                . = ALIGN (0x4)
                0x080060f0                _etext = .

.vfp11_veneer   0x080060f0        0x0
 .vfp11_veneer  0x080060f0        0x0 linker stubs

.v4_bx          0x080060f0        0x0
 .v4_bx         0x080060f0        0x0 linker stubs

.iplt           0x080060f0        0x0
 .iplt          0x080060f0        0x0 d:/programs/truestudio for stm32 9.3.0/armtools/bin/../lib/gcc/arm-atollic-eabi/6.3.1/armv7-m/crtbegin.o

.rodata         0x080060f0      0xcb0
                0x080060f0                . = ALIGN (0x4)
 *(.rodata)
 .rodata        0x080060f0        0x5 FreeRTOS_Source\tasks.o
 *fill*         0x080060f5        0x3 
 .rodata        0x080060f8        0x8 FreeRTOS_Source\timers.o
 .rodata        0x08006100       0x23 src\eink_display.o
 *fill*         0x08006123        0x1 
 .rodata        0x08006124       0x1a src\main.o
 *fill*         0x0800613e        0x2 
 .rodata        0x08006140       0x4e src\uart_com.o
 *(.rodata*)
 *fill*         0x0800618e        0x2 
 .rodata._ZL13Consolas10x22
                0x08006190      0xba0 src\eink_display.o
 .rodata.pow.str1.1
                0x08006d30        0x4 d:/programs/truestudio for stm32 9.3.0/armtools/bin/../lib/gcc/arm-atollic-eabi/6.3.1/../../../../arm-atollic-eabi/lib/armv7-m\libm.a(lib_a-w_pow.o)
 .rodata.__ieee754_pow.str1.1
                0x08006d34        0x4 d:/programs/truestudio for stm32 9.3.0/armtools/bin/../lib/gcc/arm-atollic-eabi/6.3.1/../../../../arm-atollic-eabi/lib/armv7-m\libm.a(lib_a-e_pow.o)
                                  0x1 (size before relaxing)
 *fill*         0x08006d34        0x4 
 .rodata.bp     0x08006d38       0x10 d:/programs/truestudio for stm32 9.3.0/armtools/bin/../lib/gcc/arm-atollic-eabi/6.3.1/../../../../arm-atollic-eabi/lib/armv7-m\libm.a(lib_a-e_pow.o)
 .rodata.dp_h   0x08006d48       0x10 d:/programs/truestudio for stm32 9.3.0/armtools/bin/../lib/gcc/arm-atollic-eabi/6.3.1/../../../../arm-atollic-eabi/lib/armv7-m\libm.a(lib_a-e_pow.o)
 .rodata.dp_l   0x08006d58       0x10 d:/programs/truestudio for stm32 9.3.0/armtools/bin/../lib/gcc/arm-atollic-eabi/6.3.1/../../../../arm-atollic-eabi/lib/armv7-m\libm.a(lib_a-e_pow.o)
 .rodata.TWO52  0x08006d68       0x10 d:/programs/truestudio for stm32 9.3.0/armtools/bin/../lib/gcc/arm-atollic-eabi/6.3.1/../../../../arm-atollic-eabi/lib/armv7-m\libm.a(lib_a-s_rint.o)
 .rodata.__utoa.str1.1
                0x08006d78       0x25 d:/programs/truestudio for stm32 9.3.0/armtools/bin/../lib/gcc/arm-atollic-eabi/6.3.1/../../../../arm-atollic-eabi/lib/armv7-m\libc_nano.a(lib_a-utoa.o)
                0x08006da0                . = ALIGN (0x4)
 *fill*         0x08006d9d        0x3 

.rel.dyn        0x08006da0        0x0
 .rel.iplt      0x08006da0        0x0 d:/programs/truestudio for stm32 9.3.0/armtools/bin/../lib/gcc/arm-atollic-eabi/6.3.1/armv7-m/crtbegin.o

.ARM.extab
 *(.ARM.extab* .gnu.linkonce.armextab.*)

.ARM            0x08006da0        0x0
                0x08006da0                __exidx_start = .
 *(.ARM.exidx*)
                0x08006da0                __exidx_end = .

.preinit_array  0x08006da0        0x0
                0x08006da0                PROVIDE (__preinit_array_start, .)
 *(.preinit_array*)
                0x08006da0                PROVIDE (__preinit_array_end, .)

.init_array     0x08006da0        0x8
                0x08006da0                PROVIDE (__init_array_start, .)
 *(SORT(.init_array.*))
 *(.init_array*)
 .init_array    0x08006da0        0x4 d:/programs/truestudio for stm32 9.3.0/armtools/bin/../lib/gcc/arm-atollic-eabi/6.3.1/armv7-m/crtbegin.o
 .init_array    0x08006da4        0x4 src\main.o
                0x08006da8                PROVIDE (__init_array_end, .)

.fini_array     0x08006da8        0x4
                [!provide]                PROVIDE (__fini_array_start, .)
 *(SORT(.fini_array.*))
 *(.fini_array*)
 .fini_array    0x08006da8        0x4 d:/programs/truestudio for stm32 9.3.0/armtools/bin/../lib/gcc/arm-atollic-eabi/6.3.1/armv7-m/crtbegin.o
                [!provide]                PROVIDE (__fini_array_end, .)
                0x08006dac                _sidata = LOADADDR (.data)

.data           0x20000000       0xa4 load address 0x08006dac
                0x20000000                . = ALIGN (0x4)
                0x20000000                _sdata = .
 *(.data)
 *(.data*)
 .data.uxCriticalNesting
                0x20000000        0x4 FreeRTOS_Source\portable\GCC\ARM_CM3\port.o
 .data._ZL6RTask1
                0x20000004       0x1c src\main.o
 .data._ZL6RTask2
                0x20000020       0x1c src\main.o
 .data.__fdlib_version
                0x2000003c        0x1 d:/programs/truestudio for stm32 9.3.0/armtools/bin/../lib/gcc/arm-atollic-eabi/6.3.1/../../../../arm-atollic-eabi/lib/armv7-m\libm.a(lib_a-s_lib_ver.o)
                0x2000003c                __fdlib_version
 *fill*         0x2000003d        0x3 
 .data._impure_ptr
                0x20000040        0x4 d:/programs/truestudio for stm32 9.3.0/armtools/bin/../lib/gcc/arm-atollic-eabi/6.3.1/../../../../arm-atollic-eabi/lib/armv7-m\libc_nano.a(lib_a-impure.o)
                0x20000040                _impure_ptr
 .data.impure_data
                0x20000044       0x60 d:/programs/truestudio for stm32 9.3.0/armtools/bin/../lib/gcc/arm-atollic-eabi/6.3.1/../../../../arm-atollic-eabi/lib/armv7-m\libc_nano.a(lib_a-impure.o)
                0x200000a4                . = ALIGN (0x4)
                0x200000a4                _edata = .

.igot.plt       0x200000a4        0x0 load address 0x08006e50
 .igot.plt      0x200000a4        0x0 d:/programs/truestudio for stm32 9.3.0/armtools/bin/../lib/gcc/arm-atollic-eabi/6.3.1/armv7-m/crtbegin.o
                0x200000a4                . = ALIGN (0x4)

.bss            0x200000a4     0x147c load address 0x08006e50
                0x200000a4                _sbss = .
                0x200000a4                __bss_start__ = _sbss
 *(.bss)
 .bss           0x200000a4       0x1c d:/programs/truestudio for stm32 9.3.0/armtools/bin/../lib/gcc/arm-atollic-eabi/6.3.1/armv7-m/crtbegin.o
 *(.bss*)
 .bss.ucMaxSysCallPriority
                0x200000c0        0x1 FreeRTOS_Source\portable\GCC\ARM_CM3\port.o
 *fill*         0x200000c1        0x3 
 .bss.ulMaxPRIGROUPValue
                0x200000c4        0x4 FreeRTOS_Source\portable\GCC\ARM_CM3\port.o
 .bss.pxCurrentTCB
                0x200000c8        0x4 FreeRTOS_Source\tasks.o
                0x200000c8                pxCurrentTCB
 .bss.pxReadyTasksLists
                0x200000cc       0x28 FreeRTOS_Source\tasks.o
 .bss.xDelayedTaskList1
                0x200000f4       0x14 FreeRTOS_Source\tasks.o
 .bss.xDelayedTaskList2
                0x20000108       0x14 FreeRTOS_Source\tasks.o
 .bss.pxDelayedTaskList
                0x2000011c        0x4 FreeRTOS_Source\tasks.o
 .bss.pxOverflowDelayedTaskList
                0x20000120        0x4 FreeRTOS_Source\tasks.o
 .bss.xPendingReadyList
                0x20000124       0x14 FreeRTOS_Source\tasks.o
 .bss.xTasksWaitingTermination
                0x20000138       0x14 FreeRTOS_Source\tasks.o
 .bss.uxDeletedTasksWaitingCleanUp
                0x2000014c        0x4 FreeRTOS_Source\tasks.o
 .bss.xSuspendedTaskList
                0x20000150       0x14 FreeRTOS_Source\tasks.o
 .bss.uxCurrentNumberOfTasks
                0x20000164        0x4 FreeRTOS_Source\tasks.o
 .bss.xTickCount
                0x20000168        0x4 FreeRTOS_Source\tasks.o
 .bss.uxTopReadyPriority
                0x2000016c        0x4 FreeRTOS_Source\tasks.o
 .bss.xSchedulerRunning
                0x20000170        0x4 FreeRTOS_Source\tasks.o
 .bss.xPendedTicks
                0x20000174        0x4 FreeRTOS_Source\tasks.o
 .bss.xYieldPending
                0x20000178        0x4 FreeRTOS_Source\tasks.o
 .bss.xNumOfOverflows
                0x2000017c        0x4 FreeRTOS_Source\tasks.o
 .bss.uxTaskNumber
                0x20000180        0x4 FreeRTOS_Source\tasks.o
 .bss.xNextTaskUnblockTime
                0x20000184        0x4 FreeRTOS_Source\tasks.o
 .bss.xIdleTaskHandle
                0x20000188        0x4 FreeRTOS_Source\tasks.o
 .bss.uxSchedulerSuspended
                0x2000018c        0x4 FreeRTOS_Source\tasks.o
 .bss.xActiveTimerList1
                0x20000190       0x14 FreeRTOS_Source\timers.o
 .bss.xActiveTimerList2
                0x200001a4       0x14 FreeRTOS_Source\timers.o
 .bss.pxCurrentTimerList
                0x200001b8        0x4 FreeRTOS_Source\timers.o
 .bss.pxOverflowTimerList
                0x200001bc        0x4 FreeRTOS_Source\timers.o
 .bss.xTimerQueue
                0x200001c0        0x4 FreeRTOS_Source\timers.o
 .bss.xTimerTaskHandle
                0x200001c4        0x4 FreeRTOS_Source\timers.o
 .bss.xLastTime.5440
                0x200001c8        0x4 FreeRTOS_Source\timers.o
 .bss.dispRam   0x200001cc     0x1280 src\eink_display.o
                0x200001cc                dispRam
 .bss.HRES      0x2000144c        0x1 src\eink_display.o
                0x2000144c                HRES
 .bss.VRES_byte1
                0x2000144d        0x1 src\eink_display.o
                0x2000144d                VRES_byte1
 .bss.VRES_byte2
                0x2000144e        0x1 src\eink_display.o
                0x2000144e                VRES_byte2
 *fill*         0x2000144f        0x1 
 .bss.he        0x20001450       0x32 src\eink_display.o
                0x20001450                he
 *fill*         0x20001482        0x2 
 .bss._ZZN16i2c_driver_class7I2C_ISREvE1i
                0x20001484        0x4 src\i2c_driver.o
 .bss._ZL6pQComm
                0x20001488       0x18 src\main.o
 .bss.iic       0x200014a0        0x4 src\main.o
                0x200014a0                iic
 .bss.bufTx     0x200014a4       0x32 src\uart_com.o
                0x200014a4                bufTx
 *fill*         0x200014d6        0x2 
 .bss.bufTmp    0x200014d8       0x32 src\uart_com.o
                0x200014d8                bufTmp
 *fill*         0x2000150a        0x2 
 .bss._ZN12_GLOBAL__N_113__new_handlerE
                0x2000150c        0x4 d:/programs/truestudio for stm32 9.3.0/armtools/bin/../lib/gcc/arm-atollic-eabi/6.3.1/../../../../arm-atollic-eabi/lib/armv7-m\libstdc++_nano.a(new_handler.o)
 .bss.__malloc_free_list
                0x20001510        0x4 d:/programs/truestudio for stm32 9.3.0/armtools/bin/../lib/gcc/arm-atollic-eabi/6.3.1/../../../../arm-atollic-eabi/lib/armv7-m\libc_nano.a(lib_a-nano-mallocr.o)
                0x20001510                __malloc_free_list
 .bss.__malloc_sbrk_start
                0x20001514        0x4 d:/programs/truestudio for stm32 9.3.0/armtools/bin/../lib/gcc/arm-atollic-eabi/6.3.1/../../../../arm-atollic-eabi/lib/armv7-m\libc_nano.a(lib_a-nano-mallocr.o)
                0x20001514                __malloc_sbrk_start
 .bss.heap_end.4116
                0x20001518        0x4 d:/programs/truestudio for stm32 9.3.0/armtools/bin/../lib/gcc/arm-atollic-eabi/6.3.1/../../../../arm-atollic-eabi/lib/armv7-m\libnosys.a(sbrk.o)
 *(COMMON)
 COMMON         0x2000151c        0x4 d:/programs/truestudio for stm32 9.3.0/armtools/bin/../lib/gcc/arm-atollic-eabi/6.3.1/../../../../arm-atollic-eabi/lib/armv7-m\libc_nano.a(lib_a-reent.o)
                0x2000151c                errno
                0x20001520                . = ALIGN (0x4)
                0x20001520                _ebss = .
                0x20001520                __bss_end__ = _ebss

._user_heap_stack
                0x20001520      0x100 load address 0x08006e50
                0x20001520                . = ALIGN (0x4)
                0x20001520                PROVIDE (end, .)
                [!provide]                PROVIDE (_end, .)
                0x20001520                . = (. + _Min_Heap_Size)
                0x20001620                . = (. + _Min_Stack_Size)
 *fill*         0x20001520      0x100 
                0x20001620                . = ALIGN (0x4)

.memory_b1_text
 *(.mb1text)
 *(.mb1text*)
 *(.mb1rodata)
 *(.mb1rodata*)

/DISCARD/
 libc.a(*)
 libm.a(*)
 libgcc.a(*)

.ARM.attributes
                0x00000000       0x29
 *(.ARM.attributes)
 .ARM.attributes
                0x00000000       0x1d d:/programs/truestudio for stm32 9.3.0/armtools/bin/../lib/gcc/arm-atollic-eabi/6.3.1/armv7-m/crti.o
 .ARM.attributes
                0x0000001d       0x2d d:/programs/truestudio for stm32 9.3.0/armtools/bin/../lib/gcc/arm-atollic-eabi/6.3.1/armv7-m/crtbegin.o
 .ARM.attributes
                0x0000004a       0x33 FreeRTOS_Source\list.o
 .ARM.attributes
                0x0000007d       0x33 FreeRTOS_Source\portable\GCC\ARM_CM3\port.o
 .ARM.attributes
                0x000000b0       0x33 FreeRTOS_Source\portable\MemMang\heap_3.o
 .ARM.attributes
                0x000000e3       0x33 FreeRTOS_Source\queue.o
 .ARM.attributes
                0x00000116       0x33 FreeRTOS_Source\tasks.o
 .ARM.attributes
                0x00000149       0x33 FreeRTOS_Source\timers.o
 .ARM.attributes
                0x0000017c       0x33 Libraries\STM32F10x_StdPeriph_Driver\src\stm32f10x_gpio.o
 .ARM.attributes
                0x000001af       0x33 Libraries\STM32F10x_StdPeriph_Driver\src\stm32f10x_rcc.o
 .ARM.attributes
                0x000001e2       0x33 src\cc11x_class.o
 .ARM.attributes
                0x00000215       0x33 src\eink_display.o
 .ARM.attributes
                0x00000248       0x33 src\i2c_driver.o
 .ARM.attributes
                0x0000027b       0x33 src\i2c_sensor.o
 .ARM.attributes
                0x000002ae       0x33 src\main.o
 .ARM.attributes
                0x000002e1       0x21 src\startup_stm32f10x_md.o
 .ARM.attributes
                0x00000302       0x33 src\stm32f1xx_it.o
 .ARM.attributes
                0x00000335       0x33 src\system_stm32f10x.o
 .ARM.attributes
                0x00000368       0x33 src\uart_com.o
 .ARM.attributes
                0x0000039b       0x2d d:/programs/truestudio for stm32 9.3.0/armtools/bin/../lib/gcc/arm-atollic-eabi/6.3.1/../../../../arm-atollic-eabi/lib/armv7-m\libstdc++_nano.a(new_op.o)
 .ARM.attributes
                0x000003c8       0x2d d:/programs/truestudio for stm32 9.3.0/armtools/bin/../lib/gcc/arm-atollic-eabi/6.3.1/../../../../arm-atollic-eabi/lib/armv7-m\libstdc++_nano.a(new_handler.o)
 .ARM.attributes
                0x000003f5       0x2d d:/programs/truestudio for stm32 9.3.0/armtools/bin/../lib/gcc/arm-atollic-eabi/6.3.1/../../../../arm-atollic-eabi/lib/armv7-m\libm.a(lib_a-w_pow.o)
 .ARM.attributes
                0x00000422       0x2d d:/programs/truestudio for stm32 9.3.0/armtools/bin/../lib/gcc/arm-atollic-eabi/6.3.1/../../../../arm-atollic-eabi/lib/armv7-m\libm.a(lib_a-e_pow.o)
 .ARM.attributes
                0x0000044f       0x2d d:/programs/truestudio for stm32 9.3.0/armtools/bin/../lib/gcc/arm-atollic-eabi/6.3.1/../../../../arm-atollic-eabi/lib/armv7-m\libm.a(lib_a-e_sqrt.o)
 .ARM.attributes
                0x0000047c       0x2d d:/programs/truestudio for stm32 9.3.0/armtools/bin/../lib/gcc/arm-atollic-eabi/6.3.1/../../../../arm-atollic-eabi/lib/armv7-m\libm.a(lib_a-s_fabs.o)
 .ARM.attributes
                0x000004a9       0x2d d:/programs/truestudio for stm32 9.3.0/armtools/bin/../lib/gcc/arm-atollic-eabi/6.3.1/../../../../arm-atollic-eabi/lib/armv7-m\libm.a(lib_a-s_finite.o)
 .ARM.attributes
                0x000004d6       0x2d d:/programs/truestudio for stm32 9.3.0/armtools/bin/../lib/gcc/arm-atollic-eabi/6.3.1/../../../../arm-atollic-eabi/lib/armv7-m\libm.a(lib_a-s_lib_ver.o)
 .ARM.attributes
                0x00000503       0x2d d:/programs/truestudio for stm32 9.3.0/armtools/bin/../lib/gcc/arm-atollic-eabi/6.3.1/../../../../arm-atollic-eabi/lib/armv7-m\libm.a(lib_a-s_matherr.o)
 .ARM.attributes
                0x00000530       0x2d d:/programs/truestudio for stm32 9.3.0/armtools/bin/../lib/gcc/arm-atollic-eabi/6.3.1/../../../../arm-atollic-eabi/lib/armv7-m\libm.a(lib_a-s_nan.o)
 .ARM.attributes
                0x0000055d       0x2d d:/programs/truestudio for stm32 9.3.0/armtools/bin/../lib/gcc/arm-atollic-eabi/6.3.1/../../../../arm-atollic-eabi/lib/armv7-m\libm.a(lib_a-s_rint.o)
 .ARM.attributes
                0x0000058a       0x2d d:/programs/truestudio for stm32 9.3.0/armtools/bin/../lib/gcc/arm-atollic-eabi/6.3.1/../../../../arm-atollic-eabi/lib/armv7-m\libm.a(lib_a-s_scalbn.o)
 .ARM.attributes
                0x000005b7       0x2d d:/programs/truestudio for stm32 9.3.0/armtools/bin/../lib/gcc/arm-atollic-eabi/6.3.1/../../../../arm-atollic-eabi/lib/armv7-m\libm.a(lib_a-s_copysign.o)
 .ARM.attributes
                0x000005e4       0x2d d:/programs/truestudio for stm32 9.3.0/armtools/bin/../lib/gcc/arm-atollic-eabi/6.3.1/../../../../arm-atollic-eabi/lib/armv7-m\libc_nano.a(lib_a-abort.o)
 .ARM.attributes
                0x00000611       0x2d d:/programs/truestudio for stm32 9.3.0/armtools/bin/../lib/gcc/arm-atollic-eabi/6.3.1/../../../../arm-atollic-eabi/lib/armv7-m\libc_nano.a(lib_a-errno.o)
 .ARM.attributes
                0x0000063e       0x2d d:/programs/truestudio for stm32 9.3.0/armtools/bin/../lib/gcc/arm-atollic-eabi/6.3.1/../../../../arm-atollic-eabi/lib/armv7-m\libc_nano.a(lib_a-impure.o)
 .ARM.attributes
                0x0000066b       0x2d d:/programs/truestudio for stm32 9.3.0/armtools/bin/../lib/gcc/arm-atollic-eabi/6.3.1/../../../../arm-atollic-eabi/lib/armv7-m\libc_nano.a(lib_a-init.o)
 .ARM.attributes
                0x00000698       0x2d d:/programs/truestudio for stm32 9.3.0/armtools/bin/../lib/gcc/arm-atollic-eabi/6.3.1/../../../../arm-atollic-eabi/lib/armv7-m\libc_nano.a(lib_a-itoa.o)
 .ARM.attributes
                0x000006c5       0x2d d:/programs/truestudio for stm32 9.3.0/armtools/bin/../lib/gcc/arm-atollic-eabi/6.3.1/../../../../arm-atollic-eabi/lib/armv7-m\libc_nano.a(lib_a-malloc.o)
 .ARM.attributes
                0x000006f2       0x2d d:/programs/truestudio for stm32 9.3.0/armtools/bin/../lib/gcc/arm-atollic-eabi/6.3.1/../../../../arm-atollic-eabi/lib/armv7-m\libc_nano.a(lib_a-memcpy-stub.o)
 .ARM.attributes
                0x0000071f       0x2d d:/programs/truestudio for stm32 9.3.0/armtools/bin/../lib/gcc/arm-atollic-eabi/6.3.1/../../../../arm-atollic-eabi/lib/armv7-m\libc_nano.a(lib_a-nano-freer.o)
 .ARM.attributes
                0x0000074c       0x2d d:/programs/truestudio for stm32 9.3.0/armtools/bin/../lib/gcc/arm-atollic-eabi/6.3.1/../../../../arm-atollic-eabi/lib/armv7-m\libc_nano.a(lib_a-nano-mallocr.o)
 .ARM.attributes
                0x00000779       0x2d d:/programs/truestudio for stm32 9.3.0/armtools/bin/../lib/gcc/arm-atollic-eabi/6.3.1/../../../../arm-atollic-eabi/lib/armv7-m\libc_nano.a(lib_a-sbrkr.o)
 .ARM.attributes
                0x000007a6       0x2d d:/programs/truestudio for stm32 9.3.0/armtools/bin/../lib/gcc/arm-atollic-eabi/6.3.1/../../../../arm-atollic-eabi/lib/armv7-m\libc_nano.a(lib_a-signal.o)
 .ARM.attributes
                0x000007d3       0x2d d:/programs/truestudio for stm32 9.3.0/armtools/bin/../lib/gcc/arm-atollic-eabi/6.3.1/../../../../arm-atollic-eabi/lib/armv7-m\libc_nano.a(lib_a-signalr.o)
 .ARM.attributes
                0x00000800       0x2d d:/programs/truestudio for stm32 9.3.0/armtools/bin/../lib/gcc/arm-atollic-eabi/6.3.1/../../../../arm-atollic-eabi/lib/armv7-m\libc_nano.a(lib_a-strcat.o)
 .ARM.attributes
                0x0000082d       0x17 d:/programs/truestudio for stm32 9.3.0/armtools/bin/../lib/gcc/arm-atollic-eabi/6.3.1/../../../../arm-atollic-eabi/lib/armv7-m\libc_nano.a(lib_a-strlen.o)
 .ARM.attributes
                0x00000844       0x2d d:/programs/truestudio for stm32 9.3.0/armtools/bin/../lib/gcc/arm-atollic-eabi/6.3.1/../../../../arm-atollic-eabi/lib/armv7-m\libc_nano.a(lib_a-utoa.o)
 .ARM.attributes
                0x00000871       0x2d d:/programs/truestudio for stm32 9.3.0/armtools/bin/../lib/gcc/arm-atollic-eabi/6.3.1/../../../../arm-atollic-eabi/lib/armv7-m\libc_nano.a(lib_a-mlock.o)
 .ARM.attributes
                0x0000089e       0x2d d:/programs/truestudio for stm32 9.3.0/armtools/bin/../lib/gcc/arm-atollic-eabi/6.3.1/../../../../arm-atollic-eabi/lib/armv7-m\libc_nano.a(lib_a-reent.o)
 .ARM.attributes
                0x000008cb       0x1d d:/programs/truestudio for stm32 9.3.0/armtools/bin/../lib/gcc/arm-atollic-eabi/6.3.1/armv7-m\libgcc.a(_arm_addsubdf3.o)
 .ARM.attributes
                0x000008e8       0x1d d:/programs/truestudio for stm32 9.3.0/armtools/bin/../lib/gcc/arm-atollic-eabi/6.3.1/armv7-m\libgcc.a(_arm_muldivdf3.o)
 .ARM.attributes
                0x00000905       0x1d d:/programs/truestudio for stm32 9.3.0/armtools/bin/../lib/gcc/arm-atollic-eabi/6.3.1/armv7-m\libgcc.a(_arm_cmpdf2.o)
 .ARM.attributes
                0x00000922       0x1d d:/programs/truestudio for stm32 9.3.0/armtools/bin/../lib/gcc/arm-atollic-eabi/6.3.1/armv7-m\libgcc.a(_arm_unorddf2.o)
 .ARM.attributes
                0x0000093f       0x1d d:/programs/truestudio for stm32 9.3.0/armtools/bin/../lib/gcc/arm-atollic-eabi/6.3.1/armv7-m\libgcc.a(_arm_fixdfsi.o)
 .ARM.attributes
                0x0000095c       0x2d d:/programs/truestudio for stm32 9.3.0/armtools/bin/../lib/gcc/arm-atollic-eabi/6.3.1/../../../../arm-atollic-eabi/lib/armv7-m\libnosys.a(getpid.o)
 .ARM.attributes
                0x00000989       0x2d d:/programs/truestudio for stm32 9.3.0/armtools/bin/../lib/gcc/arm-atollic-eabi/6.3.1/../../../../arm-atollic-eabi/lib/armv7-m\libnosys.a(kill.o)
 .ARM.attributes
                0x000009b6       0x2d d:/programs/truestudio for stm32 9.3.0/armtools/bin/../lib/gcc/arm-atollic-eabi/6.3.1/../../../../arm-atollic-eabi/lib/armv7-m\libnosys.a(sbrk.o)
 .ARM.attributes
                0x000009e3       0x2d d:/programs/truestudio for stm32 9.3.0/armtools/bin/../lib/gcc/arm-atollic-eabi/6.3.1/../../../../arm-atollic-eabi/lib/armv7-m\libnosys.a(_exit.o)
 .ARM.attributes
                0x00000a10       0x1d d:/programs/truestudio for stm32 9.3.0/armtools/bin/../lib/gcc/arm-atollic-eabi/6.3.1/armv7-m/crtn.o
OUTPUT(canbus.elf elf32-littlearm)

.debug_info     0x00000000     0xdd4e
 .debug_info    0x00000000      0xac3 FreeRTOS_Source\list.o
 .debug_info    0x00000ac3      0x4ca FreeRTOS_Source\portable\GCC\ARM_CM3\port.o
 .debug_info    0x00000f8d      0x8f7 FreeRTOS_Source\portable\MemMang\heap_3.o
 .debug_info    0x00001884     0x1bfd FreeRTOS_Source\queue.o
 .debug_info    0x00003481     0x23e6 FreeRTOS_Source\tasks.o
 .debug_info    0x00005867     0x1456 FreeRTOS_Source\timers.o
 .debug_info    0x00006cbd      0x701 Libraries\STM32F10x_StdPeriph_Driver\src\stm32f10x_gpio.o
 .debug_info    0x000073be      0x8b2 Libraries\STM32F10x_StdPeriph_Driver\src\stm32f10x_rcc.o
 .debug_info    0x00007c70      0xb5c src\cc11x_class.o
 .debug_info    0x000087cc     0x14ff src\eink_display.o
 .debug_info    0x00009ccb      0x3df src\i2c_driver.o
 .debug_info    0x0000a0aa      0xd94 src\i2c_sensor.o
 .debug_info    0x0000ae3e     0x1307 src\main.o
 .debug_info    0x0000c145       0x69 src\startup_stm32f10x_md.o
 .debug_info    0x0000c1ae      0x3a6 src\stm32f1xx_it.o
 .debug_info    0x0000c554      0x4a7 src\system_stm32f10x.o
 .debug_info    0x0000c9fb     0x1353 src\uart_com.o

.debug_abbrev   0x00000000     0x26a6
 .debug_abbrev  0x00000000      0x1cc FreeRTOS_Source\list.o
 .debug_abbrev  0x000001cc      0x1f1 FreeRTOS_Source\portable\GCC\ARM_CM3\port.o
 .debug_abbrev  0x000003bd      0x1ba FreeRTOS_Source\portable\MemMang\heap_3.o
 .debug_abbrev  0x00000577      0x2df FreeRTOS_Source\queue.o
 .debug_abbrev  0x00000856      0x333 FreeRTOS_Source\tasks.o
 .debug_abbrev  0x00000b89      0x2ab FreeRTOS_Source\timers.o
 .debug_abbrev  0x00000e34      0x1dd Libraries\STM32F10x_StdPeriph_Driver\src\stm32f10x_gpio.o
 .debug_abbrev  0x00001011      0x1cf Libraries\STM32F10x_StdPeriph_Driver\src\stm32f10x_rcc.o
 .debug_abbrev  0x000011e0      0x2ea src\cc11x_class.o
 .debug_abbrev  0x000014ca      0x379 src\eink_display.o
 .debug_abbrev  0x00001843      0x1cb src\i2c_driver.o
 .debug_abbrev  0x00001a0e      0x2e7 src\i2c_sensor.o
 .debug_abbrev  0x00001cf5      0x339 src\main.o
 .debug_abbrev  0x0000202e       0x12 src\startup_stm32f10x_md.o
 .debug_abbrev  0x00002040      0x185 src\stm32f1xx_it.o
 .debug_abbrev  0x000021c5      0x16e src\system_stm32f10x.o
 .debug_abbrev  0x00002333      0x373 src\uart_com.o

.debug_aranges  0x00000000      0x978
 .debug_aranges
                0x00000000       0x40 FreeRTOS_Source\list.o
 .debug_aranges
                0x00000040       0x78 FreeRTOS_Source\portable\GCC\ARM_CM3\port.o
 .debug_aranges
                0x000000b8       0x28 FreeRTOS_Source\portable\MemMang\heap_3.o
 .debug_aranges
                0x000000e0       0xe8 FreeRTOS_Source\queue.o
 .debug_aranges
                0x000001c8      0x1c0 FreeRTOS_Source\tasks.o
 .debug_aranges
                0x00000388       0xc8 FreeRTOS_Source\timers.o
 .debug_aranges
                0x00000450       0xa8 Libraries\STM32F10x_StdPeriph_Driver\src\stm32f10x_gpio.o
 .debug_aranges
                0x000004f8      0x118 Libraries\STM32F10x_StdPeriph_Driver\src\stm32f10x_rcc.o
 .debug_aranges
                0x00000610       0xa0 src\cc11x_class.o
 .debug_aranges
                0x000006b0       0xc8 src\eink_display.o
 .debug_aranges
                0x00000778       0x30 src\i2c_driver.o
 .debug_aranges
                0x000007a8       0x90 src\i2c_sensor.o
 .debug_aranges
                0x00000838       0x50 src\main.o
 .debug_aranges
                0x00000888       0x28 src\startup_stm32f10x_md.o
 .debug_aranges
                0x000008b0       0x50 src\stm32f1xx_it.o
 .debug_aranges
                0x00000900       0x38 src\system_stm32f10x.o
 .debug_aranges
                0x00000938       0x40 src\uart_com.o

.debug_ranges   0x00000000      0x870
 .debug_ranges  0x00000000       0x30 FreeRTOS_Source\list.o
 .debug_ranges  0x00000030       0x68 FreeRTOS_Source\portable\GCC\ARM_CM3\port.o
 .debug_ranges  0x00000098       0x18 FreeRTOS_Source\portable\MemMang\heap_3.o
 .debug_ranges  0x000000b0       0xd8 FreeRTOS_Source\queue.o
 .debug_ranges  0x00000188      0x1b0 FreeRTOS_Source\tasks.o
 .debug_ranges  0x00000338       0xb8 FreeRTOS_Source\timers.o
 .debug_ranges  0x000003f0       0x98 Libraries\STM32F10x_StdPeriph_Driver\src\stm32f10x_gpio.o
 .debug_ranges  0x00000488      0x108 Libraries\STM32F10x_StdPeriph_Driver\src\stm32f10x_rcc.o
 .debug_ranges  0x00000590       0x90 src\cc11x_class.o
 .debug_ranges  0x00000620       0xb8 src\eink_display.o
 .debug_ranges  0x000006d8       0x20 src\i2c_driver.o
 .debug_ranges  0x000006f8       0x80 src\i2c_sensor.o
 .debug_ranges  0x00000778       0x40 src\main.o
 .debug_ranges  0x000007b8       0x20 src\startup_stm32f10x_md.o
 .debug_ranges  0x000007d8       0x40 src\stm32f1xx_it.o
 .debug_ranges  0x00000818       0x28 src\system_stm32f10x.o
 .debug_ranges  0x00000840       0x30 src\uart_com.o

.debug_line     0x00000000     0x52f9
 .debug_line    0x00000000      0x2ec FreeRTOS_Source\list.o
 .debug_line    0x000002ec      0x37f FreeRTOS_Source\portable\GCC\ARM_CM3\port.o
 .debug_line    0x0000066b      0x19e FreeRTOS_Source\portable\MemMang\heap_3.o
 .debug_line    0x00000809      0xac0 FreeRTOS_Source\queue.o
 .debug_line    0x000012c9      0xdf1 FreeRTOS_Source\tasks.o
 .debug_line    0x000020ba      0x664 FreeRTOS_Source\timers.o
 .debug_line    0x0000271e      0x3c3 Libraries\STM32F10x_StdPeriph_Driver\src\stm32f10x_gpio.o
 .debug_line    0x00002ae1      0x4be Libraries\STM32F10x_StdPeriph_Driver\src\stm32f10x_rcc.o
 .debug_line    0x00002f9f      0x684 src\cc11x_class.o
 .debug_line    0x00003623      0x817 src\eink_display.o
 .debug_line    0x00003e3a      0x225 src\i2c_driver.o
 .debug_line    0x0000405f      0x417 src\i2c_sensor.o
 .debug_line    0x00004476      0x472 src\main.o
 .debug_line    0x000048e8       0x7c src\startup_stm32f10x_md.o
 .debug_line    0x00004964      0x20b src\stm32f1xx_it.o
 .debug_line    0x00004b6f      0x224 src\system_stm32f10x.o
 .debug_line    0x00004d93      0x566 src\uart_com.o

.debug_str      0x00000000     0x3881
 .debug_str     0x00000000      0x659 FreeRTOS_Source\list.o
                                0x6fc (size before relaxing)
 .debug_str     0x00000659      0x265 FreeRTOS_Source\portable\GCC\ARM_CM3\port.o
                                0x40c (size before relaxing)
 .debug_str     0x000008be       0x60 FreeRTOS_Source\portable\MemMang\heap_3.o
                                0x5ef (size before relaxing)
 .debug_str     0x0000091e      0x554 FreeRTOS_Source\queue.o
                                0xc47 (size before relaxing)
 .debug_str     0x00000e72      0xa6b FreeRTOS_Source\tasks.o
                               0x125c (size before relaxing)
 .debug_str     0x000018dd      0x439 FreeRTOS_Source\timers.o
                                0xb84 (size before relaxing)
 .debug_str     0x00001d16      0x390 Libraries\STM32F10x_StdPeriph_Driver\src\stm32f10x_gpio.o
                                0x57b (size before relaxing)
 .debug_str     0x000020a6      0x430 Libraries\STM32F10x_StdPeriph_Driver\src\stm32f10x_rcc.o
                                0x67c (size before relaxing)
 .debug_str     0x000024d6      0x56c src\cc11x_class.o
                                0x706 (size before relaxing)
 .debug_str     0x00002a42      0x4e6 src\eink_display.o
                                0xcf9 (size before relaxing)
 .debug_str     0x00002f28      0x14c src\i2c_driver.o
                                0x3cf (size before relaxing)
 .debug_str     0x00003074      0x3b0 src\i2c_sensor.o
                                0x8c0 (size before relaxing)
 .debug_str     0x00003424      0x15e src\main.o
                                0xb8e (size before relaxing)
 .debug_str     0x00003582      0x113 src\stm32f1xx_it.o
                                0x49f (size before relaxing)
 .debug_str     0x00003695       0xab src\system_stm32f10x.o
                                0x31d (size before relaxing)
 .debug_str     0x00003740      0x141 src\uart_com.o
                                0xaa0 (size before relaxing)

.comment        0x00000000       0x7c
 .comment       0x00000000       0x7c FreeRTOS_Source\list.o
                                 0x7d (size before relaxing)
 .comment       0x0000007c       0x7d FreeRTOS_Source\portable\GCC\ARM_CM3\port.o
 .comment       0x0000007c       0x7d FreeRTOS_Source\portable\MemMang\heap_3.o
 .comment       0x0000007c       0x7d FreeRTOS_Source\queue.o
 .comment       0x0000007c       0x7d FreeRTOS_Source\tasks.o
 .comment       0x0000007c       0x7d FreeRTOS_Source\timers.o
 .comment       0x0000007c       0x7d Libraries\STM32F10x_StdPeriph_Driver\src\stm32f10x_gpio.o
 .comment       0x0000007c       0x7d Libraries\STM32F10x_StdPeriph_Driver\src\stm32f10x_rcc.o
 .comment       0x0000007c       0x7d src\cc11x_class.o
 .comment       0x0000007c       0x7d src\eink_display.o
 .comment       0x0000007c       0x7d src\i2c_driver.o
 .comment       0x0000007c       0x7d src\i2c_sensor.o
 .comment       0x0000007c       0x7d src\main.o
 .comment       0x0000007c       0x7d src\stm32f1xx_it.o
 .comment       0x0000007c       0x7d src\system_stm32f10x.o
 .comment       0x0000007c       0x7d src\uart_com.o

.debug_frame    0x00000000     0x2d14
 .debug_frame   0x00000000       0xd8 FreeRTOS_Source\list.o
 .debug_frame   0x000000d8      0x198 FreeRTOS_Source\portable\GCC\ARM_CM3\port.o
 .debug_frame   0x00000270       0x58 FreeRTOS_Source\portable\MemMang\heap_3.o
 .debug_frame   0x000002c8      0x3cc FreeRTOS_Source\queue.o
 .debug_frame   0x00000694      0x794 FreeRTOS_Source\tasks.o
 .debug_frame   0x00000e28      0x33c FreeRTOS_Source\timers.o
 .debug_frame   0x00001164      0x2d0 Libraries\STM32F10x_StdPeriph_Driver\src\stm32f10x_gpio.o
 .debug_frame   0x00001434      0x4f4 Libraries\STM32F10x_StdPeriph_Driver\src\stm32f10x_rcc.o
 .debug_frame   0x00001928      0x294 src\cc11x_class.o
 .debug_frame   0x00001bbc      0x320 src\eink_display.o
 .debug_frame   0x00001edc       0x88 src\i2c_driver.o
 .debug_frame   0x00001f64      0x244 src\i2c_sensor.o
 .debug_frame   0x000021a8       0xec src\main.o
 .debug_frame   0x00002294       0xcc src\stm32f1xx_it.o
 .debug_frame   0x00002360       0x98 src\system_stm32f10x.o
 .debug_frame   0x000023f8       0xd0 src\uart_com.o
 .debug_frame   0x000024c8       0x28 d:/programs/truestudio for stm32 9.3.0/armtools/bin/../lib/gcc/arm-atollic-eabi/6.3.1/../../../../arm-atollic-eabi/lib/armv7-m\libstdc++_nano.a(new_op.o)
 .debug_frame   0x000024f0       0x30 d:/programs/truestudio for stm32 9.3.0/armtools/bin/../lib/gcc/arm-atollic-eabi/6.3.1/../../../../arm-atollic-eabi/lib/armv7-m\libstdc++_nano.a(new_handler.o)
 .debug_frame   0x00002520       0x40 d:/programs/truestudio for stm32 9.3.0/armtools/bin/../lib/gcc/arm-atollic-eabi/6.3.1/../../../../arm-atollic-eabi/lib/armv7-m\libm.a(lib_a-w_pow.o)
 .debug_frame   0x00002560       0x64 d:/programs/truestudio for stm32 9.3.0/armtools/bin/../lib/gcc/arm-atollic-eabi/6.3.1/../../../../arm-atollic-eabi/lib/armv7-m\libm.a(lib_a-e_pow.o)
 .debug_frame   0x000025c4       0x30 d:/programs/truestudio for stm32 9.3.0/armtools/bin/../lib/gcc/arm-atollic-eabi/6.3.1/../../../../arm-atollic-eabi/lib/armv7-m\libm.a(lib_a-e_sqrt.o)
 .debug_frame   0x000025f4       0x20 d:/programs/truestudio for stm32 9.3.0/armtools/bin/../lib/gcc/arm-atollic-eabi/6.3.1/../../../../arm-atollic-eabi/lib/armv7-m\libm.a(lib_a-s_fabs.o)
 .debug_frame   0x00002614       0x20 d:/programs/truestudio for stm32 9.3.0/armtools/bin/../lib/gcc/arm-atollic-eabi/6.3.1/../../../../arm-atollic-eabi/lib/armv7-m\libm.a(lib_a-s_finite.o)
 .debug_frame   0x00002634       0x20 d:/programs/truestudio for stm32 9.3.0/armtools/bin/../lib/gcc/arm-atollic-eabi/6.3.1/../../../../arm-atollic-eabi/lib/armv7-m\libm.a(lib_a-s_matherr.o)
 .debug_frame   0x00002654       0x20 d:/programs/truestudio for stm32 9.3.0/armtools/bin/../lib/gcc/arm-atollic-eabi/6.3.1/../../../../arm-atollic-eabi/lib/armv7-m\libm.a(lib_a-s_nan.o)
 .debug_frame   0x00002674       0x34 d:/programs/truestudio for stm32 9.3.0/armtools/bin/../lib/gcc/arm-atollic-eabi/6.3.1/../../../../arm-atollic-eabi/lib/armv7-m\libm.a(lib_a-s_rint.o)
 .debug_frame   0x000026a8       0x30 d:/programs/truestudio for stm32 9.3.0/armtools/bin/../lib/gcc/arm-atollic-eabi/6.3.1/../../../../arm-atollic-eabi/lib/armv7-m\libm.a(lib_a-s_scalbn.o)
 .debug_frame   0x000026d8       0x20 d:/programs/truestudio for stm32 9.3.0/armtools/bin/../lib/gcc/arm-atollic-eabi/6.3.1/../../../../arm-atollic-eabi/lib/armv7-m\libm.a(lib_a-s_copysign.o)
 .debug_frame   0x000026f8       0x28 d:/programs/truestudio for stm32 9.3.0/armtools/bin/../lib/gcc/arm-atollic-eabi/6.3.1/../../../../arm-atollic-eabi/lib/armv7-m\libc_nano.a(lib_a-abort.o)
 .debug_frame   0x00002720       0x20 d:/programs/truestudio for stm32 9.3.0/armtools/bin/../lib/gcc/arm-atollic-eabi/6.3.1/../../../../arm-atollic-eabi/lib/armv7-m\libc_nano.a(lib_a-errno.o)
 .debug_frame   0x00002740       0x2c d:/programs/truestudio for stm32 9.3.0/armtools/bin/../lib/gcc/arm-atollic-eabi/6.3.1/../../../../arm-atollic-eabi/lib/armv7-m\libc_nano.a(lib_a-init.o)
 .debug_frame   0x0000276c       0x38 d:/programs/truestudio for stm32 9.3.0/armtools/bin/../lib/gcc/arm-atollic-eabi/6.3.1/../../../../arm-atollic-eabi/lib/armv7-m\libc_nano.a(lib_a-itoa.o)
 .debug_frame   0x000027a4       0x30 d:/programs/truestudio for stm32 9.3.0/armtools/bin/../lib/gcc/arm-atollic-eabi/6.3.1/../../../../arm-atollic-eabi/lib/armv7-m\libc_nano.a(lib_a-malloc.o)
 .debug_frame   0x000027d4       0x28 d:/programs/truestudio for stm32 9.3.0/armtools/bin/../lib/gcc/arm-atollic-eabi/6.3.1/../../../../arm-atollic-eabi/lib/armv7-m\libc_nano.a(lib_a-memcpy-stub.o)
 .debug_frame   0x000027fc       0x38 d:/programs/truestudio for stm32 9.3.0/armtools/bin/../lib/gcc/arm-atollic-eabi/6.3.1/../../../../arm-atollic-eabi/lib/armv7-m\libc_nano.a(lib_a-nano-freer.o)
 .debug_frame   0x00002834       0x2c d:/programs/truestudio for stm32 9.3.0/armtools/bin/../lib/gcc/arm-atollic-eabi/6.3.1/../../../../arm-atollic-eabi/lib/armv7-m\libc_nano.a(lib_a-nano-mallocr.o)
 .debug_frame   0x00002860       0x2c d:/programs/truestudio for stm32 9.3.0/armtools/bin/../lib/gcc/arm-atollic-eabi/6.3.1/../../../../arm-atollic-eabi/lib/armv7-m\libc_nano.a(lib_a-sbrkr.o)
 .debug_frame   0x0000288c       0xcc d:/programs/truestudio for stm32 9.3.0/armtools/bin/../lib/gcc/arm-atollic-eabi/6.3.1/../../../../arm-atollic-eabi/lib/armv7-m\libc_nano.a(lib_a-signal.o)
 .debug_frame   0x00002958       0x3c d:/programs/truestudio for stm32 9.3.0/armtools/bin/../lib/gcc/arm-atollic-eabi/6.3.1/../../../../arm-atollic-eabi/lib/armv7-m\libc_nano.a(lib_a-signalr.o)
 .debug_frame   0x00002994       0x28 d:/programs/truestudio for stm32 9.3.0/armtools/bin/../lib/gcc/arm-atollic-eabi/6.3.1/../../../../arm-atollic-eabi/lib/armv7-m\libc_nano.a(lib_a-strcat.o)
 .debug_frame   0x000029bc       0x48 d:/programs/truestudio for stm32 9.3.0/armtools/bin/../lib/gcc/arm-atollic-eabi/6.3.1/../../../../arm-atollic-eabi/lib/armv7-m\libc_nano.a(lib_a-utoa.o)
 .debug_frame   0x00002a04       0x30 d:/programs/truestudio for stm32 9.3.0/armtools/bin/../lib/gcc/arm-atollic-eabi/6.3.1/../../../../arm-atollic-eabi/lib/armv7-m\libc_nano.a(lib_a-mlock.o)
 .debug_frame   0x00002a34       0x5c d:/programs/truestudio for stm32 9.3.0/armtools/bin/../lib/gcc/arm-atollic-eabi/6.3.1/../../../../arm-atollic-eabi/lib/armv7-m\libc_nano.a(lib_a-reent.o)
 .debug_frame   0x00002a90       0xac d:/programs/truestudio for stm32 9.3.0/armtools/bin/../lib/gcc/arm-atollic-eabi/6.3.1/armv7-m\libgcc.a(_arm_addsubdf3.o)
 .debug_frame   0x00002b3c       0x50 d:/programs/truestudio for stm32 9.3.0/armtools/bin/../lib/gcc/arm-atollic-eabi/6.3.1/armv7-m\libgcc.a(_arm_muldivdf3.o)
 .debug_frame   0x00002b8c       0xc4 d:/programs/truestudio for stm32 9.3.0/armtools/bin/../lib/gcc/arm-atollic-eabi/6.3.1/armv7-m\libgcc.a(_arm_cmpdf2.o)
 .debug_frame   0x00002c50       0x20 d:/programs/truestudio for stm32 9.3.0/armtools/bin/../lib/gcc/arm-atollic-eabi/6.3.1/armv7-m\libgcc.a(_arm_unorddf2.o)
 .debug_frame   0x00002c70       0x24 d:/programs/truestudio for stm32 9.3.0/armtools/bin/../lib/gcc/arm-atollic-eabi/6.3.1/armv7-m\libgcc.a(_arm_fixdfsi.o)
 .debug_frame   0x00002c94       0x20 d:/programs/truestudio for stm32 9.3.0/armtools/bin/../lib/gcc/arm-atollic-eabi/6.3.1/../../../../arm-atollic-eabi/lib/armv7-m\libnosys.a(getpid.o)
 .debug_frame   0x00002cb4       0x20 d:/programs/truestudio for stm32 9.3.0/armtools/bin/../lib/gcc/arm-atollic-eabi/6.3.1/../../../../arm-atollic-eabi/lib/armv7-m\libnosys.a(kill.o)
 .debug_frame   0x00002cd4       0x20 d:/programs/truestudio for stm32 9.3.0/armtools/bin/../lib/gcc/arm-atollic-eabi/6.3.1/../../../../arm-atollic-eabi/lib/armv7-m\libnosys.a(sbrk.o)
 .debug_frame   0x00002cf4       0x20 d:/programs/truestudio for stm32 9.3.0/armtools/bin/../lib/gcc/arm-atollic-eabi/6.3.1/../../../../arm-atollic-eabi/lib/armv7-m\libnosys.a(_exit.o)

.stab           0x00000000       0x3c
 .stab          0x00000000       0x24 d:/programs/truestudio for stm32 9.3.0/armtools/bin/../lib/gcc/arm-atollic-eabi/6.3.1/../../../../arm-atollic-eabi/lib/armv7-m\libnosys.a(getpid.o)
 .stab          0x00000024       0x18 d:/programs/truestudio for stm32 9.3.0/armtools/bin/../lib/gcc/arm-atollic-eabi/6.3.1/../../../../arm-atollic-eabi/lib/armv7-m\libnosys.a(kill.o)
                                 0x24 (size before relaxing)

.stabstr        0x00000000       0x76
 .stabstr       0x00000000       0x76 d:/programs/truestudio for stm32 9.3.0/armtools/bin/../lib/gcc/arm-atollic-eabi/6.3.1/../../../../arm-atollic-eabi/lib/armv7-m\libnosys.a(getpid.o)

Cross Reference Table

Symbol                                            File
ADC1_2_IRQHandler                                 src\startup_stm32f10x_md.o
ADC_AnalogWatchdogCmd                             Libraries\STM32F10x_StdPeriph_Driver\src\stm32f10x_adc.o
ADC_AnalogWatchdogSingleChannelConfig             Libraries\STM32F10x_StdPeriph_Driver\src\stm32f10x_adc.o
ADC_AnalogWatchdogThresholdsConfig                Libraries\STM32F10x_StdPeriph_Driver\src\stm32f10x_adc.o
ADC_AutoInjectedConvCmd                           Libraries\STM32F10x_StdPeriph_Driver\src\stm32f10x_adc.o
ADC_ClearFlag                                     Libraries\STM32F10x_StdPeriph_Driver\src\stm32f10x_adc.o
ADC_ClearITPendingBit                             Libraries\STM32F10x_StdPeriph_Driver\src\stm32f10x_adc.o
ADC_Cmd                                           Libraries\STM32F10x_StdPeriph_Driver\src\stm32f10x_adc.o
ADC_DMACmd                                        Libraries\STM32F10x_StdPeriph_Driver\src\stm32f10x_adc.o
ADC_DeInit                                        Libraries\STM32F10x_StdPeriph_Driver\src\stm32f10x_adc.o
ADC_DiscModeChannelCountConfig                    Libraries\STM32F10x_StdPeriph_Driver\src\stm32f10x_adc.o
ADC_DiscModeCmd                                   Libraries\STM32F10x_StdPeriph_Driver\src\stm32f10x_adc.o
ADC_ExternalTrigConvCmd                           Libraries\STM32F10x_StdPeriph_Driver\src\stm32f10x_adc.o
ADC_ExternalTrigInjectedConvCmd                   Libraries\STM32F10x_StdPeriph_Driver\src\stm32f10x_adc.o
ADC_ExternalTrigInjectedConvConfig                Libraries\STM32F10x_StdPeriph_Driver\src\stm32f10x_adc.o
ADC_GetCalibrationStatus                          Libraries\STM32F10x_StdPeriph_Driver\src\stm32f10x_adc.o
ADC_GetConversionValue                            Libraries\STM32F10x_StdPeriph_Driver\src\stm32f10x_adc.o
ADC_GetDualModeConversionValue                    Libraries\STM32F10x_StdPeriph_Driver\src\stm32f10x_adc.o
ADC_GetFlagStatus                                 Libraries\STM32F10x_StdPeriph_Driver\src\stm32f10x_adc.o
ADC_GetITStatus                                   Libraries\STM32F10x_StdPeriph_Driver\src\stm32f10x_adc.o
ADC_GetInjectedConversionValue                    Libraries\STM32F10x_StdPeriph_Driver\src\stm32f10x_adc.o
ADC_GetResetCalibrationStatus                     Libraries\STM32F10x_StdPeriph_Driver\src\stm32f10x_adc.o
ADC_GetSoftwareStartConvStatus                    Libraries\STM32F10x_StdPeriph_Driver\src\stm32f10x_adc.o
ADC_GetSoftwareStartInjectedConvCmdStatus         Libraries\STM32F10x_StdPeriph_Driver\src\stm32f10x_adc.o
ADC_ITConfig                                      Libraries\STM32F10x_StdPeriph_Driver\src\stm32f10x_adc.o
ADC_Init                                          Libraries\STM32F10x_StdPeriph_Driver\src\stm32f10x_adc.o
ADC_InjectedChannelConfig                         Libraries\STM32F10x_StdPeriph_Driver\src\stm32f10x_adc.o
ADC_InjectedDiscModeCmd                           Libraries\STM32F10x_StdPeriph_Driver\src\stm32f10x_adc.o
ADC_InjectedSequencerLengthConfig                 Libraries\STM32F10x_StdPeriph_Driver\src\stm32f10x_adc.o
ADC_RegularChannelConfig                          Libraries\STM32F10x_StdPeriph_Driver\src\stm32f10x_adc.o
ADC_ResetCalibration                              Libraries\STM32F10x_StdPeriph_Driver\src\stm32f10x_adc.o
ADC_SetInjectedOffset                             Libraries\STM32F10x_StdPeriph_Driver\src\stm32f10x_adc.o
ADC_SoftwareStartConvCmd                          Libraries\STM32F10x_StdPeriph_Driver\src\stm32f10x_adc.o
ADC_SoftwareStartInjectedConvCmd                  Libraries\STM32F10x_StdPeriph_Driver\src\stm32f10x_adc.o
ADC_StartCalibration                              Libraries\STM32F10x_StdPeriph_Driver\src\stm32f10x_adc.o
ADC_StructInit                                    Libraries\STM32F10x_StdPeriph_Driver\src\stm32f10x_adc.o
ADC_TempSensorVrefintCmd                          Libraries\STM32F10x_StdPeriph_Driver\src\stm32f10x_adc.o
AHBPrescTable                                     src\system_stm32f10x.o
ARadioTask(void*)                                 src\CC1101.o
ARadioTaskS(void*)                                src\CC1101.o
ATaskCanBus(void*)                                src\canbustask.o
BKP_ClearFlag                                     Libraries\STM32F10x_StdPeriph_Driver\src\stm32f10x_bkp.o
BKP_ClearITPendingBit                             Libraries\STM32F10x_StdPeriph_Driver\src\stm32f10x_bkp.o
BKP_DeInit                                        Libraries\STM32F10x_StdPeriph_Driver\src\stm32f10x_bkp.o
BKP_GetFlagStatus                                 Libraries\STM32F10x_StdPeriph_Driver\src\stm32f10x_bkp.o
BKP_GetITStatus                                   Libraries\STM32F10x_StdPeriph_Driver\src\stm32f10x_bkp.o
BKP_ITConfig                                      Libraries\STM32F10x_StdPeriph_Driver\src\stm32f10x_bkp.o
BKP_RTCOutputConfig                               Libraries\STM32F10x_StdPeriph_Driver\src\stm32f10x_bkp.o
BKP_ReadBackupRegister                            Libraries\STM32F10x_StdPeriph_Driver\src\stm32f10x_bkp.o
BKP_SetRTCCalibrationValue                        Libraries\STM32F10x_StdPeriph_Driver\src\stm32f10x_bkp.o
BKP_TamperPinCmd                                  Libraries\STM32F10x_StdPeriph_Driver\src\stm32f10x_bkp.o
BKP_TamperPinLevelConfig                          Libraries\STM32F10x_StdPeriph_Driver\src\stm32f10x_bkp.o
BKP_WriteBackupRegister                           Libraries\STM32F10x_StdPeriph_Driver\src\stm32f10x_bkp.o
BMP180_I2C_bus_read                               src\bmp_source\bmp180_support.o
BMP180_I2C_bus_write                              src\bmp_source\bmp180_support.o
BMP180_delay_msek                                 src\bmp_source\bmp180_support.o
BusFault_Handler                                  src\startup_stm32f10x_md.o
BusFault_Handler()                                src\stm32f1xx_it.o
CAN1_RX1_IRQHandler                               src\startup_stm32f10x_md.o
CAN1_SCE_IRQHandler                               src\startup_stm32f10x_md.o
CAN_CancelTransmit                                Libraries\STM32F10x_StdPeriph_Driver\src\stm32f10x_can.o
CAN_ClearFlag                                     Libraries\STM32F10x_StdPeriph_Driver\src\stm32f10x_can.o
CAN_ClearITPendingBit                             Libraries\STM32F10x_StdPeriph_Driver\src\stm32f10x_can.o
CAN_DBGFreeze                                     Libraries\STM32F10x_StdPeriph_Driver\src\stm32f10x_can.o
CAN_DeInit                                        Libraries\STM32F10x_StdPeriph_Driver\src\stm32f10x_can.o
CAN_FIFORelease                                   Libraries\STM32F10x_StdPeriph_Driver\src\stm32f10x_can.o
CAN_FilterInit                                    Libraries\STM32F10x_StdPeriph_Driver\src\stm32f10x_can.o
CAN_GetFlagStatus                                 Libraries\STM32F10x_StdPeriph_Driver\src\stm32f10x_can.o
CAN_GetITStatus                                   Libraries\STM32F10x_StdPeriph_Driver\src\stm32f10x_can.o
CAN_GetLSBTransmitErrorCounter                    Libraries\STM32F10x_StdPeriph_Driver\src\stm32f10x_can.o
CAN_GetLastErrorCode                              Libraries\STM32F10x_StdPeriph_Driver\src\stm32f10x_can.o
CAN_GetReceiveErrorCounter                        Libraries\STM32F10x_StdPeriph_Driver\src\stm32f10x_can.o
CAN_ITConfig                                      Libraries\STM32F10x_StdPeriph_Driver\src\stm32f10x_can.o
CAN_Init                                          Libraries\STM32F10x_StdPeriph_Driver\src\stm32f10x_can.o
CAN_MessagePending                                Libraries\STM32F10x_StdPeriph_Driver\src\stm32f10x_can.o
CAN_OperatingModeRequest                          Libraries\STM32F10x_StdPeriph_Driver\src\stm32f10x_can.o
CAN_Receive                                       Libraries\STM32F10x_StdPeriph_Driver\src\stm32f10x_can.o
CAN_SlaveStartBank                                Libraries\STM32F10x_StdPeriph_Driver\src\stm32f10x_can.o
CAN_Sleep                                         Libraries\STM32F10x_StdPeriph_Driver\src\stm32f10x_can.o
CAN_StructInit                                    Libraries\STM32F10x_StdPeriph_Driver\src\stm32f10x_can.o
CAN_TTComModeCmd                                  Libraries\STM32F10x_StdPeriph_Driver\src\stm32f10x_can.o
CAN_Transmit                                      Libraries\STM32F10x_StdPeriph_Driver\src\stm32f10x_can.o
CAN_TransmitStatus                                Libraries\STM32F10x_StdPeriph_Driver\src\stm32f10x_can.o
CAN_WakeUp                                        Libraries\STM32F10x_StdPeriph_Driver\src\stm32f10x_can.o
CEC_ClearFlag                                     Libraries\STM32F10x_StdPeriph_Driver\src\stm32f10x_cec.o
CEC_ClearITPendingBit                             Libraries\STM32F10x_StdPeriph_Driver\src\stm32f10x_cec.o
CEC_Cmd                                           Libraries\STM32F10x_StdPeriph_Driver\src\stm32f10x_cec.o
CEC_DeInit                                        Libraries\STM32F10x_StdPeriph_Driver\src\stm32f10x_cec.o
CEC_EndOfMessageCmd                               Libraries\STM32F10x_StdPeriph_Driver\src\stm32f10x_cec.o
CEC_GetFlagStatus                                 Libraries\STM32F10x_StdPeriph_Driver\src\stm32f10x_cec.o
CEC_GetITStatus                                   Libraries\STM32F10x_StdPeriph_Driver\src\stm32f10x_cec.o
CEC_ITConfig                                      Libraries\STM32F10x_StdPeriph_Driver\src\stm32f10x_cec.o
CEC_Init                                          Libraries\STM32F10x_StdPeriph_Driver\src\stm32f10x_cec.o
CEC_OwnAddressConfig                              Libraries\STM32F10x_StdPeriph_Driver\src\stm32f10x_cec.o
CEC_ReceiveDataByte                               Libraries\STM32F10x_StdPeriph_Driver\src\stm32f10x_cec.o
CEC_SendDataByte                                  Libraries\STM32F10x_StdPeriph_Driver\src\stm32f10x_cec.o
CEC_SetPrescaler                                  Libraries\STM32F10x_StdPeriph_Driver\src\stm32f10x_cec.o
CEC_StartOfMessage                                Libraries\STM32F10x_StdPeriph_Driver\src\stm32f10x_cec.o
CRC_CalcBlockCRC                                  Libraries\STM32F10x_StdPeriph_Driver\src\stm32f10x_crc.o
CRC_CalcCRC                                       Libraries\STM32F10x_StdPeriph_Driver\src\stm32f10x_crc.o
CRC_GetCRC                                        Libraries\STM32F10x_StdPeriph_Driver\src\stm32f10x_crc.o
CRC_GetIDRegister                                 Libraries\STM32F10x_StdPeriph_Driver\src\stm32f10x_crc.o
CRC_ResetDR                                       Libraries\STM32F10x_StdPeriph_Driver\src\stm32f10x_crc.o
CRC_SetIDRegister                                 Libraries\STM32F10x_StdPeriph_Driver\src\stm32f10x_crc.o
DAC_Cmd                                           Libraries\STM32F10x_StdPeriph_Driver\src\stm32f10x_dac.o
DAC_DMACmd                                        Libraries\STM32F10x_StdPeriph_Driver\src\stm32f10x_dac.o
DAC_DeInit                                        Libraries\STM32F10x_StdPeriph_Driver\src\stm32f10x_dac.o
DAC_DualSoftwareTriggerCmd                        Libraries\STM32F10x_StdPeriph_Driver\src\stm32f10x_dac.o
DAC_GetDataOutputValue                            Libraries\STM32F10x_StdPeriph_Driver\src\stm32f10x_dac.o
DAC_Init                                          Libraries\STM32F10x_StdPeriph_Driver\src\stm32f10x_dac.o
DAC_SetChannel1Data                               Libraries\STM32F10x_StdPeriph_Driver\src\stm32f10x_dac.o
DAC_SetChannel2Data                               Libraries\STM32F10x_StdPeriph_Driver\src\stm32f10x_dac.o
DAC_SetDualChannelData                            Libraries\STM32F10x_StdPeriph_Driver\src\stm32f10x_dac.o
DAC_SoftwareTriggerCmd                            Libraries\STM32F10x_StdPeriph_Driver\src\stm32f10x_dac.o
DAC_StructInit                                    Libraries\STM32F10x_StdPeriph_Driver\src\stm32f10x_dac.o
DAC_WaveGenerationCmd                             Libraries\STM32F10x_StdPeriph_Driver\src\stm32f10x_dac.o
DBGMCU_Config                                     Libraries\STM32F10x_StdPeriph_Driver\src\stm32f10x_dbgmcu.o
DBGMCU_GetDEVID                                   Libraries\STM32F10x_StdPeriph_Driver\src\stm32f10x_dbgmcu.o
DBGMCU_GetREVID                                   Libraries\STM32F10x_StdPeriph_Driver\src\stm32f10x_dbgmcu.o
DELAY_M(int)                                      src\eink_display.o
DELAY_S(int)                                      src\eink_display.o
DMA1_Channel1_IRQHandler                          src\startup_stm32f10x_md.o
DMA1_Channel2_IRQHandler                          src\startup_stm32f10x_md.o
DMA1_Channel3_IRQHandler                          src\startup_stm32f10x_md.o
DMA1_Channel4_IRQHandler                          src\startup_stm32f10x_md.o
DMA1_Channel5_IRQHandler                          src\startup_stm32f10x_md.o
DMA1_Channel6_IRQHandler                          src\startup_stm32f10x_md.o
DMA1_Channel7_IRQHandler                          src\startup_stm32f10x_md.o
DMA_ClearFlag                                     Libraries\STM32F10x_StdPeriph_Driver\src\stm32f10x_dma.o
DMA_ClearITPendingBit                             Libraries\STM32F10x_StdPeriph_Driver\src\stm32f10x_dma.o
DMA_Cmd                                           Libraries\STM32F10x_StdPeriph_Driver\src\stm32f10x_dma.o
DMA_DeInit                                        Libraries\STM32F10x_StdPeriph_Driver\src\stm32f10x_dma.o
DMA_GetCurrDataCounter                            Libraries\STM32F10x_StdPeriph_Driver\src\stm32f10x_dma.o
DMA_GetFlagStatus                                 Libraries\STM32F10x_StdPeriph_Driver\src\stm32f10x_dma.o
DMA_GetITStatus                                   Libraries\STM32F10x_StdPeriph_Driver\src\stm32f10x_dma.o
DMA_ITConfig                                      Libraries\STM32F10x_StdPeriph_Driver\src\stm32f10x_dma.o
DMA_Init                                          Libraries\STM32F10x_StdPeriph_Driver\src\stm32f10x_dma.o
DMA_SetCurrDataCounter                            Libraries\STM32F10x_StdPeriph_Driver\src\stm32f10x_dma.o
DMA_StructInit                                    Libraries\STM32F10x_StdPeriph_Driver\src\stm32f10x_dma.o
DebugMon_Handler                                  src\startup_stm32f10x_md.o
DebugMon_Handler()                                src\stm32f1xx_it.o
Default_Handler                                   src\startup_stm32f10x_md.o
EPD_W21_Init()                                    src\eink_display.o
EPD_W21_WriteCMD(unsigned char)                   src\eink_display.o
EPD_W21_WriteDATA(unsigned char)                  src\eink_display.o
EPD_init()                                        src\eink_display.o
EPD_refresh()                                     src\eink_display.o
EPD_sleep()                                       src\eink_display.o
EXTI0_IRQHandler                                  src\startup_stm32f10x_md.o
EXTI15_10_IRQHandler                              src\startup_stm32f10x_md.o
EXTI1_IRQHandler                                  src\startup_stm32f10x_md.o
EXTI2_IRQHandler                                  src\startup_stm32f10x_md.o
EXTI3_IRQHandler                                  src\startup_stm32f10x_md.o
EXTI4_IRQHandler                                  src\startup_stm32f10x_md.o
EXTI9_5_IRQHandler                                src\startup_stm32f10x_md.o
EXTI_ClearFlag                                    Libraries\STM32F10x_StdPeriph_Driver\src\stm32f10x_exti.o
EXTI_ClearITPendingBit                            Libraries\STM32F10x_StdPeriph_Driver\src\stm32f10x_exti.o
EXTI_DeInit                                       Libraries\STM32F10x_StdPeriph_Driver\src\stm32f10x_exti.o
EXTI_GenerateSWInterrupt                          Libraries\STM32F10x_StdPeriph_Driver\src\stm32f10x_exti.o
EXTI_GetFlagStatus                                Libraries\STM32F10x_StdPeriph_Driver\src\stm32f10x_exti.o
EXTI_GetITStatus                                  Libraries\STM32F10x_StdPeriph_Driver\src\stm32f10x_exti.o
EXTI_Init                                         Libraries\STM32F10x_StdPeriph_Driver\src\stm32f10x_exti.o
EXTI_StructInit                                   Libraries\STM32F10x_StdPeriph_Driver\src\stm32f10x_exti.o
FLASH_ClearFlag                                   Libraries\STM32F10x_StdPeriph_Driver\src\stm32f10x_flash.o