eink_display.cpp:14:6:void displayTask(void*)	16	static
eink_display.cpp:51:6:void GPIO_Configuration()	16	static
eink_display.cpp:90:6:void SPI_Delay(unsigned char)	24	static
eink_display.cpp:101:6:void SPI_Write(unsigned char)	24	static
eink_display.cpp:123:6:void EPD_W21_WriteCMD(unsigned char)	16	static
eink_display.cpp:132:6:void EPD_W21_WriteDATA(unsigned char)	16	static
eink_display.cpp:141:6:void EPD_W21_Init()	8	static
eink_display.cpp:150:6:void EPD_init()	8	static
eink_display.cpp:178:6:void EPD_refresh()	8	static
eink_display.cpp:184:6:void EPD_sleep()	8	static
eink_display.cpp:194:6:void PIC_display(const unsigned char*, const unsigned char*)	24	static
eink_display.cpp:215:6:void PIC_display_Clean()	16	static
eink_display.cpp:233:6:void lcd_chkstatus()	16	static
eink_display.cpp:246:6:void driver_delay_us(unsigned int)	16	static
eink_display.cpp:251:6:void driver_delay_xms(long unsigned int)	24	static
eink_display.cpp:260:6:void DELAY_S(int)	32	static
eink_display.cpp:272:6:void DELAY_M(int)	24	static
