eink_display.cpp:26:6:void displayTask(void*)	16	static
eink_display.cpp:50:6:void GPIO_Configuration()	16	static
eink_display.cpp:88:6:void setPix(uint32_t, uint32_t)	16	static
eink_display.cpp:93:6:void clearPix(uint32_t, uint32_t)	16	static
eink_display.cpp:99:6:void clearDispRAM()	16	static
eink_display.cpp:108:6:void wtireString(char*, uint32_t, uint32_t, uint32_t)	48	static
eink_display.cpp:143:6:void SPI_Delay(unsigned char)	24	static
eink_display.cpp:154:6:void SPI_Write(unsigned char)	24	static
eink_display.cpp:176:6:void EPD_W21_WriteCMD(unsigned char)	16	static
eink_display.cpp:185:6:void EPD_W21_WriteDATA(unsigned char)	16	static
eink_display.cpp:194:6:void EPD_W21_Init()	8	static
eink_display.cpp:203:6:void EPD_init()	8	static
eink_display.cpp:231:6:void EPD_refresh()	8	static
eink_display.cpp:237:6:void EPD_sleep()	8	static
eink_display.cpp:247:6:void PIC_display(const unsigned char*, const unsigned char*)	24	static
eink_display.cpp:265:6:void PIC_display_Clean()	16	static
eink_display.cpp:283:6:void lcd_chkstatus()	16	static
eink_display.cpp:296:6:void driver_delay_us(unsigned int)	16	static
eink_display.cpp:301:6:void driver_delay_xms(long unsigned int)	24	static
eink_display.cpp:310:6:void DELAY_S(int)	32	static
eink_display.cpp:322:6:void DELAY_M(int)	24	static
