eink_display.cpp:14:6:void displayTask(void*)	16	static
eink_display.cpp:46:6:void SPI_Delay(unsigned char)	24	static
eink_display.cpp:57:6:void SPI_Write(unsigned char)	24	static
eink_display.cpp:79:6:void EPD_W21_WriteCMD(unsigned char)	16	static
eink_display.cpp:88:6:void EPD_W21_WriteDATA(unsigned char)	16	static
eink_display.cpp:97:6:void EPD_W21_Init()	8	static
eink_display.cpp:106:6:void EPD_init()	8	static
eink_display.cpp:134:6:void EPD_refresh()	8	static
eink_display.cpp:140:6:void EPD_sleep()	8	static
eink_display.cpp:150:6:void PIC_display(const unsigned char*, const unsigned char*)	24	static
eink_display.cpp:168:6:void PIC_display_Clean()	16	static
eink_display.cpp:186:6:void lcd_chkstatus()	16	static
eink_display.cpp:199:6:void driver_delay_us(unsigned int)	16	static
eink_display.cpp:204:6:void driver_delay_xms(long unsigned int)	24	static
eink_display.cpp:213:6:void DELAY_S(int)	32	static
eink_display.cpp:225:6:void DELAY_M(int)	24	static
