eink_display.cpp:30:6:void displayTask(void*)	72	static
eink_display.cpp:74:6:void GPIO_Configuration()	16	static
eink_display.cpp:112:6:void setPix(uint32_t, uint32_t)	16	static
eink_display.cpp:117:6:void clearPix(uint32_t, uint32_t)	16	static
eink_display.cpp:123:6:void clearDispRAM()	16	static
eink_display.cpp:132:6:void wtireString(char*, uint32_t, uint32_t, uint32_t)	48	static
eink_display.cpp:167:6:void wtireString90(char*, uint32_t, uint32_t, uint32_t)	48	static
eink_display.cpp:202:6:void SPI_Delay(unsigned char)	24	static
eink_display.cpp:213:6:void SPI_Write(unsigned char)	24	static
eink_display.cpp:235:6:void EPD_W21_WriteCMD(unsigned char)	16	static
eink_display.cpp:244:6:void EPD_W21_WriteDATA(unsigned char)	16	static
eink_display.cpp:253:6:void EPD_W21_Init()	8	static
eink_display.cpp:262:6:void EPD_init()	8	static
eink_display.cpp:290:6:void EPD_refresh()	8	static
eink_display.cpp:296:6:void EPD_sleep()	8	static
eink_display.cpp:306:6:void PIC_display(const unsigned char*, const unsigned char*)	24	static
eink_display.cpp:324:6:void PIC_display_Clean()	16	static
eink_display.cpp:342:6:void lcd_chkstatus()	16	static
eink_display.cpp:355:6:void driver_delay_us(unsigned int)	16	static
eink_display.cpp:360:6:void driver_delay_xms(long unsigned int)	24	static
eink_display.cpp:369:6:void DELAY_S(int)	32	static
eink_display.cpp:381:6:void DELAY_M(int)	24	static
