core_cm3.h:984:22:void NVIC_ClearPendingIRQ(IRQn_Type)	16	static
stm32f1xx_it.cpp:56:6:void NMI_Handler()	4	static
stm32f1xx_it.cpp:65:6:void HardFault_Handler()	4	static
stm32f1xx_it.cpp:78:6:void MemManage_Handler()	4	static
stm32f1xx_it.cpp:91:6:void BusFault_Handler()	4	static
stm32f1xx_it.cpp:104:6:void UsageFault_Handler()	4	static
stm32f1xx_it.cpp:124:6:void DebugMon_Handler()	4	static
stm32f1xx_it.cpp:130:6:void I2C1_EV_IRQHandler()	8	static
stm32f1xx_it.cpp:139:6:void I2C1_ER_IRQHandler()	8	static
